Component: Arm Compiler for Embedded 6.24 Tool: armlink [5f371500]

==============================================================================

Section Cross References

    startup_stm32f103xb.o(STACK) refers (Special) to heapauxi.o(.text) for __use_two_region_memory
    startup_stm32f103xb.o(HEAP) refers (Special) to heapauxi.o(.text) for __use_two_region_memory
    startup_stm32f103xb.o(RESET) refers (Special) to heapauxi.o(.text) for __use_two_region_memory
    startup_stm32f103xb.o(RESET) refers to startup_stm32f103xb.o(STACK) for __initial_sp
    startup_stm32f103xb.o(RESET) refers to startup_stm32f103xb.o(.text) for Reset_Handler
    startup_stm32f103xb.o(RESET) refers to stm32f1xx_it.o(.text.NMI_Handler) for NMI_Handler
    startup_stm32f103xb.o(RESET) refers to stm32f1xx_it.o(.text.HardFault_Handler) for HardFault_Handler
    startup_stm32f103xb.o(RESET) refers to stm32f1xx_it.o(.text.MemManage_Handler) for MemManage_Handler
    startup_stm32f103xb.o(RESET) refers to stm32f1xx_it.o(.text.BusFault_Handler) for BusFault_Handler
    startup_stm32f103xb.o(RESET) refers to stm32f1xx_it.o(.text.UsageFault_Handler) for UsageFault_Handler
    startup_stm32f103xb.o(RESET) refers to stm32f1xx_it.o(.text.SVC_Handler) for SVC_Handler
    startup_stm32f103xb.o(RESET) refers to stm32f1xx_it.o(.text.DebugMon_Handler) for DebugMon_Handler
    startup_stm32f103xb.o(RESET) refers to stm32f1xx_it.o(.text.PendSV_Handler) for PendSV_Handler
    startup_stm32f103xb.o(RESET) refers to stm32f1xx_it.o(.text.SysTick_Handler) for SysTick_Handler
    startup_stm32f103xb.o(RESET) refers to stm32f1xx_it.o(.text.DMA1_Channel1_IRQHandler) for DMA1_Channel1_IRQHandler
    startup_stm32f103xb.o(RESET) refers to stm32f1xx_it.o(.text.DMA1_Channel2_IRQHandler) for DMA1_Channel2_IRQHandler
    startup_stm32f103xb.o(RESET) refers to stm32f1xx_it.o(.text.DMA1_Channel3_IRQHandler) for DMA1_Channel3_IRQHandler
    startup_stm32f103xb.o(RESET) refers to stm32f1xx_it.o(.text.DMA1_Channel5_IRQHandler) for DMA1_Channel5_IRQHandler
    startup_stm32f103xb.o(RESET) refers to stm32f1xx_it.o(.text.DMA1_Channel6_IRQHandler) for DMA1_Channel6_IRQHandler
    startup_stm32f103xb.o(RESET) refers to stm32f1xx_it.o(.text.DMA1_Channel7_IRQHandler) for DMA1_Channel7_IRQHandler
    startup_stm32f103xb.o(RESET) refers to stm32f1xx_it.o(.text.USB_LP_CAN1_RX0_IRQHandler) for USB_LP_CAN1_RX0_IRQHandler
    startup_stm32f103xb.o(RESET) refers to stm32f1xx_it.o(.text.TIM2_IRQHandler) for TIM2_IRQHandler
    startup_stm32f103xb.o(RESET) refers to stm32f1xx_it.o(.text.TIM4_IRQHandler) for TIM4_IRQHandler
    startup_stm32f103xb.o(.text) refers (Special) to heapauxi.o(.text) for __use_two_region_memory
    startup_stm32f103xb.o(.text) refers to system_stm32f1xx.o(.text.SystemInit) for SystemInit
    startup_stm32f103xb.o(.text) refers to __main.o(!!!main) for __main
    startup_stm32f103xb.o(.text) refers to startup_stm32f103xb.o(HEAP) for Heap_Mem
    startup_stm32f103xb.o(.text) refers to startup_stm32f103xb.o(STACK) for Stack_Mem
    main.o(.text.KeyScan_TimerTick) refers to main.o(.bss.pending_hit_key) for pending_hit_key
    main.o(.text.KeyScan_TimerTick) refers to main.o(.text.ReadPressedHitButtonRaw) for ReadPressedHitButtonRaw
    main.o(.ARM.exidx.text.KeyScan_TimerTick) refers to main.o(.text.KeyScan_TimerTick) for [Anonymous Symbol]
    main.o(.text.ReadPressedHitButtonRaw) refers to main.o(.rodata.kHitButtons) for kHitButtons
    main.o(.text.ReadPressedHitButtonRaw) refers to stm32f1xx_hal_gpio.o(.text.HAL_GPIO_ReadPin) for HAL_GPIO_ReadPin
    main.o(.ARM.exidx.text.ReadPressedHitButtonRaw) refers to main.o(.text.ReadPressedHitButtonRaw) for [Anonymous Symbol]
    main.o(.text.main) refers to stm32f1xx_hal.o(.text.HAL_Init) for HAL_Init
    main.o(.text.main) refers to main.o(.text.SystemClock_Config) for SystemClock_Config
    main.o(.text.main) refers to gpio.o(.text.MX_GPIO_Init) for MX_GPIO_Init
    main.o(.text.main) refers to dma.o(.text.MX_DMA_Init) for MX_DMA_Init
    main.o(.text.main) refers to tim.o(.text.MX_TIM2_Init) for MX_TIM2_Init
    main.o(.text.main) refers to can.o(.text.MX_CAN_Init) for MX_CAN_Init
    main.o(.text.main) refers to tim.o(.text.MX_TIM3_Init) for MX_TIM3_Init
    main.o(.text.main) refers to tim.o(.text.MX_TIM4_Init) for MX_TIM4_Init
    main.o(.text.main) refers to stm32f1xx_hal.o(.text.HAL_GetTick) for HAL_GetTick
    main.o(.text.main) refers to tim.o(.bss.htim4) for htim4
    main.o(.text.main) refers to stm32f1xx_hal_tim.o(.text.HAL_TIM_Base_Start_IT) for HAL_TIM_Base_Start_IT
    main.o(.text.main) refers to main.o(.text.Error_Handler) for Error_Handler
    main.o(.text.main) refers to can_task.o(.text.CAN_Filter_Init) for CAN_Filter_Init
    main.o(.text.main) refers to ws2812.o(.text.WS2812_Init) for WS2812_Init
    main.o(.text.main) refers to ws2812.o(.text.WS2812_SetAll) for WS2812_SetAll
    main.o(.text.main) refers to main.o(.text.KeepDin5AlwaysOn) for KeepDin5AlwaysOn
[...]
    ../clib/stdlib.c                         0x00000000   Number         0  exit.o ABSOLUTE
    ../fplib/fpinit.s                        0x00000000   Number         0  fpinit.o ABSOLUTE
    ../fplib/fpinit_empty.s                  0x00000000   Number         0  fpinit_empty.o ABSOLUTE
    WS2812.c                                 0x00000000   Number         0  ws2812.o ABSOLUTE
    can.c                                    0x00000000   Number         0  can.o ABSOLUTE
    can_task.c                               0x00000000   Number         0  can_task.o ABSOLUTE
    dc.s                                     0x00000000   Number         0  dc.o ABSOLUTE
    dma.c                                    0x00000000   Number         0  dma.o ABSOLUTE
    gpio.c                                   0x00000000   Number         0  gpio.o ABSOLUTE
    led_rings.c                              0x00000000   Number         0  led_rings.o ABSOLUTE
    main.c                                   0x00000000   Number         0  main.o ABSOLUTE
    startup_stm32f103xb.s                    0x00000000   Number         0  startup_stm32f103xb.o ABSOLUTE
    stm32f1xx_hal.c                          0x00000000   Number         0  stm32f1xx_hal.o ABSOLUTE
    stm32f1xx_hal_can.c                      0x00000000   Number         0  stm32f1xx_hal_can.o ABSOLUTE
    stm32f1xx_hal_cortex.c                   0x00000000   Number         0  stm32f1xx_hal_cortex.o ABSOLUTE
    stm32f1xx_hal_dma.c                      0x00000000   Number         0  stm32f1xx_hal_dma.o ABSOLUTE
    stm32f1xx_hal_exti.c                     0x00000000   Number         0  stm32f1xx_hal_exti.o ABSOLUTE
    stm32f1xx_hal_flash.c                    0x00000000   Number         0  stm32f1xx_hal_flash.o ABSOLUTE
    stm32f1xx_hal_flash_ex.c                 0x00000000   Number         0  stm32f1xx_hal_flash_ex.o ABSOLUTE
    stm32f1xx_hal_gpio.c                     0x00000000   Number         0  stm32f1xx_hal_gpio.o ABSOLUTE
    stm32f1xx_hal_gpio_ex.c                  0x00000000   Number         0  stm32f1xx_hal_gpio_ex.o ABSOLUTE
    stm32f1xx_hal_msp.c                      0x00000000   Number         0  stm32f1xx_hal_msp.o ABSOLUTE
    stm32f1xx_hal_pwr.c                      0x00000000   Number         0  stm32f1xx_hal_pwr.o ABSOLUTE
    stm32f1xx_hal_rcc.c                      0x00000000   Number         0  stm32f1xx_hal_rcc.o ABSOLUTE
    stm32f1xx_hal_rcc_ex.c                   0x00000000   Number         0  stm32f1xx_hal_rcc_ex.o ABSOLUTE
    stm32f1xx_hal_tim.c                      0x00000000   Number         0  stm32f1xx_hal_tim.o ABSOLUTE
    stm32f1xx_hal_tim_ex.c                   0x00000000   Number         0  stm32f1xx_hal_tim_ex.o ABSOLUTE
    stm32f1xx_it.c                           0x00000000   Number         0  stm32f1xx_it.o ABSOLUTE
    system_stm32f1xx.c                       0x00000000   Number         0  system_stm32f1xx.o ABSOLUTE
    tim.c                                    0x00000000   Number         0  tim.o ABSOLUTE
    RESET                                    0x08000000   Section      236  startup_stm32f103xb.o(RESET)
    !!!main                                  0x080000ec   Section        8  __main.o(!!!main)
    !!!scatter                               0x080000f4   Section       92  __scatter.o(!!!scatter)
    !!handler_copy                           0x08000150   Section       26  __scatter_copy.o(!!handler_copy)
    !!handler_null                           0x0800016c   Section        2  __scatter.o(!!handler_null)
    !!handler_zi                             0x08000170   Section       28  __scatter_zi.o(!!handler_zi)
    .ARM.Collect$$libinit$$00000000          0x0800018c   Section        2  libinit.o(.ARM.Collect$$libinit$$00000000)
    .ARM.Collect$$libinit$$00000002          0x0800018e   Section        0  libinit2.o(.ARM.Collect$$libinit$$00000002)
    .ARM.Collect$$libinit$$00000004          0x0800018e   Section        0  libinit2.o(.ARM.Collect$$libinit$$00000004)
    .ARM.Collect$$libinit$$00000006          0x0800018e   Section        0  libinit2.o(.ARM.Collect$$libinit$$00000006)
    .ARM.Collect$$libinit$$0000000C          0x0800018e   Section        0  libinit2.o(.ARM.Collect$$libinit$$0000000C)
    .ARM.Collect$$libinit$$0000000E          0x0800018e   Section        0  libinit2.o(.ARM.Collect$$libinit$$0000000E)
    .ARM.Collect$$libinit$$00000010          0x0800018e   Section        0  libinit2.o(.ARM.Collect$$libinit$$00000010)
    .ARM.Collect$$libinit$$00000013          0x0800018e   Section        0  libinit2.o(.ARM.Collect$$libinit$$00000013)
    .ARM.Collect$$libinit$$00000015          0x0800018e   Section        0  libinit2.o(.ARM.Collect$$libinit$$00000015)
    .ARM.Collect$$libinit$$00000017          0x0800018e   Section        0  libinit2.o(.ARM.Collect$$libinit$$00000017)
    .ARM.Collect$$libinit$$00000019          0x0800018e   Section        0  libinit2.o(.ARM.Collect$$libinit$$00000019)
    .ARM.Collect$$libinit$$0000001B          0x0800018e   Section        0  libinit2.o(.ARM.Collect$$libinit$$0000001B)
    .ARM.Collect$$libinit$$0000001D          0x0800018e   Section        0  libinit2.o(.ARM.Collect$$libinit$$0000001D)
    .ARM.Collect$$libinit$$0000001F          0x0800018e   Section        0  libinit2.o(.ARM.Collect$$libinit$$0000001F)
    .ARM.Collect$$libinit$$00000021          0x0800018e   Section        0  libinit2.o(.ARM.Collect$$libinit$$00000021)
    .ARM.Collect$$libinit$$00000023          0x0800018e   Section        0  libinit2.o(.ARM.Collect$$libinit$$00000023)
    .ARM.Collect$$libinit$$00000025          0x0800018e   Section        0  libinit2.o(.ARM.Collect$$libinit$$00000025)
    .ARM.Collect$$libinit$$00000027          0x0800018e   Section        0  libinit2.o(.ARM.Collect$$libinit$$00000027)
    .ARM.Collect$$libinit$$0000002E          0x0800018e   Section        0  libinit2.o(.ARM.Collect$$libinit$$0000002E)
    .ARM.Collect$$libinit$$00000030          0x0800018e   Section        0  libinit2.o(.ARM.Collect$$libinit$$00000030)
    .ARM.Collect$$libinit$$00000032          0x0800018e   Section        0  libinit2.o(.ARM.Collect$$libinit$$00000032)
    .ARM.Collect$$libinit$$00000034          0x0800018e   Section        0  libinit2.o(.ARM.Collect$$libinit$$00000034)
    .ARM.Collect$$libinit$$00000035          0x0800018e   Section        2  libinit2.o(.ARM.Collect$$libinit$$00000035)
    .ARM.Collect$$libshutdown$$00000000      0x08000190   Section        2  libshutdown.o(.ARM.Collect$$libshutdown$$00000000)
    .ARM.Collect$$libshutdown$$00000002      0x08000192   Section        0  libshutdown2.o(.ARM.Collect$$libshutdown$$00000002)
    .ARM.Collect$$libshutdown$$00000004      0x08000192   Section        0  libshutdown2.o(.ARM.Collect$$libshutdown$$00000004)
    .ARM.Collect$$libshutdown$$00000007      0x08000192   Section        0  libshutdown2.o(.ARM.Collect$$libshutdown$$00000007)
    .ARM.Collect$$libshutdown$$0000000A      0x08000192   Section        0  libshutdown2.o(.ARM.Collect$$libshutdown$$0000000A)
    .ARM.Collect$$libshutdown$$0000000C      0x08000192   Section        0  libshutdown2.o(.ARM.Collect$$libshutdown$$0000000C)
    .ARM.Collect$$libshutdown$$0000000F      0x08000192   Section        0  libshutdown2.o(.ARM.Collect$$libshutdown$$0000000F)
    .ARM.Collect$$libshutdown$$00000010      0x08000192   Section        2  libshutdown2.o(.ARM.Collect$$libshutdown$$00000010)
    .ARM.Collect$$rtentry$$00000000          0x08000194   Section        0  __rtentry.o(.ARM.Collect$$rtentry$$00000000)
    .ARM.Collect$$rtentry$$00000002          0x08000194   Section        0  __rtentry2.o(.ARM.Collect$$rtentry$$00000002)
    .ARM.Collect$$rtentry$$00000004          0x08000194   Section        6  __rtentry4.o(.ARM.Collect$$rtentry$$00000004)
    .ARM.Collect$$rtentry$$00000009          0x0800019a   Section        0  __rtentry2.o(.ARM.Collect$$rtentry$$00000009)
    .ARM.Collect$$rtentry$$0000000A          0x0800019a   Section        4  __rtentry2.o(.ARM.Collect$$rtentry$$0000000A)
    .ARM.Collect$$rtentry$$0000000C          0x0800019e   Section        0  __rtentry2.o(.ARM.Collect$$rtentry$$0000000C)
    .ARM.Collect$$rtentry$$0000000D          0x0800019e   Section        8  __rtentry2.o(.ARM.Collect$$rtentry$$0000000D)
    .ARM.Collect$$rtexit$$00000000           0x080001a6   Section        2  rtexit.o(.ARM.Collect$$rtexit$$00000000)
    .ARM.Collect$$rtexit$$00000002           0x080001a8   Section        0  rtexit2.o(.ARM.Collect$$rtexit$$00000002)
    .ARM.Collect$$rtexit$$00000003           0x080001a8   Section        4  rtexit2.o(.ARM.Collect$$rtexit$$00000003)
    .ARM.Collect$$rtexit$$00000004           0x080001ac   Section        6  rtexit2.o(.ARM.Collect$$rtexit$$00000004)
    .text                                    0x080001b4   Section       64  startup_stm32f103xb.o(.text)
    .text                                    0x080001f4   Section       68  rt_memclr.o(.text)
    .text                                    0x08000238   Section       78  rt_memclr_w.o(.text)
    .text                                    0x08000286   Section        0  heapauxi.o(.text)
    .text                                    0x0800028c   Section       74  sys_stackheap_outer.o(.text)
    .text                                    0x080002d6   Section        0  exit.o(.text)
    .text                                    0x080002e8   Section        8  libspace.o(.text)
    .text                                    0x080002f0   Section        0  sys_exit.o(.text)
    .text                                    0x080002fc   Section        2  use_no_semi.o(.text)
    .text                                    0x080002fe   Section        0  indicate_semi.o(.text)
    [Anonymous Symbol]                       0x08000300   Section        0  stm32f1xx_it.o(.text.BusFault_Handler)
    [Anonymous Symbol]                       0x08000304   Section        0  can_task.o(.text.CAN_Calc)
    [Anonymous Symbol]                       0x08000368   Section        0  can_task.o(.text.CAN_Filter_Init)
    [Anonymous Symbol]                       0x080003bc   Section        0  stm32f1xx_it.o(.text.DMA1_Channel1_IRQHandler)
    [Anonymous Symbol]                       0x080003cc   Section        0  stm32f1xx_it.o(.text.DMA1_Channel2_IRQHandler)
    [Anonymous Symbol]                       0x080003dc   Section        0  stm32f1xx_it.o(.text.DMA1_Channel3_IRQHandler)
    [Anonymous Symbol]                       0x080003ec   Section        0  stm32f1xx_it.o(.text.DMA1_Channel5_IRQHandler)
    [Anonymous Symbol]                       0x080003fc   Section        0  stm32f1xx_it.o(.text.DMA1_Channel6_IRQHandler)
    [Anonymous Symbol]                       0x0800040c   Section        0  stm32f1xx_it.o(.text.DMA1_Channel7_IRQHandler)
    DMA_SetConfig                            0x0800041d   Thumb Code    80  stm32f1xx_hal_dma.o(.text.DMA_SetConfig)
    [Anonymous Symbol]                       0x0800041c   Section        0  stm32f1xx_hal_dma.o(.text.DMA_SetConfig)
    [Anonymous Symbol]                       0x0800046c   Section        0  stm32f1xx_it.o(.text.DebugMon_Handler)
    DrawFlowOnDin3                           0x08000471   Thumb Code   246  main.o(.text.DrawFlowOnDin3)
    [Anonymous Symbol]                       0x08000470   Section        0  main.o(.text.DrawFlowOnDin3)
    DrawPendingPattern                       0x08000569   Thumb Code    50  main.o(.text.DrawPendingPattern)
    [Anonymous Symbol]                       0x08000568   Section        0  main.o(.text.DrawPendingPattern)
    DrawSelectedPattern                      0x0800059d   Thumb Code    66  main.o(.text.DrawSelectedPattern)
    [Anonymous Symbol]                       0x0800059c   Section        0  main.o(.text.DrawSelectedPattern)
    [Anonymous Symbol]                       0x080005e0   Section        0  main.o(.text.Error_Handler)
    GetPressedHitButton                      0x080005f1   Thumb Code    46  main.o(.text.GetPressedHitButton)
    [Anonymous Symbol]                       0x080005f0   Section        0  main.o(.text.GetPressedHitButton)
    [Anonymous Symbol]                       0x08000620   Section        0  stm32f1xx_hal_can.o(.text.HAL_CAN_ActivateNotification)
    [Anonymous Symbol]                       0x08000674   Section        0  stm32f1xx_hal_can.o(.text.HAL_CAN_AddTxMessage)
    [Anonymous Symbol]                       0x080007cc   Section        0  stm32f1xx_hal_can.o(.text.HAL_CAN_ConfigFilter)
    [Anonymous Symbol]                       0x08000948   Section        0  stm32f1xx_hal_can.o(.text.HAL_CAN_ErrorCallback)
    [Anonymous Symbol]                       0x08000950   Section        0  stm32f1xx_hal_can.o(.text.HAL_CAN_GetRxMessage)
    [Anonymous Symbol]                       0x08000b64   Section        0  stm32f1xx_hal_can.o(.text.HAL_CAN_IRQHandler)
    [Anonymous Symbol]                       0x08000f58   Section        0  stm32f1xx_hal_can.o(.text.HAL_CAN_Init)
    [Anonymous Symbol]                       0x08001138   Section        0  can.o(.text.HAL_CAN_MspInit)
    [Anonymous Symbol]                       0x080011e8   Section        0  stm32f1xx_hal_can.o(.text.HAL_CAN_RxFifo0FullCallback)
    [Anonymous Symbol]                       0x080011f0   Section        0  can_task.o(.text.HAL_CAN_RxFifo0MsgPendingCallback)
    [Anonymous Symbol]                       0x08001224   Section        0  stm32f1xx_hal_can.o(.text.HAL_CAN_RxFifo1FullCallback)
    [Anonymous Symbol]                       0x0800122c   Section        0  stm32f1xx_hal_can.o(.text.HAL_CAN_RxFifo1MsgPendingCallback)
    [Anonymous Symbol]                       0x08001234   Section        0  stm32f1xx_hal_can.o(.text.HAL_CAN_SleepCallback)
    [Anonymous Symbol]                       0x0800123c   Section        0  stm32f1xx_hal_can.o(.text.HAL_CAN_Start)
    [Anonymous Symbol]                       0x080012c8   Section        0  stm32f1xx_hal_can.o(.text.HAL_CAN_TxMailbox0AbortCallback)
    [Anonymous Symbol]                       0x080012d0   Section        0  stm32f1xx_hal_can.o(.text.HAL_CAN_TxMailbox0CompleteCallback)
    [Anonymous Symbol]                       0x080012d8   Section        0  stm32f1xx_hal_can.o(.text.HAL_CAN_TxMailbox1AbortCallback)
    [Anonymous Symbol]                       0x080012e0   Section        0  stm32f1xx_hal_can.o(.text.HAL_CAN_TxMailbox1CompleteCallback)
    [Anonymous Symbol]                       0x080012e8   Section        0  stm32f1xx_hal_can.o(.text.HAL_CAN_TxMailbox2AbortCallback)
    [Anonymous Symbol]                       0x080012f0   Section        0  stm32f1xx_hal_can.o(.text.HAL_CAN_TxMailbox2CompleteCallback)
    [Anonymous Symbol]                       0x080012f8   Section        0  stm32f1xx_hal_can.o(.text.HAL_CAN_WakeUpFromRxMsgCallback)
    [Anonymous Symbol]                       0x08001300   Section        0  stm32f1xx_hal_dma.o(.text.HAL_DMA_Abort_IT)
    [Anonymous Symbol]                       0x0800141c   Section        0  stm32f1xx_hal_dma.o(.text.HAL_DMA_IRQHandler)
    [Anonymous Symbol]                       0x080016a4   Section        0  stm32f1xx_hal_dma.o(.text.HAL_DMA_Init)
    [Anonymous Symbol]                       0x08001754   Section        0  stm32f1xx_hal_dma.o(.text.HAL_DMA_Start_IT)
    [Anonymous Symbol]                       0x08001820   Section        0  stm32f1xx_hal.o(.text.HAL_Delay)
    [Anonymous Symbol]                       0x08001864   Section        0  stm32f1xx_hal_gpio.o(.text.HAL_GPIO_Init)
    [Anonymous Symbol]                       0x08001b84   Section        0  stm32f1xx_hal_gpio.o(.text.HAL_GPIO_ReadPin)
    [Anonymous Symbol]                       0x08001bb4   Section        0  stm32f1xx_hal.o(.text.HAL_GetTick)
    [Anonymous Symbol]                       0x08001bc0   Section        0  stm32f1xx_hal.o(.text.HAL_IncTick)
    [Anonymous Symbol]                       0x08001bdc   Section        0  stm32f1xx_hal.o(.text.HAL_Init)
    [Anonymous Symbol]                       0x08001c04   Section        0  stm32f1xx_hal.o(.text.HAL_InitTick)
    [Anonymous Symbol]                       0x08001c74   Section        0  stm32f1xx_hal_msp.o(.text.HAL_MspInit)
    [Anonymous Symbol]                       0x08001cd8   Section        0  stm32f1xx_hal_cortex.o(.text.HAL_NVIC_EnableIRQ)
    [Anonymous Symbol]                       0x08001cec   Section        0  stm32f1xx_hal_cortex.o(.text.HAL_NVIC_SetPriority)
    [Anonymous Symbol]                       0x08001d20   Section        0  stm32f1xx_hal_cortex.o(.text.HAL_NVIC_SetPriorityGrouping)
    [Anonymous Symbol]                       0x08001d30   Section        0  stm32f1xx_hal_rcc.o(.text.HAL_RCC_ClockConfig)
    [Anonymous Symbol]                       0x08001f88   Section        0  stm32f1xx_hal_rcc.o(.text.HAL_RCC_GetSysClockFreq)
    [Anonymous Symbol]                       0x08002044   Section        0  stm32f1xx_hal_rcc.o(.text.HAL_RCC_OscConfig)
    [Anonymous Symbol]                       0x080026c0   Section        0  stm32f1xx_hal_cortex.o(.text.HAL_SYSTICK_Config)
    [Anonymous Symbol]                       0x080026d0   Section        0  stm32f1xx_hal_tim_ex.o(.text.HAL_TIMEx_BreakCallback)
    [Anonymous Symbol]                       0x080026d8   Section        0  stm32f1xx_hal_tim_ex.o(.text.HAL_TIMEx_CommutCallback)
    [Anonymous Symbol]                       0x080026e0   Section        0  stm32f1xx_hal_tim_ex.o(.text.HAL_TIMEx_MasterConfigSynchronization)
    [Anonymous Symbol]                       0x080027bc   Section        0  stm32f1xx_hal_tim.o(.text.HAL_TIM_Base_Init)
    [Anonymous Symbol]                       0x08002858   Section        0  tim.o(.text.HAL_TIM_Base_MspInit)
    [Anonymous Symbol]                       0x08002b28   Section        0  stm32f1xx_hal_tim.o(.text.HAL_TIM_Base_Start_IT)
    [Anonymous Symbol]                       0x08002bd8   Section        0  stm32f1xx_hal_tim.o(.text.HAL_TIM_ConfigClockSource)
    [Anonymous Symbol]                       0x08002d5c   Section        0  stm32f1xx_hal_tim.o(.text.HAL_TIM_ErrorCallback)
    [Anonymous Symbol]                       0x08002d64   Section        0  stm32f1xx_hal_tim.o(.text.HAL_TIM_IC_CaptureCallback)
    [Anonymous Symbol]                       0x08002d6c   Section        0  stm32f1xx_hal_tim.o(.text.HAL_TIM_IRQHandler)
    [Anonymous Symbol]                       0x08002f88   Section        0  tim.o(.text.HAL_TIM_MspPostInit)
    [Anonymous Symbol]                       0x08003070   Section        0  stm32f1xx_hal_tim.o(.text.HAL_TIM_OC_DelayElapsedCallback)
    [Anonymous Symbol]                       0x08003078   Section        0  stm32f1xx_hal_tim.o(.text.HAL_TIM_PWM_ConfigChannel)
    [Anonymous Symbol]                       0x080031bc   Section        0  stm32f1xx_hal_tim.o(.text.HAL_TIM_PWM_Init)
    [Anonymous Symbol]                       0x08003258   Section        0  stm32f1xx_hal_tim.o(.text.HAL_TIM_PWM_MspInit)
    [Anonymous Symbol]                       0x08003260   Section        0  ws2812.o(.text.HAL_TIM_PWM_PulseFinishedCallback)
    [Anonymous Symbol]                       0x08003380   Section        0  stm32f1xx_hal_tim.o(.text.HAL_TIM_PWM_PulseFinishedHalfCpltCallback)
    [Anonymous Symbol]                       0x08003388   Section        0  stm32f1xx_hal_tim.o(.text.HAL_TIM_PWM_Start_DMA)
    [Anonymous Symbol]                       0x080036f8   Section        0  stm32f1xx_hal_tim.o(.text.HAL_TIM_PWM_Stop_DMA)
    [Anonymous Symbol]                       0x0800386c   Section        0  main.o(.text.HAL_TIM_PeriodElapsedCallback)
    [Anonymous Symbol]                       0x08003890   Section        0  stm32f1xx_hal_tim.o(.text.HAL_TIM_TriggerCallback)
    [Anonymous Symbol]                       0x08003898   Section        0  stm32f1xx_it.o(.text.HardFault_Handler)
    KeepDin5AlwaysOn                         0x0800389d   Thumb Code    28  main.o(.text.KeepDin5AlwaysOn)
    [Anonymous Symbol]                       0x0800389c   Section        0  main.o(.text.KeepDin5AlwaysOn)
    [Anonymous Symbol]                       0x080038b8   Section        0  main.o(.text.KeyScan_TimerTick)
    [Anonymous Symbol]                       0x080038dc   Section        0  can.o(.text.MX_CAN_Init)
    [Anonymous Symbol]                       0x0800392c   Section        0  dma.o(.text.MX_DMA_Init)
    [Anonymous Symbol]                       0x080039c0   Section        0  gpio.o(.text.MX_GPIO_Init)
    [Anonymous Symbol]                       0x08003a68   Section        0  tim.o(.text.MX_TIM2_Init)
    [Anonymous Symbol]                       0x08003b6c   Section        0  tim.o(.text.MX_TIM3_Init)
    [Anonymous Symbol]                       0x08003c74   Section        0  tim.o(.text.MX_TIM4_Init)
    [Anonymous Symbol]                       0x08003cf8   Section        0  stm32f1xx_it.o(.text.MemManage_Handler)
    [Anonymous Symbol]                       0x08003cfc   Section        0  stm32f1xx_it.o(.text.NMI_Handler)
    NVIC_EncodePriority                      0x08003d01   Thumb Code   108  stm32f1xx_hal_cortex.o(.text.NVIC_EncodePriority)
    [Anonymous Symbol]                       0x08003d00   Section        0  stm32f1xx_hal_cortex.o(.text.NVIC_EncodePriority)
    [Anonymous Symbol]                       0x08003d6c   Section        0  stm32f1xx_it.o(.text.PendSV_Handler)
    PlayHitEffect                            0x08003d71   Thumb Code    10  main.o(.text.PlayHitEffect)
    [Anonymous Symbol]                       0x08003d70   Section        0  main.o(.text.PlayHitEffect)
    RCC_Delay                                0x08003d7d   Thumb Code    58  stm32f1xx_hal_rcc.o(.text.RCC_Delay)
    [Anonymous Symbol]                       0x08003d7c   Section        0  stm32f1xx_hal_rcc.o(.text.RCC_Delay)
    [Anonymous Symbol]                       0x08003db8   Section        0  can_task.o(.text.RUI_F_CAN_SEDN_UNION)
    ReadPressedHitButtonRaw                  0x08003dfd   Thumb Code    94  main.o(.text.ReadPressedHitButtonRaw)
    [Anonymous Symbol]                       0x08003dfc   Section        0  main.o(.text.ReadPressedHitButtonRaw)
    RenderFlowHitFrame                       0x08003e5d   Thumb Code   102  main.o(.text.RenderFlowHitFrame)
    [Anonymous Symbol]                       0x08003e5c   Section        0  main.o(.text.RenderFlowHitFrame)
    RenderHitFrame                           0x08003ec5   Thumb Code    84  main.o(.text.RenderHitFrame)
    [Anonymous Symbol]                       0x08003ec4   Section        0  main.o(.text.RenderHitFrame)
    RenderPowerOnFrame                       0x08003f19   Thumb Code    42  main.o(.text.RenderPowerOnFrame)
    [Anonymous Symbol]                       0x08003f18   Section        0  main.o(.text.RenderPowerOnFrame)
    [Anonymous Symbol]                       0x08003f44   Section        0  stm32f1xx_it.o(.text.SVC_Handler)
    SetRangeColor                            0x08003f49   Thumb Code   126  main.o(.text.SetRangeColor)
    [Anonymous Symbol]                       0x08003f48   Section        0  main.o(.text.SetRangeColor)
    SysTick_Config                           0x08003fc9   Thumb Code    82  stm32f1xx_hal_cortex.o(.text.SysTick_Config)
    [Anonymous Symbol]                       0x08003fc8   Section        0  stm32f1xx_hal_cortex.o(.text.SysTick_Config)
    [Anonymous Symbol]                       0x0800401c   Section        0  stm32f1xx_it.o(.text.SysTick_Handler)
    [Anonymous Symbol]                       0x08004024   Section        0  main.o(.text.SystemClock_Config)
    [Anonymous Symbol]                       0x08004090   Section        0  system_stm32f1xx.o(.text.SystemInit)
    [Anonymous Symbol]                       0x08004094   Section        0  stm32f1xx_it.o(.text.TIM2_IRQHandler)
    [Anonymous Symbol]                       0x080040a4   Section        0  stm32f1xx_it.o(.text.TIM4_IRQHandler)
    [Anonymous Symbol]                       0x080040b4   Section        0  stm32f1xx_hal_tim.o(.text.TIM_Base_SetConfig)
    [Anonymous Symbol]                       0x080041bc   Section        0  stm32f1xx_hal_tim.o(.text.TIM_CCxChannelCmd)
    TIM_DMADelayPulseCplt                    0x080041f5   Thumb Code   188  stm32f1xx_hal_tim.o(.text.TIM_DMADelayPulseCplt)
    [Anonymous Symbol]                       0x080041f4   Section        0  stm32f1xx_hal_tim.o(.text.TIM_DMADelayPulseCplt)
    [Anonymous Symbol]                       0x080042b0   Section        0  stm32f1xx_hal_tim.o(.text.TIM_DMADelayPulseHalfCplt)
    [Anonymous Symbol]                       0x08004324   Section        0  stm32f1xx_hal_tim.o(.text.TIM_DMAError)
    [Anonymous Symbol]                       0x080043c0   Section        0  stm32f1xx_hal_tim.o(.text.TIM_ETR_SetConfig)
    TIM_ITRx_SetConfig                       0x080043f5   Thumb Code    42  stm32f1xx_hal_tim.o(.text.TIM_ITRx_SetConfig)
    [Anonymous Symbol]                       0x080043f4   Section        0  stm32f1xx_hal_tim.o(.text.TIM_ITRx_SetConfig)
    TIM_OC1_SetConfig                        0x08004421   Thumb Code   206  stm32f1xx_hal_tim.o(.text.TIM_OC1_SetConfig)
    [Anonymous Symbol]                       0x08004420   Section        0  stm32f1xx_hal_tim.o(.text.TIM_OC1_SetConfig)
    [Anonymous Symbol]                       0x080044f0   Section        0  stm32f1xx_hal_tim.o(.text.TIM_OC2_SetConfig)
    TIM_OC3_SetConfig                        0x080045c9   Thumb Code   214  stm32f1xx_hal_tim.o(.text.TIM_OC3_SetConfig)
    [Anonymous Symbol]                       0x080045c8   Section        0  stm32f1xx_hal_tim.o(.text.TIM_OC3_SetConfig)
    TIM_OC4_SetConfig                        0x080046a1   Thumb Code   150  stm32f1xx_hal_tim.o(.text.TIM_OC4_SetConfig)
    [Anonymous Symbol]                       0x080046a0   Section        0  stm32f1xx_hal_tim.o(.text.TIM_OC4_SetConfig)
    TIM_TI1_ConfigInputStage                 0x08004739   Thumb Code    80  stm32f1xx_hal_tim.o(.text.TIM_TI1_ConfigInputStage)
    [Anonymous Symbol]                       0x08004738   Section        0  stm32f1xx_hal_tim.o(.text.TIM_TI1_ConfigInputStage)
    TIM_TI2_ConfigInputStage                 0x08004789   Thumb Code    82  stm32f1xx_hal_tim.o(.text.TIM_TI2_ConfigInputStage)
    [Anonymous Symbol]                       0x08004788   Section        0  stm32f1xx_hal_tim.o(.text.TIM_TI2_ConfigInputStage)
    [Anonymous Symbol]                       0x080047dc   Section        0  stm32f1xx_it.o(.text.USB_LP_CAN1_RX0_IRQHandler)
    [Anonymous Symbol]                       0x080047ec   Section        0  stm32f1xx_it.o(.text.UsageFault_Handler)
    WS2812_FillBuffer                        0x080047f1   Thumb Code   198  ws2812.o(.text.WS2812_FillBuffer)
    [Anonymous Symbol]                       0x080047f0   Section        0  ws2812.o(.text.WS2812_FillBuffer)
    [Anonymous Symbol]                       0x080048b8   Section        0  ws2812.o(.text.WS2812_Init)
    [Anonymous Symbol]                       0x080048dc   Section        0  ws2812.o(.text.WS2812_SendAll)
    [Anonymous Symbol]                       0x08004980   Section        0  ws2812.o(.text.WS2812_SetAll)
    [Anonymous Symbol]                       0x080049cc   Section        0  ws2812.o(.text.WS2812_SetPixel)
    __NVIC_EnableIRQ                         0x08004a29   Thumb Code    48  stm32f1xx_hal_cortex.o(.text.__NVIC_EnableIRQ)
    [Anonymous Symbol]                       0x08004a28   Section        0  stm32f1xx_hal_cortex.o(.text.__NVIC_EnableIRQ)
    __NVIC_GetPriorityGrouping               0x08004a59   Thumb Code    16  stm32f1xx_hal_cortex.o(.text.__NVIC_GetPriorityGrouping)
    [Anonymous Symbol]                       0x08004a58   Section        0  stm32f1xx_hal_cortex.o(.text.__NVIC_GetPriorityGrouping)
    __NVIC_SetPriority                       0x08004a69   Thumb Code    66  stm32f1xx_hal_cortex.o(.text.__NVIC_SetPriority)
    [Anonymous Symbol]                       0x08004a68   Section        0  stm32f1xx_hal_cortex.o(.text.__NVIC_SetPriority)
    __NVIC_SetPriorityGrouping               0x08004aad   Thumb Code    60  stm32f1xx_hal_cortex.o(.text.__NVIC_SetPriorityGrouping)
    [Anonymous Symbol]                       0x08004aac   Section        0  stm32f1xx_hal_cortex.o(.text.__NVIC_SetPriorityGrouping)
    [Anonymous Symbol]                       0x08004ae8   Section        0  main.o(.text.main)
    HAL_RCC_GetSysClockFreq.aPLLMULFactorTable 0x08004ec6   Data          16  stm32f1xx_hal_rcc.o(.rodata.HAL_RCC_GetSysClockFreq.aPLLMULFactorTable)
    [Anonymous Symbol]                       0x08004ec6   Section        0  stm32f1xx_hal_rcc.o(.rodata.HAL_RCC_GetSysClockFreq.aPLLMULFactorTable)
    HAL_RCC_GetSysClockFreq.aPredivFactorTable 0x08004ed6   Data           2  stm32f1xx_hal_rcc.o(.rodata.HAL_RCC_GetSysClockFreq.aPredivFactorTable)
    [Anonymous Symbol]                       0x08004ed6   Section        0  stm32f1xx_hal_rcc.o(.rodata.HAL_RCC_GetSysClockFreq.aPredivFactorTable)
    kArrowGroupLocalStarts                   0x08004ed8   Data          14  main.o(.rodata.kArrowGroupLocalStarts)
    [Anonymous Symbol]                       0x08004ed8   Section        0  main.o(.rodata.kArrowGroupLocalStarts)
    kArrowGroupZoneStarts                    0x08004ee6   Data          14  main.o(.rodata.kArrowGroupZoneStarts)
    [Anonymous Symbol]                       0x08004ee6   Section        0  main.o(.rodata.kArrowGroupZoneStarts)
    kHitButtons                              0x08004ef4   Data          80  main.o(.rodata.kHitButtons)
    [Anonymous Symbol]                       0x08004ef4   Section        0  main.o(.rodata.kHitButtons)
    kSelectedPatternLeds                     0x08004f44   Data         264  main.o(.rodata.kSelectedPatternLeds)
    [Anonymous Symbol]                       0x08004f44   Section        0  main.o(.rodata.kSelectedPatternLeds)
    strips                                   0x20000004   Data          72  ws2812.o(.data.strips)
    [Anonymous Symbol]                       0x20000004   Section        0  ws2812.o(.data.strips)
    .bss                                     0x20000058   Section       96  libspace.o(.bss)
    key_lock                                 0x2000428d   Data           1  main.o(.bss.key_lock)
    [Anonymous Symbol]                       0x2000428d   Section        0  main.o(.bss.key_lock)
    pending_hit_key                          0x2000428e   Data           1  main.o(.bss.pending_hit_key)
    [Anonymous Symbol]                       0x2000428e   Section        0  main.o(.bss.pending_hit_key)
    Heap_Mem                                 0x200042b0   Data         512  startup_stm32f103xb.o(HEAP)
    HEAP                                     0x200042b0   Section      512  startup_stm32f103xb.o(HEAP)
    Stack_Mem                                0x200044b0   Data        1024  startup_stm32f103xb.o(STACK)
    STACK                                    0x200044b0   Section     1024  startup_stm32f103xb.o(STACK)
    __initial_sp                             0x200048b0   Data           0  startup_stm32f103xb.o(STACK)

    Global Symbols

    Symbol Name                              Value     Ov Type        Size  Object(Section)

    BuildAttributes$$THM_ISAv4$P$D$K$B$S$PE$A:L22UL41UL21$X:L11$S22US41US21$IEEE1$IW$~IW$USESV6$~STKCKD$USESV7$~SHL$OSPACE$ROPI$EBA8$UX$STANDARDLIB$REQ8$PRES8$EABIv2 0x00000000   Number         0  anon$$obj.o ABSOLUTE
    __fp_init_empty                          0x00000000   Number         0  fpinit_empty.o ABSOLUTE
    __ARM_exceptions_init                     - Undefined Weak Reference
    __alloca_initialize                       - Undefined Weak Reference
    __arm_preinit_                            - Undefined Weak Reference
    __arm_relocate_pie_                       - Undefined Weak Reference
    __cpp_initialize__aeabi_                  - Undefined Weak Reference
    __cxa_finalize                            - Undefined Weak Reference
    __rt_locale                               - Undefined Weak Reference
    __sigvec_lookup                           - Undefined Weak Reference
    _atexit_init                              - Undefined Weak Reference
    _call_atexit_fns                          - Undefined Weak Reference
    _clock_init                               - Undefined Weak Reference
    _fp_trap_init                             - Undefined Weak Reference
    _fp_trap_shutdown                         - Undefined Weak Reference
    _get_lc_collate                           - Undefined Weak Reference
    _get_lc_ctype                             - Undefined Weak Reference
    _get_lc_monetary                          - Undefined Weak Reference
    _get_lc_numeric                           - Undefined Weak Reference
    _get_lc_time                              - Undefined Weak Reference
    _getenv_init                              - Undefined Weak Reference
    _handle_redirection                       - Undefined Weak Reference
    _init_alloc                               - Undefined Weak Reference
    _init_user_alloc                          - Undefined Weak Reference
    _initio                                   - Undefined Weak Reference
    _rand_init                                - Undefined Weak Reference
    _signal_finish                            - Undefined Weak Reference
    _signal_init                              - Undefined Weak Reference
    _terminate_alloc                          - Undefined Weak Reference
    _terminate_user_alloc                     - Undefined Weak Reference
    _terminateio                              - Undefined Weak Reference
    __Vectors_Size                           0x000000ec   Number         0  startup_stm32f103xb.o ABSOLUTE
    __Vectors                                0x08000000   Data           4  startup_stm32f103xb.o(RESET)
    __Vectors_End                            0x080000ec   Data           0  startup_stm32f103xb.o(RESET)
    __main                                   0x080000ed   Thumb Code     8  __main.o(!!!main)
    __scatterload                            0x080000f5   Thumb Code     0  __scatter.o(!!!scatter)
    __scatterload_rt2                        0x080000f5   Thumb Code    84  __scatter.o(!!!scatter)
    __scatterload_rt2_thumb_only             0x080000f5   Thumb Code     0  __scatter.o(!!!scatter)
    __scatterload_loop                       0x080000ff   Thumb Code     0  __scatter.o(!!!scatter)
    __scatterload_copy                       0x08000151   Thumb Code    26  __scatter_copy.o(!!handler_copy)
    __scatterload_null                       0x0800016d   Thumb Code     2  __scatter.o(!!handler_null)
    __scatterload_zeroinit                   0x08000171   Thumb Code    28  __scatter_zi.o(!!handler_zi)
    __rt_lib_init                            0x0800018d   Thumb Code     0  libinit.o(.ARM.Collect$$libinit$$00000000)
    __rt_lib_init_alloca_1                   0x0800018f   Thumb Code     0  libinit2.o(.ARM.Collect$$libinit$$00000030)
    __rt_lib_init_argv_1                     0x0800018f   Thumb Code     0  libinit2.o(.ARM.Collect$$libinit$$0000002E)
    __rt_lib_init_atexit_1                   0x0800018f   Thumb Code     0  libinit2.o(.ARM.Collect$$libinit$$0000001D)
    __rt_lib_init_clock_1                    0x0800018f   Thumb Code     0  libinit2.o(.ARM.Collect$$libinit$$00000023)
    __rt_lib_init_cpp_1                      0x0800018f   Thumb Code     0  libinit2.o(.ARM.Collect$$libinit$$00000034)
    __rt_lib_init_exceptions_1               0x0800018f   Thumb Code     0  libinit2.o(.ARM.Collect$$libinit$$00000032)
    __rt_lib_init_fp_1                       0x0800018f   Thumb Code     0  libinit2.o(.ARM.Collect$$libinit$$00000002)
    __rt_lib_init_fp_trap_1                  0x0800018f   Thumb Code     0  libinit2.o(.ARM.Collect$$libinit$$00000021)
    __rt_lib_init_getenv_1                   0x0800018f   Thumb Code     0  libinit2.o(.ARM.Collect$$libinit$$00000025)
    __rt_lib_init_heap_1                     0x0800018f   Thumb Code     0  libinit2.o(.ARM.Collect$$libinit$$0000000C)
    __rt_lib_init_lc_collate_1               0x0800018f   Thumb Code     0  libinit2.o(.ARM.Collect$$libinit$$00000013)
    __rt_lib_init_lc_ctype_1                 0x0800018f   Thumb Code     0  libinit2.o(.ARM.Collect$$libinit$$00000015)
    __rt_lib_init_lc_monetary_1              0x0800018f   Thumb Code     0  libinit2.o(.ARM.Collect$$libinit$$00000017)
    __rt_lib_init_lc_numeric_1               0x0800018f   Thumb Code     0  libinit2.o(.ARM.Collect$$libinit$$00000019)
    __rt_lib_init_lc_time_1                  0x0800018f   Thumb Code     0  libinit2.o(.ARM.Collect$$libinit$$0000001B)
    __rt_lib_init_preinit_1                  0x0800018f   Thumb Code     0  libinit2.o(.ARM.Collect$$libinit$$00000006)
    __rt_lib_init_rand_1                     0x0800018f   Thumb Code     0  libinit2.o(.ARM.Collect$$libinit$$00000010)
    __rt_lib_init_relocate_pie_1             0x0800018f   Thumb Code     0  libinit2.o(.ARM.Collect$$libinit$$00000004)
    __rt_lib_init_return                     0x0800018f   Thumb Code     0  libinit2.o(.ARM.Collect$$libinit$$00000035)
    __rt_lib_init_signal_1                   0x0800018f   Thumb Code     0  libinit2.o(.ARM.Collect$$libinit$$0000001F)
    __rt_lib_init_stdio_1                    0x0800018f   Thumb Code     0  libinit2.o(.ARM.Collect$$libinit$$00000027)
    __rt_lib_init_user_alloc_1               0x0800018f   Thumb Code     0  libinit2.o(.ARM.Collect$$libinit$$0000000E)
    __rt_lib_shutdown                        0x08000191   Thumb Code     0  libshutdown.o(.ARM.Collect$$libshutdown$$00000000)
    __rt_lib_shutdown_cpp_1                  0x08000193   Thumb Code     0  libshutdown2.o(.ARM.Collect$$libshutdown$$00000002)
    __rt_lib_shutdown_fp_trap_1              0x08000193   Thumb Code     0  libshutdown2.o(.ARM.Collect$$libshutdown$$00000007)
    __rt_lib_shutdown_heap_1                 0x08000193   Thumb Code     0  libshutdown2.o(.ARM.Collect$$libshutdown$$0000000F)
    __rt_lib_shutdown_return                 0x08000193   Thumb Code     0  libshutdown2.o(.ARM.Collect$$libshutdown$$00000010)
    __rt_lib_shutdown_signal_1               0x08000193   Thumb Code     0  libshutdown2.o(.ARM.Collect$$libshutdown$$0000000A)
    __rt_lib_shutdown_stdio_1                0x08000193   Thumb Code     0  libshutdown2.o(.ARM.Collect$$libshutdown$$00000004)
    __rt_lib_shutdown_user_alloc_1           0x08000193   Thumb Code     0  libshutdown2.o(.ARM.Collect$$libshutdown$$0000000C)
    __rt_entry                               0x08000195   Thumb Code     0  __rtentry.o(.ARM.Collect$$rtentry$$00000000)
    __rt_entry_presh_1                       0x08000195   Thumb Code     0  __rtentry2.o(.ARM.Collect$$rtentry$$00000002)
    __rt_entry_sh                            0x08000195   Thumb Code     0  __rtentry4.o(.ARM.Collect$$rtentry$$00000004)
    __rt_entry_li                            0x0800019b   Thumb Code     0  __rtentry2.o(.ARM.Collect$$rtentry$$0000000A)
    __rt_entry_postsh_1                      0x0800019b   Thumb Code     0  __rtentry2.o(.ARM.Collect$$rtentry$$00000009)
    __rt_entry_main                          0x0800019f   Thumb Code     0  __rtentry2.o(.ARM.Collect$$rtentry$$0000000D)
    __rt_entry_postli_1                      0x0800019f   Thumb Code     0  __rtentry2.o(.ARM.Collect$$rtentry$$0000000C)
    __rt_exit                                0x080001a7   Thumb Code     0  rtexit.o(.ARM.Collect$$rtexit$$00000000)
    __rt_exit_ls                             0x080001a9   Thumb Code     0  rtexit2.o(.ARM.Collect$$rtexit$$00000003)
    __rt_exit_prels_1                        0x080001a9   Thumb Code     0  rtexit2.o(.ARM.Collect$$rtexit$$00000002)
    __rt_exit_exit                           0x080001ad   Thumb Code     0  rtexit2.o(.ARM.Collect$$rtexit$$00000004)
    Reset_Handler                            0x080001b5   Thumb Code     8  startup_stm32f103xb.o(.text)
    ADC1_2_IRQHandler                        0x080001cf   Thumb Code     0  startup_stm32f103xb.o(.text)
    CAN1_RX1_IRQHandler                      0x080001cf   Thumb Code     0  startup_stm32f103xb.o(.text)
    CAN1_SCE_IRQHandler                      0x080001cf   Thumb Code     0  startup_stm32f103xb.o(.text)
    DMA1_Channel4_IRQHandler                 0x080001cf   Thumb Code     0  startup_stm32f103xb.o(.text)
    EXTI0_IRQHandler                         0x080001cf   Thumb Code     0  startup_stm32f103xb.o(.text)
    EXTI15_10_IRQHandler                     0x080001cf   Thumb Code     0  startup_stm32f103xb.o(.text)
    EXTI1_IRQHandler                         0x080001cf   Thumb Code     0  startup_stm32f103xb.o(.text)
    EXTI2_IRQHandler                         0x080001cf   Thumb Code     0  startup_stm32f103xb.o(.text)
    EXTI3_IRQHandler                         0x080001cf   Thumb Code     0  startup_stm32f103xb.o(.text)
    EXTI4_IRQHandler                         0x080001cf   Thumb Code     0  startup_stm32f103xb.o(.text)
    EXTI9_5_IRQHandler                       0x080001cf   Thumb Code     0  startup_stm32f103xb.o(.text)
    FLASH_IRQHandler                         0x080001cf   Thumb Code     0  startup_stm32f103xb.o(.text)
    I2C1_ER_IRQHandler                       0x080001cf   Thumb Code     0  startup_stm32f103xb.o(.text)
    I2C1_EV_IRQHandler                       0x080001cf   Thumb Code     0  startup_stm32f103xb.o(.text)
    I2C2_ER_IRQHandler                       0x080001cf   Thumb Code     0  startup_stm32f103xb.o(.text)
    I2C2_EV_IRQHandler                       0x080001cf   Thumb Code     0  startup_stm32f103xb.o(.text)
    PVD_IRQHandler                           0x080001cf   Thumb Code     0  startup_stm32f103xb.o(.text)
    RCC_IRQHandler                           0x080001cf   Thumb Code     0  startup_stm32f103xb.o(.text)
    RTC_Alarm_IRQHandler                     0x080001cf   Thumb Code     0  startup_stm32f103xb.o(.text)
    RTC_IRQHandler                           0x080001cf   Thumb Code     0  startup_stm32f103xb.o(.text)
    SPI1_IRQHandler                          0x080001cf   Thumb Code     0  startup_stm32f103xb.o(.text)
    SPI2_IRQHandler                          0x080001cf   Thumb Code     0  startup_stm32f103xb.o(.text)
    TAMPER_IRQHandler                        0x080001cf   Thumb Code     0  startup_stm32f103xb.o(.text)
    TIM1_BRK_IRQHandler                      0x080001cf   Thumb Code     0  startup_stm32f103xb.o(.text)
    TIM1_CC_IRQHandler                       0x080001cf   Thumb Code     0  startup_stm32f103xb.o(.text)
    TIM1_TRG_COM_IRQHandler                  0x080001cf   Thumb Code     0  startup_stm32f103xb.o(.text)
    TIM1_UP_IRQHandler                       0x080001cf   Thumb Code     0  startup_stm32f103xb.o(.text)
    TIM3_IRQHandler                          0x080001cf   Thumb Code     0  startup_stm32f103xb.o(.text)
    USART1_IRQHandler                        0x080001cf   Thumb Code     0  startup_stm32f103xb.o(.text)
    USART2_IRQHandler                        0x080001cf   Thumb Code     0  startup_stm32f103xb.o(.text)
    USART3_IRQHandler                        0x080001cf   Thumb Code     0  startup_stm32f103xb.o(.text)
    USBWakeUp_IRQHandler                     0x080001cf   Thumb Code     0  startup_stm32f103xb.o(.text)
    USB_HP_CAN1_TX_IRQHandler                0x080001cf   Thumb Code     0  startup_stm32f103xb.o(.text)
    WWDG_IRQHandler                          0x080001cf   Thumb Code     0  startup_stm32f103xb.o(.text)
    __user_initial_stackheap                 0x080001d1   Thumb Code     0  startup_stm32f103xb.o(.text)
    __aeabi_memclr                           0x080001f5   Thumb Code     0  rt_memclr.o(.text)
    __rt_memclr                              0x080001f5   Thumb Code     0  rt_memclr.o(.text)
    _memset                                  0x080001f9   Thumb Code    64  rt_memclr.o(.text)
    __aeabi_memclr4                          0x08000239   Thumb Code     0  rt_memclr_w.o(.text)
    __aeabi_memclr8                          0x08000239   Thumb Code     0  rt_memclr_w.o(.text)
    __rt_memclr_w                            0x08000239   Thumb Code     0  rt_memclr_w.o(.text)
    _memset_w                                0x0800023d   Thumb Code    74  rt_memclr_w.o(.text)
    __use_two_region_memory                  0x08000287   Thumb Code     2  heapauxi.o(.text)
    __rt_heap_escrow$2region                 0x08000289   Thumb Code     2  heapauxi.o(.text)
    __rt_heap_expand$2region                 0x0800028b   Thumb Code     2  heapauxi.o(.text)
    __user_setup_stackheap                   0x0800028d   Thumb Code    74  sys_stackheap_outer.o(.text)
    exit                                     0x080002d7   Thumb Code    18  exit.o(.text)
    __user_libspace                          0x080002e9   Thumb Code     8  libspace.o(.text)
    __user_perproc_libspace                  0x080002e9   Thumb Code     0  libspace.o(.text)
    __user_perthread_libspace                0x080002e9   Thumb Code     0  libspace.o(.text)
    _sys_exit                                0x080002f1   Thumb Code     8  sys_exit.o(.text)
    __I$use$semihosting                      0x080002fd   Thumb Code     0  use_no_semi.o(.text)
    __use_no_semihosting_swi                 0x080002fd   Thumb Code     2  use_no_semi.o(.text)
    __semihosting_library_function           0x080002ff   Thumb Code     0  indicate_semi.o(.text)
    BusFault_Handler                         0x08000301   Thumb Code     4  stm32f1xx_it.o(.text.BusFault_Handler)
    CAN_Calc                                 0x08000305   Thumb Code    98  can_task.o(.text.CAN_Calc)
    CAN_Filter_Init                          0x08000369   Thumb Code    84  can_task.o(.text.CAN_Filter_Init)
    DMA1_Channel1_IRQHandler                 0x080003bd   Thumb Code    16  stm32f1xx_it.o(.text.DMA1_Channel1_IRQHandler)
    DMA1_Channel2_IRQHandler                 0x080003cd   Thumb Code    16  stm32f1xx_it.o(.text.DMA1_Channel2_IRQHandler)
    DMA1_Channel3_IRQHandler                 0x080003dd   Thumb Code    16  stm32f1xx_it.o(.text.DMA1_Channel3_IRQHandler)
    DMA1_Channel5_IRQHandler                 0x080003ed   Thumb Code    16  stm32f1xx_it.o(.text.DMA1_Channel5_IRQHandler)
    DMA1_Channel6_IRQHandler                 0x080003fd   Thumb Code    16  stm32f1xx_it.o(.text.DMA1_Channel6_IRQHandler)
    DMA1_Channel7_IRQHandler                 0x0800040d   Thumb Code    16  stm32f1xx_it.o(.text.DMA1_Channel7_IRQHandler)
    DebugMon_Handler                         0x0800046d   Thumb Code     2  stm32f1xx_it.o(.text.DebugMon_Handler)
    Error_Handler                            0x080005e1   Thumb Code    14  main.o(.text.Error_Handler)
    HAL_CAN_ActivateNotification             0x08000621   Thumb Code    82  stm32f1xx_hal_can.o(.text.HAL_CAN_ActivateNotification)
    HAL_CAN_AddTxMessage                     0x08000675   Thumb Code   342  stm32f1xx_hal_can.o(.text.HAL_CAN_AddTxMessage)
    HAL_CAN_ConfigFilter                     0x080007cd   Thumb Code   378  stm32f1xx_hal_can.o(.text.HAL_CAN_ConfigFilter)
    HAL_CAN_ErrorCallback                    0x08000949   Thumb Code     8  stm32f1xx_hal_can.o(.text.HAL_CAN_ErrorCallback)
    HAL_CAN_GetRxMessage                     0x08000951   Thumb Code   530  stm32f1xx_hal_can.o(.text.HAL_CAN_GetRxMessage)
    HAL_CAN_IRQHandler                       0x08000b65   Thumb Code  1010  stm32f1xx_hal_can.o(.text.HAL_CAN_IRQHandler)
    HAL_CAN_Init                             0x08000f59   Thumb Code   478  stm32f1xx_hal_can.o(.text.HAL_CAN_Init)
    HAL_CAN_MspInit                          0x08001139   Thumb Code   174  can.o(.text.HAL_CAN_MspInit)
    HAL_CAN_RxFifo0FullCallback              0x080011e9   Thumb Code     8  stm32f1xx_hal_can.o(.text.HAL_CAN_RxFifo0FullCallback)
    HAL_CAN_RxFifo0MsgPendingCallback        0x080011f1   Thumb Code    50  can_task.o(.text.HAL_CAN_RxFifo0MsgPendingCallback)
    HAL_CAN_RxFifo1FullCallback              0x08001225   Thumb Code     8  stm32f1xx_hal_can.o(.text.HAL_CAN_RxFifo1FullCallback)
    HAL_CAN_RxFifo1MsgPendingCallback        0x0800122d   Thumb Code     8  stm32f1xx_hal_can.o(.text.HAL_CAN_RxFifo1MsgPendingCallback)
    HAL_CAN_SleepCallback                    0x08001235   Thumb Code     8  stm32f1xx_hal_can.o(.text.HAL_CAN_SleepCallback)
    HAL_CAN_Start                            0x0800123d   Thumb Code   138  stm32f1xx_hal_can.o(.text.HAL_CAN_Start)
    HAL_CAN_TxMailbox0AbortCallback          0x080012c9   Thumb Code     8  stm32f1xx_hal_can.o(.text.HAL_CAN_TxMailbox0AbortCallback)
    HAL_CAN_TxMailbox0CompleteCallback       0x080012d1   Thumb Code     8  stm32f1xx_hal_can.o(.text.HAL_CAN_TxMailbox0CompleteCallback)
    HAL_CAN_TxMailbox1AbortCallback          0x080012d9   Thumb Code     8  stm32f1xx_hal_can.o(.text.HAL_CAN_TxMailbox1AbortCallback)
    HAL_CAN_TxMailbox1CompleteCallback       0x080012e1   Thumb Code     8  stm32f1xx_hal_can.o(.text.HAL_CAN_TxMailbox1CompleteCallback)
    HAL_CAN_TxMailbox2AbortCallback          0x080012e9   Thumb Code     8  stm32f1xx_hal_can.o(.text.HAL_CAN_TxMailbox2AbortCallback)
    HAL_CAN_TxMailbox2CompleteCallback       0x080012f1   Thumb Code     8  stm32f1xx_hal_can.o(.text.HAL_CAN_TxMailbox2CompleteCallback)
    HAL_CAN_WakeUpFromRxMsgCallback          0x080012f9   Thumb Code     8  stm32f1xx_hal_can.o(.text.HAL_CAN_WakeUpFromRxMsgCallback)
    HAL_DMA_Abort_IT                         0x08001301   Thumb Code   284  stm32f1xx_hal_dma.o(.text.HAL_DMA_Abort_IT)
    HAL_DMA_IRQHandler                       0x0800141d   Thumb Code   646  stm32f1xx_hal_dma.o(.text.HAL_DMA_IRQHandler)
    HAL_DMA_Init                             0x080016a5   Thumb Code   174  stm32f1xx_hal_dma.o(.text.HAL_DMA_Init)
    HAL_DMA_Start_IT                         0x08001755   Thumb Code   202  stm32f1xx_hal_dma.o(.text.HAL_DMA_Start_IT)
    HAL_Delay                                0x08001821   Thumb Code    66  stm32f1xx_hal.o(.text.HAL_Delay)
    HAL_GPIO_Init                            0x08001865   Thumb Code   798  stm32f1xx_hal_gpio.o(.text.HAL_GPIO_Init)
    HAL_GPIO_ReadPin                         0x08001b85   Thumb Code    46  stm32f1xx_hal_gpio.o(.text.HAL_GPIO_ReadPin)
    HAL_GetTick                              0x08001bb5   Thumb Code    12  stm32f1xx_hal.o(.text.HAL_GetTick)
    HAL_IncTick                              0x08001bc1   Thumb Code    26  stm32f1xx_hal.o(.text.HAL_IncTick)
    HAL_Init                                 0x08001bdd   Thumb Code    38  stm32f1xx_hal.o(.text.HAL_Init)
    HAL_InitTick                             0x08001c05   Thumb Code   112  stm32f1xx_hal.o(.text.HAL_InitTick)
    HAL_MspInit                              0x08001c75   Thumb Code   100  stm32f1xx_hal_msp.o(.text.HAL_MspInit)
    HAL_NVIC_EnableIRQ                       0x08001cd9   Thumb Code    20  stm32f1xx_hal_cortex.o(.text.HAL_NVIC_EnableIRQ)
    HAL_NVIC_SetPriority                     0x08001ced   Thumb Code    50  stm32f1xx_hal_cortex.o(.text.HAL_NVIC_SetPriority)
    HAL_NVIC_SetPriorityGrouping             0x08001d21   Thumb Code    16  stm32f1xx_hal_cortex.o(.text.HAL_NVIC_SetPriorityGrouping)
    HAL_RCC_ClockConfig                      0x08001d31   Thumb Code   598  stm32f1xx_hal_rcc.o(.text.HAL_RCC_ClockConfig)
    HAL_RCC_GetSysClockFreq                  0x08001f89   Thumb Code   188  stm32f1xx_hal_rcc.o(.text.HAL_RCC_GetSysClockFreq)
    HAL_RCC_OscConfig                        0x08002045   Thumb Code  1658  stm32f1xx_hal_rcc.o(.text.HAL_RCC_OscConfig)
    HAL_SYSTICK_Config                       0x080026c1   Thumb Code    16  stm32f1xx_hal_cortex.o(.text.HAL_SYSTICK_Config)
    HAL_TIMEx_BreakCallback                  0x080026d1   Thumb Code     8  stm32f1xx_hal_tim_ex.o(.text.HAL_TIMEx_BreakCallback)
    HAL_TIMEx_CommutCallback                 0x080026d9   Thumb Code     8  stm32f1xx_hal_tim_ex.o(.text.HAL_TIMEx_CommutCallback)
    HAL_TIMEx_MasterConfigSynchronization    0x080026e1   Thumb Code   220  stm32f1xx_hal_tim_ex.o(.text.HAL_TIMEx_MasterConfigSynchronization)
    HAL_TIM_Base_Init                        0x080027bd   Thumb Code   156  stm32f1xx_hal_tim.o(.text.HAL_TIM_Base_Init)
    HAL_TIM_Base_MspInit                     0x08002859   Thumb Code   718  tim.o(.text.HAL_TIM_Base_MspInit)
    HAL_TIM_Base_Start_IT                    0x08002b29   Thumb Code   176  stm32f1xx_hal_tim.o(.text.HAL_TIM_Base_Start_IT)
    HAL_TIM_ConfigClockSource                0x08002bd9   Thumb Code   388  stm32f1xx_hal_tim.o(.text.HAL_TIM_ConfigClockSource)
    HAL_TIM_ErrorCallback                    0x08002d5d   Thumb Code     8  stm32f1xx_hal_tim.o(.text.HAL_TIM_ErrorCallback)
    HAL_TIM_IC_CaptureCallback               0x08002d65   Thumb Code     8  stm32f1xx_hal_tim.o(.text.HAL_TIM_IC_CaptureCallback)
    HAL_TIM_IRQHandler                       0x08002d6d   Thumb Code   538  stm32f1xx_hal_tim.o(.text.HAL_TIM_IRQHandler)
    HAL_TIM_MspPostInit                      0x08002f89   Thumb Code   230  tim.o(.text.HAL_TIM_MspPostInit)
    HAL_TIM_OC_DelayElapsedCallback          0x08003071   Thumb Code     8  stm32f1xx_hal_tim.o(.text.HAL_TIM_OC_DelayElapsedCallback)
    HAL_TIM_PWM_ConfigChannel                0x08003079   Thumb Code   322  stm32f1xx_hal_tim.o(.text.HAL_TIM_PWM_ConfigChannel)
    HAL_TIM_PWM_Init                         0x080031bd   Thumb Code   156  stm32f1xx_hal_tim.o(.text.HAL_TIM_PWM_Init)
    HAL_TIM_PWM_MspInit                      0x08003259   Thumb Code     8  stm32f1xx_hal_tim.o(.text.HAL_TIM_PWM_MspInit)
    HAL_TIM_PWM_PulseFinishedCallback        0x08003261   Thumb Code   286  ws2812.o(.text.HAL_TIM_PWM_PulseFinishedCallback)
    HAL_TIM_PWM_PulseFinishedHalfCpltCallback 0x08003381   Thumb Code     8  stm32f1xx_hal_tim.o(.text.HAL_TIM_PWM_PulseFinishedHalfCpltCallback)
    HAL_TIM_PWM_Start_DMA                    0x08003389   Thumb Code   878  stm32f1xx_hal_tim.o(.text.HAL_TIM_PWM_Start_DMA)
    HAL_TIM_PWM_Stop_DMA                     0x080036f9   Thumb Code   372  stm32f1xx_hal_tim.o(.text.HAL_TIM_PWM_Stop_DMA)
    HAL_TIM_PeriodElapsedCallback            0x0800386d   Thumb Code    34  main.o(.text.HAL_TIM_PeriodElapsedCallback)
    HAL_TIM_TriggerCallback                  0x08003891   Thumb Code     8  stm32f1xx_hal_tim.o(.text.HAL_TIM_TriggerCallback)
    HardFault_Handler                        0x08003899   Thumb Code     4  stm32f1xx_it.o(.text.HardFault_Handler)
    KeyScan_TimerTick                        0x080038b9   Thumb Code    34  main.o(.text.KeyScan_TimerTick)
    MX_CAN_Init                              0x080038dd   Thumb Code    78  can.o(.text.MX_CAN_Init)
    MX_DMA_Init                              0x0800392d   Thumb Code   148  dma.o(.text.MX_DMA_Init)
    MX_GPIO_Init                             0x080039c1   Thumb Code   168  gpio.o(.text.MX_GPIO_Init)
    MX_TIM2_Init                             0x08003a69   Thumb Code   260  tim.o(.text.MX_TIM2_Init)
    MX_TIM3_Init                             0x08003b6d   Thumb Code   264  tim.o(.text.MX_TIM3_Init)
    MX_TIM4_Init                             0x08003c75   Thumb Code   132  tim.o(.text.MX_TIM4_Init)
    MemManage_Handler                        0x08003cf9   Thumb Code     4  stm32f1xx_it.o(.text.MemManage_Handler)
    NMI_Handler                              0x08003cfd   Thumb Code     4  stm32f1xx_it.o(.text.NMI_Handler)
    PendSV_Handler                           0x08003d6d   Thumb Code     2  stm32f1xx_it.o(.text.PendSV_Handler)
    RUI_F_CAN_SEDN_UNION                     0x08003db9   Thumb Code    68  can_task.o(.text.RUI_F_CAN_SEDN_UNION)
    SVC_Handler                              0x08003f45   Thumb Code     2  stm32f1xx_it.o(.text.SVC_Handler)
    SysTick_Handler                          0x0800401d   Thumb Code     8  stm32f1xx_it.o(.text.SysTick_Handler)
    SystemClock_Config                       0x08004025   Thumb Code   108  main.o(.text.SystemClock_Config)
    SystemInit                               0x08004091   Thumb Code     2  system_stm32f1xx.o(.text.SystemInit)
    TIM2_IRQHandler                          0x08004095   Thumb Code    16  stm32f1xx_it.o(.text.TIM2_IRQHandler)
    TIM4_IRQHandler                          0x080040a5   Thumb Code    16  stm32f1xx_it.o(.text.TIM4_IRQHandler)
    TIM_Base_SetConfig                       0x080040b5   Thumb Code   262  stm32f1xx_hal_tim.o(.text.TIM_Base_SetConfig)
    TIM_CCxChannelCmd                        0x080041bd   Thumb Code    54  stm32f1xx_hal_tim.o(.text.TIM_CCxChannelCmd)
    TIM_DMADelayPulseHalfCplt                0x080042b1   Thumb Code   116  stm32f1xx_hal_tim.o(.text.TIM_DMADelayPulseHalfCplt)
    TIM_DMAError                             0x08004325   Thumb Code   154  stm32f1xx_hal_tim.o(.text.TIM_DMAError)
    TIM_ETR_SetConfig                        0x080043c1   Thumb Code    52  stm32f1xx_hal_tim.o(.text.TIM_ETR_SetConfig)
    TIM_OC2_SetConfig                        0x080044f1   Thumb Code   216  stm32f1xx_hal_tim.o(.text.TIM_OC2_SetConfig)
    USB_LP_CAN1_RX0_IRQHandler               0x080047dd   Thumb Code    16  stm32f1xx_it.o(.text.USB_LP_CAN1_RX0_IRQHandler)
    UsageFault_Handler                       0x080047ed   Thumb Code     4  stm32f1xx_it.o(.text.UsageFault_Handler)
    WS2812_Init                              0x080048b9   Thumb Code    36  ws2812.o(.text.WS2812_Init)
    WS2812_SendAll                           0x080048dd   Thumb Code   162  ws2812.o(.text.WS2812_SendAll)
    WS2812_SetAll                            0x08004981   Thumb Code    74  ws2812.o(.text.WS2812_SetAll)
    WS2812_SetPixel                          0x080049cd   Thumb Code    92  ws2812.o(.text.WS2812_SetPixel)
    main                                     0x08004ae9   Thumb Code   974  main.o(.text.main)
    AHBPrescTable                            0x08004eb6   Data          16  system_stm32f1xx.o(.rodata.AHBPrescTable)
    Region$$Table$$Base                      0x0800504c   Number         0  anon$$obj.o(Region$$Table)
    Region$$Table$$Limit                     0x0800506c   Number         0  anon$$obj.o(Region$$Table)
    SystemCoreClock                          0x20000000   Data           4  system_stm32f1xx.o(.data.SystemCoreClock)
    uwTickFreq                               0x2000004c   Data           1  stm32f1xx_hal.o(.data.uwTickFreq)
    uwTickPrio                               0x20000050   Data           4  stm32f1xx_hal.o(.data.uwTickPrio)
    __libspace_start                         0x20000058   Data          96  libspace.o(.bss)
    CAN1RXmessage                            0x200000b8   Data           8  can_task.o(.bss.CAN1RXmessage)
    __temporary_stack_top$libspace           0x200000b8   Data           0  libspace.o(.bss)
    CAN_FilterInitStrt                       0x200000c0   Data          40  can_task.o(.bss.CAN_FilterInitStrt)
    LED_Data                                 0x200000e8   Data        2595  ws2812.o(.bss.LED_Data)
    PWM_Buffer                               0x20000b0c   Data       13540  ws2812.o(.bss.PWM_Buffer)
    a                                        0x20003ff0   Data           1  can_task.o(.bss.a)
    hcan                                     0x20003ff4   Data          40  can.o(.bss.hcan)
    hdma_tim2_ch1                            0x2000401c   Data          68  tim.o(.bss.hdma_tim2_ch1)
    hdma_tim2_ch2_ch4                        0x20004060   Data          68  tim.o(.bss.hdma_tim2_ch2_ch4)
    hdma_tim2_ch3                            0x200040a4   Data          68  tim.o(.bss.hdma_tim2_ch3)
    hdma_tim3_ch1_trig                       0x200040e8   Data          68  tim.o(.bss.hdma_tim3_ch1_trig)
    hdma_tim3_ch2                            0x2000412c   Data          68  tim.o(.bss.hdma_tim3_ch2)
    hdma_tim3_ch3                            0x20004170   Data          68  tim.o(.bss.hdma_tim3_ch3)
    htim2                                    0x200041b4   Data          72  tim.o(.bss.htim2)
    htim3                                    0x200041fc   Data          72  tim.o(.bss.htim3)
    htim4                                    0x20004244   Data          72  tim.o(.bss.htim4)
    isSending                                0x2000428c   Data           1  ws2812.o(.bss.isSending)
    rx1                                      0x20004290   Data          28  can_task.o(.bss.rx1)
    uwTick                                   0x200042ac   Data           4  stm32f1xx_hal.o(.bss.uwTick)



==============================================================================

Memory Map of the image

  Image Entry point : 0x080000ed

  Load Region LR_IROM1 (Base: 0x08000000, Size: 0x000050c8, Max: 0x00010000, ABSOLUTE)

    Execution Region ER_IROM1 (Exec base: 0x08000000, Load base: 0x08000000, Size: 0x0000506c, Max: 0x00010000, ABSOLUTE)

    Exec Addr    Load Addr    Size         Type   Attr      Idx    E Section Name        Object

    0x08000000   0x08000000   0x000000ec   Data   RO            3    RESET               startup_stm32f103xb.o
    0x080000ec   0x080000ec   0x00000008   Code   RO         1072  * !!!main             c_w.l(__main.o)
    0x080000f4   0x080000f4   0x0000005c   Code   RO         1237    !!!scatter          c_w.l(__scatter.o)
    0x08000150   0x08000150   0x0000001a   Code   RO         1241    !!handler_copy      c_w.l(__scatter_copy.o)
    0x0800016a   0x0800016a   0x00000002   PAD
    0x0800016c   0x0800016c   0x00000002   Code   RO         1238    !!handler_null      c_w.l(__scatter.o)
    0x0800016e   0x0800016e   0x00000002   PAD
    0x08000170   0x08000170   0x0000001c   Code   RO         1243    !!handler_zi        c_w.l(__scatter_zi.o)
    0x0800018c   0x0800018c   0x00000002   Code   RO         1099    .ARM.Collect$$libinit$$00000000  c_w.l(libinit.o)
    0x0800018e   0x0800018e   0x00000000   Code   RO         1106    .ARM.Collect$$libinit$$00000002  c_w.l(libinit2.o)
    0x0800018e   0x0800018e   0x00000000   Code   RO         1108    .ARM.Collect$$libinit$$00000004  c_w.l(libinit2.o)
    0x0800018e   0x0800018e   0x00000000   Code   RO         1110    .ARM.Collect$$libinit$$00000006  c_w.l(libinit2.o)
    0x0800018e   0x0800018e   0x00000000   Code   RO         1113    .ARM.Collect$$libinit$$0000000C  c_w.l(libinit2.o)
    0x0800018e   0x0800018e   0x00000000   Code   RO         1115    .ARM.Collect$$libinit$$0000000E  c_w.l(libinit2.o)
    0x0800018e   0x0800018e   0x00000000   Code   RO         1117    .ARM.Collect$$libinit$$00000010  c_w.l(libinit2.o)
    0x0800018e   0x0800018e   0x00000000   Code   RO         1120    .ARM.Collect$$libinit$$00000013  c_w.l(libinit2.o)
    0x0800018e   0x0800018e   0x00000000   Code   RO         1122    .ARM.Collect$$libinit$$00000015  c_w.l(libinit2.o)
    0x0800018e   0x0800018e   0x00000000   Code   RO         1124    .ARM.Collect$$libinit$$00000017  c_w.l(libinit2.o)
    0x0800018e   0x0800018e   0x00000000   Code   RO         1126    .ARM.Collect$$libinit$$00000019  c_w.l(libinit2.o)
    0x0800018e   0x0800018e   0x00000000   Code   RO         1128    .ARM.Collect$$libinit$$0000001B  c_w.l(libinit2.o)
    0x0800018e   0x0800018e   0x00000000   Code   RO         1130    .ARM.Collect$$libinit$$0000001D  c_w.l(libinit2.o)
    0x0800018e   0x0800018e   0x00000000   Code   RO         1132    .ARM.Collect$$libinit$$0000001F  c_w.l(libinit2.o)
    0x0800018e   0x0800018e   0x00000000   Code   RO         1134    .ARM.Collect$$libinit$$00000021  c_w.l(libinit2.o)
    0x0800018e   0x0800018e   0x00000000   Code   RO         1136    .ARM.Collect$$libinit$$00000023  c_w.l(libinit2.o)
    0x0800018e   0x0800018e   0x00000000   Code   RO         1138    .ARM.Collect$$libinit$$00000025  c_w.l(libinit2.o)
    0x0800018e   0x0800018e   0x00000000   Code   RO         1140    .ARM.Collect$$libinit$$00000027  c_w.l(libinit2.o)
    0x0800018e   0x0800018e   0x00000000   Code   RO         1144    .ARM.Collect$$libinit$$0000002E  c_w.l(libinit2.o)
    0x0800018e   0x0800018e   0x00000000   Code   RO         1146    .ARM.Collect$$libinit$$00000030  c_w.l(libinit2.o)
    0x0800018e   0x0800018e   0x00000000   Code   RO         1148    .ARM.Collect$$libinit$$00000032  c_w.l(libinit2.o)
    0x0800018e   0x0800018e   0x00000000   Code   RO         1150    .ARM.Collect$$libinit$$00000034  c_w.l(libinit2.o)
    0x0800018e   0x0800018e   0x00000002   Code   RO         1151    .ARM.Collect$$libinit$$00000035  c_w.l(libinit2.o)
    0x08000190   0x08000190   0x00000002   Code   RO         1173    .ARM.Collect$$libshutdown$$00000000  c_w.l(libshutdown.o)
    0x08000192   0x08000192   0x00000000   Code   RO         1188    .ARM.Collect$$libshutdown$$00000002  c_w.l(libshutdown2.o)
    0x08000192   0x08000192   0x00000000   Code   RO         1190    .ARM.Collect$$libshutdown$$00000004  c_w.l(libshutdown2.o)
    0x08000192   0x08000192   0x00000000   Code   RO         1193    .ARM.Collect$$libshutdown$$00000007  c_w.l(libshutdown2.o)
    0x08000192   0x08000192   0x00000000   Code   RO         1196    .ARM.Collect$$libshutdown$$0000000A  c_w.l(libshutdown2.o)
    0x08000192   0x08000192   0x00000000   Code   RO         1198    .ARM.Collect$$libshutdown$$0000000C  c_w.l(libshutdown2.o)
    0x08000192   0x08000192   0x00000000   Code   RO         1201    .ARM.Collect$$libshutdown$$0000000F  c_w.l(libshutdown2.o)
    0x08000192   0x08000192   0x00000002   Code   RO         1202    .ARM.Collect$$libshutdown$$00000010  c_w.l(libshutdown2.o)
    0x08000194   0x08000194   0x00000000   Code   RO         1074    .ARM.Collect$$rtentry$$00000000  c_w.l(__rtentry.o)
    0x08000194   0x08000194   0x00000000   Code   RO         1076    .ARM.Collect$$rtentry$$00000002  c_w.l(__rtentry2.o)
    0x08000194   0x08000194   0x00000006   Code   RO         1088    .ARM.Collect$$rtentry$$00000004  c_w.l(__rtentry4.o)
    0x0800019a   0x0800019a   0x00000000   Code   RO         1078    .ARM.Collect$$rtentry$$00000009  c_w.l(__rtentry2.o)
    0x0800019a   0x0800019a   0x00000004   Code   RO         1079    .ARM.Collect$$rtentry$$0000000A  c_w.l(__rtentry2.o)
    0x0800019e   0x0800019e   0x00000000   Code   RO         1081    .ARM.Collect$$rtentry$$0000000C  c_w.l(__rtentry2.o)
    0x0800019e   0x0800019e   0x00000008   Code   RO         1082    .ARM.Collect$$rtentry$$0000000D  c_w.l(__rtentry2.o)
    0x080001a6   0x080001a6   0x00000002   Code   RO         1103    .ARM.Collect$$rtexit$$00000000  c_w.l(rtexit.o)
    0x080001a8   0x080001a8   0x00000000   Code   RO         1153    .ARM.Collect$$rtexit$$00000002  c_w.l(rtexit2.o)
    0x080001a8   0x080001a8   0x00000004   Code   RO         1154    .ARM.Collect$$rtexit$$00000003  c_w.l(rtexit2.o)
    0x080001ac   0x080001ac   0x00000006   Code   RO         1155    .ARM.Collect$$rtexit$$00000004  c_w.l(rtexit2.o)
    0x080001b2   0x080001b2   0x00000002   PAD
    0x080001b4   0x080001b4   0x00000040   Code   RO            4    .text               startup_stm32f103xb.o
    0x080001f4   0x080001f4   0x00000044   Code   RO         1066    .text               c_w.l(rt_memclr.o)
    0x08000238   0x08000238   0x0000004e   Code   RO         1068    .text               c_w.l(rt_memclr_w.o)
    0x08000286   0x08000286   0x00000006   Code   RO         1070    .text               c_w.l(heapauxi.o)
    0x0800028c   0x0800028c   0x0000004a   Code   RO         1090    .text               c_w.l(sys_stackheap_outer.o)
    0x080002d6   0x080002d6   0x00000012   Code   RO         1092    .text               c_w.l(exit.o)
    0x080002e8   0x080002e8   0x00000008   Code   RO         1100    .text               c_w.l(libspace.o)
    0x080002f0   0x080002f0   0x0000000c   Code   RO         1163    .text               c_w.l(sys_exit.o)
    0x080002fc   0x080002fc   0x00000002   Code   RO         1178    .text               c_w.l(use_no_semi.o)
    0x080002fe   0x080002fe   0x00000000   Code   RO         1180    .text               c_w.l(indicate_semi.o)
    0x080002fe   0x080002fe   0x00000002   PAD
    0x08000300   0x08000300   0x00000004   Code   RO          121    .text.BusFault_Handler  stm32f1xx_it.o
    0x08000304   0x08000304   0x00000062   Code   RO         1052    .text.CAN_Calc      can_task.o
    0x08000366   0x08000366   0x00000002   PAD
    0x08000368   0x08000368   0x00000054   Code   RO         1044    .text.CAN_Filter_Init  can_task.o
    0x080003bc   0x080003bc   0x00000010   Code   RO          133    .text.DMA1_Channel1_IRQHandler  stm32f1xx_it.o
    0x080003cc   0x080003cc   0x00000010   Code   RO          135    .text.DMA1_Channel2_IRQHandler  stm32f1xx_it.o
    0x080003dc   0x080003dc   0x00000010   Code   RO          137    .text.DMA1_Channel3_IRQHandler  stm32f1xx_it.o
    0x080003ec   0x080003ec   0x00000010   Code   RO          139    .text.DMA1_Channel5_IRQHandler  stm32f1xx_it.o
    0x080003fc   0x080003fc   0x00000010   Code   RO          141    .text.DMA1_Channel6_IRQHandler  stm32f1xx_it.o
    0x0800040c   0x0800040c   0x00000010   Code   RO          143    .text.DMA1_Channel7_IRQHandler  stm32f1xx_it.o
    0x0800041c   0x0800041c   0x00000050   Code   RO          401    .text.DMA_SetConfig  stm32f1xx_hal_dma.o
    0x0800046c   0x0800046c   0x00000002   Code   RO          127    .text.DebugMon_Handler  stm32f1xx_it.o
    0x0800046e   0x0800046e   0x00000002   PAD
    0x08000470   0x08000470   0x000000f6   Code   RO           37    .text.DrawFlowOnDin3  main.o
    0x08000566   0x08000566   0x00000002   PAD
    0x08000568   0x08000568   0x00000032   Code   RO           41    .text.DrawPendingPattern  main.o
    0x0800059a   0x0800059a   0x00000002   PAD
    0x0800059c   0x0800059c   0x00000042   Code   RO           35    .text.DrawSelectedPattern  main.o
    0x080005de   0x080005de   0x00000002   PAD
    0x080005e0   0x080005e0   0x0000000e   Code   RO           19    .text.Error_Handler  main.o
    0x080005ee   0x080005ee   0x00000002   PAD
    0x080005f0   0x080005f0   0x0000002e   Code   RO           23    .text.GetPressedHitButton  main.o
    0x0800061e   0x0800061e   0x00000002   PAD
    0x08000620   0x08000620   0x00000052   Code   RO          213    .text.HAL_CAN_ActivateNotification  stm32f1xx_hal_can.o
    0x08000672   0x08000672   0x00000002   PAD
    0x08000674   0x08000674   0x00000156   Code   RO          199    .text.HAL_CAN_AddTxMessage  stm32f1xx_hal_can.o
    0x080007ca   0x080007ca   0x00000002   PAD
    0x080007cc   0x080007cc   0x0000017a   Code   RO          189    .text.HAL_CAN_ConfigFilter  stm32f1xx_hal_can.o
    0x08000946   0x08000946   0x00000002   PAD
    0x08000948   0x08000948   0x00000008   Code   RO          243    .text.HAL_CAN_ErrorCallback  stm32f1xx_hal_can.o
    0x08000950   0x08000950   0x00000212   Code   RO          209    .text.HAL_CAN_GetRxMessage  stm32f1xx_hal_can.o
    0x08000b62   0x08000b62   0x00000002   PAD
    0x08000b64   0x08000b64   0x000003f2   Code   RO          217    .text.HAL_CAN_IRQHandler  stm32f1xx_hal_can.o
    0x08000f56   0x08000f56   0x00000002   PAD
    0x08000f58   0x08000f58   0x000001de   Code   RO          179    .text.HAL_CAN_Init  stm32f1xx_hal_can.o
    0x08001136   0x08001136   0x00000002   PAD
    0x08001138   0x08001138   0x000000ae   Code   RO           67    .text.HAL_CAN_MspInit  can.o
    0x080011e6   0x080011e6   0x00000002   PAD
    0x080011e8   0x080011e8   0x00000008   Code   RO          231    .text.HAL_CAN_RxFifo0FullCallback  stm32f1xx_hal_can.o
    0x080011f0   0x080011f0   0x00000032   Code   RO         1050    .text.HAL_CAN_RxFifo0MsgPendingCallback  can_task.o
    0x08001222   0x08001222   0x00000002   PAD
    0x08001224   0x08001224   0x00000008   Code   RO          235    .text.HAL_CAN_RxFifo1FullCallback  stm32f1xx_hal_can.o
    0x0800122c   0x0800122c   0x00000008   Code   RO          237    .text.HAL_CAN_RxFifo1MsgPendingCallback  stm32f1xx_hal_can.o
    0x08001234   0x08001234   0x00000008   Code   RO          239    .text.HAL_CAN_SleepCallback  stm32f1xx_hal_can.o
    0x0800123c   0x0800123c   0x0000008a   Code   RO          191    .text.HAL_CAN_Start  stm32f1xx_hal_can.o
    0x080012c6   0x080012c6   0x00000002   PAD
    0x080012c8   0x080012c8   0x00000008   Code   RO          221    .text.HAL_CAN_TxMailbox0AbortCallback  stm32f1xx_hal_can.o
    0x080012d0   0x080012d0   0x00000008   Code   RO          219    .text.HAL_CAN_TxMailbox0CompleteCallback  stm32f1xx_hal_can.o
    0x080012d8   0x080012d8   0x00000008   Code   RO          225    .text.HAL_CAN_TxMailbox1AbortCallback  stm32f1xx_hal_can.o
    0x080012e0   0x080012e0   0x00000008   Code   RO          223    .text.HAL_CAN_TxMailbox1CompleteCallback  stm32f1xx_hal_can.o
    0x080012e8   0x080012e8   0x00000008   Code   RO          229    .text.HAL_CAN_TxMailbox2AbortCallback  stm32f1xx_hal_can.o
    0x080012f0   0x080012f0   0x00000008   Code   RO          227    .text.HAL_CAN_TxMailbox2CompleteCallback  stm32f1xx_hal_can.o
    0x080012f8   0x080012f8   0x00000008   Code   RO          241    .text.HAL_CAN_WakeUpFromRxMsgCallback  stm32f1xx_hal_can.o
    0x08001300   0x08001300   0x0000011c   Code   RO          407    .text.HAL_DMA_Abort_IT  stm32f1xx_hal_dma.o
    0x0800141c   0x0800141c   0x00000286   Code   RO          411    .text.HAL_DMA_IRQHandler  stm32f1xx_hal_dma.o
    0x080016a2   0x080016a2   0x00000002   PAD
    0x080016a4   0x080016a4   0x000000ae   Code   RO          395    .text.HAL_DMA_Init  stm32f1xx_hal_dma.o
    0x08001752   0x08001752   0x00000002   PAD
    0x08001754   0x08001754   0x000000ca   Code   RO          403    .text.HAL_DMA_Start_IT  stm32f1xx_hal_dma.o
    0x0800181e   0x0800181e   0x00000002   PAD
    0x08001820   0x08001820   0x00000042   Code   RO          278    .text.HAL_Delay     stm32f1xx_hal.o
    0x08001862   0x08001862   0x00000002   PAD
    0x08001864   0x08001864   0x0000031e   Code   RO          372    .text.HAL_GPIO_Init  stm32f1xx_hal_gpio.o
    0x08001b82   0x08001b82   0x00000002   PAD
    0x08001b84   0x08001b84   0x0000002e   Code   RO          376    .text.HAL_GPIO_ReadPin  stm32f1xx_hal_gpio.o
    0x08001bb2   0x08001bb2   0x00000002   PAD
    0x08001bb4   0x08001bb4   0x0000000c   Code   RO          270    .text.HAL_GetTick   stm32f1xx_hal.o
    0x08001bc0   0x08001bc0   0x0000001a   Code   RO          268    .text.HAL_IncTick   stm32f1xx_hal.o
    0x08001bda   0x08001bda   0x00000002   PAD
    0x08001bdc   0x08001bdc   0x00000026   Code   RO          258    .text.HAL_Init      stm32f1xx_hal.o
    0x08001c02   0x08001c02   0x00000002   PAD
    0x08001c04   0x08001c04   0x00000070   Code   RO          260    .text.HAL_InitTick  stm32f1xx_hal.o
    0x08001c74   0x08001c74   0x00000064   Code   RO          158    .text.HAL_MspInit   stm32f1xx_hal_msp.o
    0x08001cd8   0x08001cd8   0x00000014   Code   RO          440    .text.HAL_NVIC_EnableIRQ  stm32f1xx_hal_cortex.o
    0x08001cec   0x08001cec   0x00000032   Code   RO          432    .text.HAL_NVIC_SetPriority  stm32f1xx_hal_cortex.o
    0x08001d1e   0x08001d1e   0x00000002   PAD
    0x08001d20   0x08001d20   0x00000010   Code   RO          428    .text.HAL_NVIC_SetPriorityGrouping  stm32f1xx_hal_cortex.o
    0x08001d30   0x08001d30   0x00000256   Code   RO          324    .text.HAL_RCC_ClockConfig  stm32f1xx_hal_rcc.o
    0x08001f86   0x08001f86   0x00000002   PAD
    0x08001f88   0x08001f88   0x000000bc   Code   RO          326    .text.HAL_RCC_GetSysClockFreq  stm32f1xx_hal_rcc.o
    0x08002044   0x08002044   0x0000067a   Code   RO          320    .text.HAL_RCC_OscConfig  stm32f1xx_hal_rcc.o
    0x080026be   0x080026be   0x00000002   PAD
    0x080026c0   0x080026c0   0x00000010   Code   RO          452    .text.HAL_SYSTICK_Config  stm32f1xx_hal_cortex.o
    0x080026d0   0x080026d0   0x00000008   Code   RO          959    .text.HAL_TIMEx_BreakCallback  stm32f1xx_hal_tim_ex.o
    0x080026d8   0x080026d8   0x00000008   Code   RO          955    .text.HAL_TIMEx_CommutCallback  stm32f1xx_hal_tim_ex.o
    0x080026e0   0x080026e0   0x000000dc   Code   RO          949    .text.HAL_TIMEx_MasterConfigSynchronization  stm32f1xx_hal_tim_ex.o
    0x080027bc   0x080027bc   0x0000009c   Code   RO          636    .text.HAL_TIM_Base_Init  stm32f1xx_hal_tim.o
    0x08002858   0x08002858   0x000002ce   Code   RO           95    .text.HAL_TIM_Base_MspInit  tim.o
    0x08002b26   0x08002b26   0x00000002   PAD
    0x08002b28   0x08002b28   0x000000b0   Code   RO          650    .text.HAL_TIM_Base_Start_IT  stm32f1xx_hal_tim.o
    0x08002bd8   0x08002bd8   0x00000184   Code   RO          828    .text.HAL_TIM_ConfigClockSource  stm32f1xx_hal_tim.o
    0x08002d5c   0x08002d5c   0x00000008   Code   RO          854    .text.HAL_TIM_ErrorCallback  stm32f1xx_hal_tim.o
    0x08002d64   0x08002d64   0x00000008   Code   RO          772    .text.HAL_TIM_IC_CaptureCallback  stm32f1xx_hal_tim.o
    0x08002d6c   0x08002d6c   0x0000021a   Code   RO          770    .text.HAL_TIM_IRQHandler  stm32f1xx_hal_tim.o
    0x08002f86   0x08002f86   0x00000002   PAD
    0x08002f88   0x08002f88   0x000000e6   Code   RO           89    .text.HAL_TIM_MspPostInit  tim.o
    0x0800306e   0x0800306e   0x00000002   PAD
    0x08003070   0x08003070   0x00000008   Code   RO          774    .text.HAL_TIM_OC_DelayElapsedCallback  stm32f1xx_hal_tim.o
    0x08003078   0x08003078   0x00000142   Code   RO          802    .text.HAL_TIM_PWM_ConfigChannel  stm32f1xx_hal_tim.o
    0x080031ba   0x080031ba   0x00000002   PAD
    0x080031bc   0x080031bc   0x0000009c   Code   RO          690    .text.HAL_TIM_PWM_Init  stm32f1xx_hal_tim.o
    0x08003258   0x08003258   0x00000008   Code   RO          692    .text.HAL_TIM_PWM_MspInit  stm32f1xx_hal_tim.o
    0x08003260   0x08003260   0x0000011e   Code   RO          996    .text.HAL_TIM_PWM_PulseFinishedCallback  ws2812.o
    0x0800337e   0x0800337e   0x00000002   PAD
    0x08003380   0x08003380   0x00000008   Code   RO          850    .text.HAL_TIM_PWM_PulseFinishedHalfCpltCallback  stm32f1xx_hal_tim.o
    0x08003388   0x08003388   0x0000036e   Code   RO          706    .text.HAL_TIM_PWM_Start_DMA  stm32f1xx_hal_tim.o
    0x080036f6   0x080036f6   0x00000002   PAD
    0x080036f8   0x080036f8   0x00000174   Code   RO          708    .text.HAL_TIM_PWM_Stop_DMA  stm32f1xx_hal_tim.o
    0x0800386c   0x0800386c   0x00000022   Code   RO           31    .text.HAL_TIM_PeriodElapsedCallback  main.o
    0x0800388e   0x0800388e   0x00000002   PAD
    0x08003890   0x08003890   0x00000008   Code   RO          780    .text.HAL_TIM_TriggerCallback  stm32f1xx_hal_tim.o
    0x08003898   0x08003898   0x00000004   Code   RO          117    .text.HardFault_Handler  stm32f1xx_it.o
    0x0800389c   0x0800389c   0x0000001c   Code   RO           21    .text.KeepDin5AlwaysOn  main.o
    0x080038b8   0x080038b8   0x00000022   Code   RO           11    .text.KeyScan_TimerTick  main.o
    0x080038da   0x080038da   0x00000002   PAD
    0x080038dc   0x080038dc   0x0000004e   Code   RO           65    .text.MX_CAN_Init   can.o
    0x0800392a   0x0800392a   0x00000002   PAD
    0x0800392c   0x0800392c   0x00000094   Code   RO           79    .text.MX_DMA_Init   dma.o
    0x080039c0   0x080039c0   0x000000a8   Code   RO           57    .text.MX_GPIO_Init  gpio.o
    0x08003a68   0x08003a68   0x00000104   Code   RO           87    .text.MX_TIM2_Init  tim.o
    0x08003b6c   0x08003b6c   0x00000108   Code   RO           91    .text.MX_TIM3_Init  tim.o
    0x08003c74   0x08003c74   0x00000084   Code   RO           93    .text.MX_TIM4_Init  tim.o
    0x08003cf8   0x08003cf8   0x00000004   Code   RO          119    .text.MemManage_Handler  stm32f1xx_it.o
    0x08003cfc   0x08003cfc   0x00000004   Code   RO          115    .text.NMI_Handler   stm32f1xx_it.o
    0x08003d00   0x08003d00   0x0000006c   Code   RO          438    .text.NVIC_EncodePriority  stm32f1xx_hal_cortex.o
    0x08003d6c   0x08003d6c   0x00000002   Code   RO          129    .text.PendSV_Handler  stm32f1xx_it.o
    0x08003d6e   0x08003d6e   0x00000002   PAD
    0x08003d70   0x08003d70   0x0000000a   Code   RO           29    .text.PlayHitEffect  main.o
    0x08003d7a   0x08003d7a   0x00000002   PAD
    0x08003d7c   0x08003d7c   0x0000003a   Code   RO          322    .text.RCC_Delay     stm32f1xx_hal_rcc.o
    0x08003db6   0x08003db6   0x00000002   PAD
    0x08003db8   0x08003db8   0x00000044   Code   RO         1048    .text.RUI_F_CAN_SEDN_UNION  can_task.o
    0x08003dfc   0x08003dfc   0x0000005e   Code   RO           13    .text.ReadPressedHitButtonRaw  main.o
    0x08003e5a   0x08003e5a   0x00000002   PAD
    0x08003e5c   0x08003e5c   0x00000066   Code   RO           27    .text.RenderFlowHitFrame  main.o
    0x08003ec2   0x08003ec2   0x00000002   PAD
    0x08003ec4   0x08003ec4   0x00000054   Code   RO           39    .text.RenderHitFrame  main.o
    0x08003f18   0x08003f18   0x0000002a   Code   RO           25    .text.RenderPowerOnFrame  main.o
    0x08003f42   0x08003f42   0x00000002   PAD
    0x08003f44   0x08003f44   0x00000002   Code   RO          125    .text.SVC_Handler   stm32f1xx_it.o
    0x08003f46   0x08003f46   0x00000002   PAD
    0x08003f48   0x08003f48   0x0000007e   Code   RO           33    .text.SetRangeColor  main.o
    0x08003fc6   0x08003fc6   0x00000002   PAD
    0x08003fc8   0x08003fc8   0x00000052   Code   RO          454    .text.SysTick_Config  stm32f1xx_hal_cortex.o
    0x0800401a   0x0800401a   0x00000002   PAD
    0x0800401c   0x0800401c   0x00000008   Code   RO          131    .text.SysTick_Handler  stm32f1xx_it.o
    0x08004024   0x08004024   0x0000006c   Code   RO           17    .text.SystemClock_Config  main.o
    0x08004090   0x08004090   0x00000002   Code   RO          972    .text.SystemInit    system_stm32f1xx.o
    0x08004092   0x08004092   0x00000002   PAD
    0x08004094   0x08004094   0x00000010   Code   RO          147    .text.TIM2_IRQHandler  stm32f1xx_it.o
    0x080040a4   0x080040a4   0x00000010   Code   RO          149    .text.TIM4_IRQHandler  stm32f1xx_it.o
    0x080040b4   0x080040b4   0x00000106   Code   RO          640    .text.TIM_Base_SetConfig  stm32f1xx_hal_tim.o
    0x080041ba   0x080041ba   0x00000002   PAD
    0x080041bc   0x080041bc   0x00000036   Code   RO          674    .text.TIM_CCxChannelCmd  stm32f1xx_hal_tim.o
    0x080041f2   0x080041f2   0x00000002   PAD
    0x080041f4   0x080041f4   0x000000bc   Code   RO          684    .text.TIM_DMADelayPulseCplt  stm32f1xx_hal_tim.o
    0x080042b0   0x080042b0   0x00000074   Code   RO          686    .text.TIM_DMADelayPulseHalfCplt  stm32f1xx_hal_tim.o
    0x08004324   0x08004324   0x0000009a   Code   RO          660    .text.TIM_DMAError  stm32f1xx_hal_tim.o
    0x080043be   0x080043be   0x00000002   PAD
    0x080043c0   0x080043c0   0x00000034   Code   RO          826    .text.TIM_ETR_SetConfig  stm32f1xx_hal_tim.o
    0x080043f4   0x080043f4   0x0000002a   Code   RO          832    .text.TIM_ITRx_SetConfig  stm32f1xx_hal_tim.o
    0x0800441e   0x0800441e   0x00000002   PAD
    0x08004420   0x08004420   0x000000ce   Code   RO          784    .text.TIM_OC1_SetConfig  stm32f1xx_hal_tim.o
    0x080044ee   0x080044ee   0x00000002   PAD
    0x080044f0   0x080044f0   0x000000d8   Code   RO          786    .text.TIM_OC2_SetConfig  stm32f1xx_hal_tim.o
    0x080045c8   0x080045c8   0x000000d6   Code   RO          788    .text.TIM_OC3_SetConfig  stm32f1xx_hal_tim.o
    0x0800469e   0x0800469e   0x00000002   PAD
    0x080046a0   0x080046a0   0x00000096   Code   RO          790    .text.TIM_OC4_SetConfig  stm32f1xx_hal_tim.o
    0x08004736   0x08004736   0x00000002   PAD
    0x08004738   0x08004738   0x00000050   Code   RO          830    .text.TIM_TI1_ConfigInputStage  stm32f1xx_hal_tim.o
    0x08004788   0x08004788   0x00000052   Code   RO          834    .text.TIM_TI2_ConfigInputStage  stm32f1xx_hal_tim.o
    0x080047da   0x080047da   0x00000002   PAD
    0x080047dc   0x080047dc   0x00000010   Code   RO          145    .text.USB_LP_CAN1_RX0_IRQHandler  stm32f1xx_it.o
    0x080047ec   0x080047ec   0x00000004   Code   RO          123    .text.UsageFault_Handler  stm32f1xx_it.o
    0x080047f0   0x080047f0   0x000000c6   Code   RO          994    .text.WS2812_FillBuffer  ws2812.o
    0x080048b6   0x080048b6   0x00000002   PAD
    0x080048b8   0x080048b8   0x00000024   Code   RO          986    .text.WS2812_Init   ws2812.o
    0x080048dc   0x080048dc   0x000000a2   Code   RO          992    .text.WS2812_SendAll  ws2812.o
    0x0800497e   0x0800497e   0x00000002   PAD
    0x08004980   0x08004980   0x0000004a   Code   RO          990    .text.WS2812_SetAll  ws2812.o
    0x080049ca   0x080049ca   0x00000002   PAD
    0x080049cc   0x080049cc   0x0000005c   Code   RO          988    .text.WS2812_SetPixel  ws2812.o
    0x08004a28   0x08004a28   0x00000030   Code   RO          442    .text.__NVIC_EnableIRQ  stm32f1xx_hal_cortex.o
    0x08004a58   0x08004a58   0x00000010   Code   RO          434    .text.__NVIC_GetPriorityGrouping  stm32f1xx_hal_cortex.o
    0x08004a68   0x08004a68   0x00000042   Code   RO          436    .text.__NVIC_SetPriority  stm32f1xx_hal_cortex.o
    0x08004aaa   0x08004aaa   0x00000002   PAD
    0x08004aac   0x08004aac   0x0000003c   Code   RO          430    .text.__NVIC_SetPriorityGrouping  stm32f1xx_hal_cortex.o
    0x08004ae8   0x08004ae8   0x000003ce   Code   RO           15    .text.main          main.o
    0x08004eb6   0x08004eb6   0x00000010   Data   RO          977    .rodata.AHBPrescTable  system_stm32f1xx.o
    0x08004ec6   0x08004ec6   0x00000010   Data   RO          348    .rodata.HAL_RCC_GetSysClockFreq.aPLLMULFactorTable  stm32f1xx_hal_rcc.o
    0x08004ed6   0x08004ed6   0x00000002   Data   RO          349    .rodata.HAL_RCC_GetSysClockFreq.aPredivFactorTable  stm32f1xx_hal_rcc.o
    0x08004ed8   0x08004ed8   0x0000000e   Data   RO           48    .rodata.kArrowGroupLocalStarts  main.o
    0x08004ee6   0x08004ee6   0x0000000e   Data   RO           47    .rodata.kArrowGroupZoneStarts  main.o
    0x08004ef4   0x08004ef4   0x00000050   Data   RO           45    .rodata.kHitButtons  main.o
    0x08004f44   0x08004f44   0x00000108   Data   RO           46    .rodata.kSelectedPatternLeds  main.o
    0x0800504c   0x0800504c   0x00000020   Data   RO         1236    Region$$Table       anon$$obj.o


    Execution Region RW_IRAM1 (Exec base: 0x20000000, Load base: 0x08005070, Size: 0x000048b0, Max: 0x00005000, ABSOLUTE)

    Exec Addr    Load Addr    Size         Type   Attr      Idx    E Section Name        Object

    0x20000000   0x08005070   0x00000004   Data   RW          976    .data.SystemCoreClock  system_stm32f1xx.o
    0x20000004   0x08005074   0x00000048   Data   RW         1001    .data.strips        ws2812.o
    0x2000004c   0x080050bc   0x00000001   Data   RW          309    .data.uwTickFreq    stm32f1xx_hal.o
    0x2000004d   0x080050bd   0x00000003   PAD
    0x20000050   0x080050c0   0x00000004   Data   RW          308    .data.uwTickPrio    stm32f1xx_hal.o
    0x20000054   0x080050c4   0x00000004   PAD
    0x20000058        -       0x00000060   Zero   RW         1101    .bss                c_w.l(libspace.o)
    0x200000b8        -       0x00000008   Zero   RW         1056    .bss.CAN1RXmessage  can_task.o
    0x200000c0        -       0x00000028   Zero   RW         1055    .bss.CAN_FilterInitStrt  can_task.o
    0x200000e8        -       0x00000a23   Zero   RW          999    .bss.LED_Data       ws2812.o
    0x20000b0b   0x080050c4   0x00000001   PAD
    0x20000b0c        -       0x000034e4   Zero   RW         1000    .bss.PWM_Buffer     ws2812.o
    0x20003ff0        -       0x00000001   Zero   RW         1054    .bss.a              can_task.o
    0x20003ff1   0x080050c4   0x00000003   PAD
    0x20003ff4        -       0x00000028   Zero   RW           71    .bss.hcan           can.o
    0x2000401c        -       0x00000044   Zero   RW          102    .bss.hdma_tim2_ch1  tim.o
    0x20004060        -       0x00000044   Zero   RW          104    .bss.hdma_tim2_ch2_ch4  tim.o
    0x200040a4        -       0x00000044   Zero   RW          103    .bss.hdma_tim2_ch3  tim.o
    0x200040e8        -       0x00000044   Zero   RW          105    .bss.hdma_tim3_ch1_trig  tim.o
    0x2000412c        -       0x00000044   Zero   RW          106    .bss.hdma_tim3_ch2  tim.o
    0x20004170        -       0x00000044   Zero   RW          107    .bss.hdma_tim3_ch3  tim.o
    0x200041b4        -       0x00000048   Zero   RW           99    .bss.htim2          tim.o
    0x200041fc        -       0x00000048   Zero   RW          100    .bss.htim3          tim.o
    0x20004244        -       0x00000048   Zero   RW          101    .bss.htim4          tim.o
    0x2000428c        -       0x00000001   Zero   RW          998    .bss.isSending      ws2812.o
    0x2000428d        -       0x00000001   Zero   RW           44    .bss.key_lock       main.o
    0x2000428e        -       0x00000001   Zero   RW           43    .bss.pending_hit_key  main.o
    0x2000428f   0x080050c4   0x00000001   PAD
    0x20004290        -       0x0000001c   Zero   RW         1057    .bss.rx1            can_task.o
    0x200042ac        -       0x00000004   Zero   RW          310    .bss.uwTick         stm32f1xx_hal.o
    0x200042b0        -       0x00000200   Zero   RW            2    HEAP                startup_stm32f103xb.o
    0x200044b0        -       0x00000400   Zero   RW            1    STACK               startup_stm32f103xb.o


==============================================================================

Image component sizes


      Code (inc. data)   RO Data    RW Data    ZI Data      Debug   Object Name

       252          0          0          0         40       4706   can.o
       300          0          0          0         77       4190   can_task.o
       148          0          0          0          0       2036   dma.o
       168          0          0          0          0       1447   gpio.o
      2058          0        372          0          2       8517   main.o
        64         26        236          0       1536        852   startup_stm32f103xb.o
       254          0          0          5          4       5588   stm32f1xx_hal.o
      3054          0          0          0          0      11359   stm32f1xx_hal_can.o
       482          0          0          0          0       7574   stm32f1xx_hal_cortex.o
      1386          0          0          0          0       6327   stm32f1xx_hal_dma.o
       844          0          0          0          0       4252   stm32f1xx_hal_gpio.o
       100          0          0          0          0       1226   stm32f1xx_hal_msp.o
      2502          0         18          0          0       7453   stm32f1xx_hal_rcc.o
      4850         42          0          0          0      35690   stm32f1xx_hal_tim.o
       236          0          0          0          0      15135   stm32f1xx_hal_tim_ex.o
       178          0          0          0          0       1911   stm32f1xx_it.o
         2          0         16          4          0       1595   system_stm32f1xx.o
      1604          0          0          0        624       7839   tim.o
       848          0          0         72      16136       5308   ws2812.o

    ----------------------------------------------------------------------
     19446         68        674         84      18428     133005   Object Totals
         0          0         32          0          0          0   (incl. Generated)
       116          0          0          3          9          0   (incl. Padding)

    ----------------------------------------------------------------------

      Code (inc. data)   RO Data    RW Data    ZI Data      Debug   Library Member Name

         8          0          0          0          0         68   __main.o
         0          0          0          0          0          0   __rtentry.o
        12          0          0          0          0          0   __rtentry2.o
         6          0          0          0          0          0   __rtentry4.o
        94          8          0          0          0          0   __scatter.o
        26          0          0          0          0          0   __scatter_copy.o
        28          0          0          0          0          0   __scatter_zi.o
        18          0          0          0          0         80   exit.o
         6          0          0          0          0        152   heapauxi.o
         0          0          0          0          0          0   indicate_semi.o
         2          0          0          0          0          0   libinit.o
         2          0          0          0          0          0   libinit2.o
         2          0          0          0          0          0   libshutdown.o
         2          0          0          0          0          0   libshutdown2.o
         8          4          0          0         96         68   libspace.o
        68          0          0          0          0         68   rt_memclr.o
        78          0          0          0          0         80   rt_memclr_w.o
         2          0          0          0          0          0   rtexit.o
        10          0          0          0          0          0   rtexit2.o
        12          4          0          0          0         68   sys_exit.o
        74          0          0          0          0         80   sys_stackheap_outer.o
         2          0          0          0          0         68   use_no_semi.o

    ----------------------------------------------------------------------
       468         16          0          0         96        732   Library Totals
         8          0          0          0          0          0   (incl. Padding)

    ----------------------------------------------------------------------

      Code (inc. data)   RO Data    RW Data    ZI Data      Debug   Library Name

       460         16          0          0         96        732   c_w.l

    ----------------------------------------------------------------------
       468         16          0          0         96        732   Library Totals

    ----------------------------------------------------------------------

==============================================================================


      Code (inc. data)   RO Data    RW Data    ZI Data      Debug   

     19914         84        674         84      18524     133253   Grand Totals
     19914         84        674         84      18524     133253   ELF Image Totals
     19914         84        674         84          0          0   ROM Totals

==============================================================================

    Total RO  Size (Code + RO Data)                20588 (  20.11kB)
    Total RW  Size (RW Data + ZI Data)             18608 (  18.17kB)
    Total ROM Size (Code + RO Data + RW Data)      20672 (  20.19kB)

==============================================================================

