Archive member included to satisfy reference by file (symbol)

C:/PROGRA~2/ARMGNU~1/14EFD8~1.2RE/bin/../lib/gcc/arm-none-eabi/14.2.1/thumb/v7-m/nofp\libg_nano.a(libc_a-exit.o)
                              C:/PROGRA~2/ARMGNU~1/14EFD8~1.2RE/bin/../lib/gcc/arm-none-eabi/14.2.1/thumb/v7-m/nofp/crt0.o (exit)
C:/PROGRA~2/ARMGNU~1/14EFD8~1.2RE/bin/../lib/gcc/arm-none-eabi/14.2.1/thumb/v7-m/nofp\libg_nano.a(libc_a-findfp.o)
                              C:/PROGRA~2/ARMGNU~1/14EFD8~1.2RE/bin/../lib/gcc/arm-none-eabi/14.2.1/thumb/v7-m/nofp\libg_nano.a(libc_a-exit.o) (__stdio_exit_handler)
C:/PROGRA~2/ARMGNU~1/14EFD8~1.2RE/bin/../lib/gcc/arm-none-eabi/14.2.1/thumb/v7-m/nofp\libg_nano.a(libc_a-fwalk.o)
                              C:/PROGRA~2/ARMGNU~1/14EFD8~1.2RE/bin/../lib/gcc/arm-none-eabi/14.2.1/thumb/v7-m/nofp\libg_nano.a(libc_a-findfp.o) (_fwalk_sglue)
C:/PROGRA~2/ARMGNU~1/14EFD8~1.2RE/bin/../lib/gcc/arm-none-eabi/14.2.1/thumb/v7-m/nofp\libg_nano.a(libc_a-stdio.o)
                              C:/PROGRA~2/ARMGNU~1/14EFD8~1.2RE/bin/../lib/gcc/arm-none-eabi/14.2.1/thumb/v7-m/nofp\libg_nano.a(libc_a-findfp.o) (__sread)
C:/PROGRA~2/ARMGNU~1/14EFD8~1.2RE/bin/../lib/gcc/arm-none-eabi/14.2.1/thumb/v7-m/nofp\libg_nano.a(libc_a-memset.o)
                              C:/PROGRA~2/ARMGNU~1/14EFD8~1.2RE/bin/../lib/gcc/arm-none-eabi/14.2.1/thumb/v7-m/nofp/crt0.o (memset)
C:/PROGRA~2/ARMGNU~1/14EFD8~1.2RE/bin/../lib/gcc/arm-none-eabi/14.2.1/thumb/v7-m/nofp\libg_nano.a(libc_a-closer.o)
                              C:/PROGRA~2/ARMGNU~1/14EFD8~1.2RE/bin/../lib/gcc/arm-none-eabi/14.2.1/thumb/v7-m/nofp\libg_nano.a(libc_a-stdio.o) (_close_r)
C:/PROGRA~2/ARMGNU~1/14EFD8~1.2RE/bin/../lib/gcc/arm-none-eabi/14.2.1/thumb/v7-m/nofp\libg_nano.a(libc_a-reent.o)
                              C:/PROGRA~2/ARMGNU~1/14EFD8~1.2RE/bin/../lib/gcc/arm-none-eabi/14.2.1/thumb/v7-m/nofp\libg_nano.a(libc_a-closer.o) (errno)
C:/PROGRA~2/ARMGNU~1/14EFD8~1.2RE/bin/../lib/gcc/arm-none-eabi/14.2.1/thumb/v7-m/nofp\libg_nano.a(libc_a-impure.o)
                              C:/PROGRA~2/ARMGNU~1/14EFD8~1.2RE/bin/../lib/gcc/arm-none-eabi/14.2.1/thumb/v7-m/nofp\libg_nano.a(libc_a-reent.o) (_impure_ptr)
C:/PROGRA~2/ARMGNU~1/14EFD8~1.2RE/bin/../lib/gcc/arm-none-eabi/14.2.1/thumb/v7-m/nofp\libg_nano.a(libc_a-lseekr.o)
                              C:/PROGRA~2/ARMGNU~1/14EFD8~1.2RE/bin/../lib/gcc/arm-none-eabi/14.2.1/thumb/v7-m/nofp\libg_nano.a(libc_a-stdio.o) (_lseek_r)
C:/PROGRA~2/ARMGNU~1/14EFD8~1.2RE/bin/../lib/gcc/arm-none-eabi/14.2.1/thumb/v7-m/nofp\libg_nano.a(libc_a-readr.o)
                              C:/PROGRA~2/ARMGNU~1/14EFD8~1.2RE/bin/../lib/gcc/arm-none-eabi/14.2.1/thumb/v7-m/nofp\libg_nano.a(libc_a-stdio.o) (_read_r)
C:/PROGRA~2/ARMGNU~1/14EFD8~1.2RE/bin/../lib/gcc/arm-none-eabi/14.2.1/thumb/v7-m/nofp\libg_nano.a(libc_a-writer.o)
                              C:/PROGRA~2/ARMGNU~1/14EFD8~1.2RE/bin/../lib/gcc/arm-none-eabi/14.2.1/thumb/v7-m/nofp\libg_nano.a(libc_a-stdio.o) (_write_r)
C:/PROGRA~2/ARMGNU~1/14EFD8~1.2RE/bin/../lib/gcc/arm-none-eabi/14.2.1/thumb/v7-m/nofp\libg_nano.a(libc_a-errno.o)
                              CMakeFiles/fu_slave1.dir/Core/Src/sysmem.c.obj (__errno)
C:/PROGRA~2/ARMGNU~1/14EFD8~1.2RE/bin/../lib/gcc/arm-none-eabi/14.2.1/thumb/v7-m/nofp\libg_nano.a(libc_a-init.o)
                              C:/PROGRA~2/ARMGNU~1/14EFD8~1.2RE/bin/../lib/gcc/arm-none-eabi/14.2.1/thumb/v7-m/nofp/crt0.o (__libc_init_array)
C:/PROGRA~2/ARMGNU~1/14EFD8~1.2RE/bin/../lib/gcc/arm-none-eabi/14.2.1/thumb/v7-m/nofp\libg_nano.a(libc_a-lock.o)
                              C:/PROGRA~2/ARMGNU~1/14EFD8~1.2RE/bin/../lib/gcc/arm-none-eabi/14.2.1/thumb/v7-m/nofp\libg_nano.a(libc_a-findfp.o) (__retarget_lock_init_recursive)
C:/PROGRA~2/ARMGNU~1/14EFD8~1.2RE/bin/../lib/gcc/arm-none-eabi/14.2.1/thumb/v7-m/nofp\libg_nano.a(libc_a-freer.o)
                              C:/PROGRA~2/ARMGNU~1/14EFD8~1.2RE/bin/../lib/gcc/arm-none-eabi/14.2.1/thumb/v7-m/nofp\libg_nano.a(libc_a-reent.o) (_free_r)
C:/PROGRA~2/ARMGNU~1/14EFD8~1.2RE/bin/../lib/gcc/arm-none-eabi/14.2.1/thumb/v7-m/nofp\libg_nano.a(libc_a-mallocr.o)
                              C:/PROGRA~2/ARMGNU~1/14EFD8~1.2RE/bin/../lib/gcc/arm-none-eabi/14.2.1/thumb/v7-m/nofp\libg_nano.a(libc_a-findfp.o) (_malloc_r)
C:/PROGRA~2/ARMGNU~1/14EFD8~1.2RE/bin/../lib/gcc/arm-none-eabi/14.2.1/thumb/v7-m/nofp\libg_nano.a(libc_a-mlock.o)
                              C:/PROGRA~2/ARMGNU~1/14EFD8~1.2RE/bin/../lib/gcc/arm-none-eabi/14.2.1/thumb/v7-m/nofp\libg_nano.a(libc_a-freer.o) (__malloc_lock)
C:/PROGRA~2/ARMGNU~1/14EFD8~1.2RE/bin/../lib/gcc/arm-none-eabi/14.2.1/thumb/v7-m/nofp\libg_nano.a(libc_a-fflush.o)
                              C:/PROGRA~2/ARMGNU~1/14EFD8~1.2RE/bin/../lib/gcc/arm-none-eabi/14.2.1/thumb/v7-m/nofp\libg_nano.a(libc_a-findfp.o) (_fflush_r)
C:/PROGRA~2/ARMGNU~1/14EFD8~1.2RE/bin/../lib/gcc/arm-none-eabi/14.2.1/thumb/v7-m/nofp\libg_nano.a(libc_a-sbrkr.o)
[...]
Memory Configuration

Name             Origin             Length             Attributes
RAM              0x20000000         0x00005000         xrw
FLASH            0x08000000         0x00010000         xr
*default*        0x00000000         0xffffffff

Linker script and memory map

LOAD C:/PROGRA~2/ARMGNU~1/14EFD8~1.2RE/bin/../lib/gcc/arm-none-eabi/14.2.1/thumb/v7-m/nofp/crti.o
LOAD C:/PROGRA~2/ARMGNU~1/14EFD8~1.2RE/bin/../lib/gcc/arm-none-eabi/14.2.1/thumb/v7-m/nofp/crtbegin.o
LOAD C:/PROGRA~2/ARMGNU~1/14EFD8~1.2RE/bin/../lib/gcc/arm-none-eabi/14.2.1/thumb/v7-m/nofp/crt0.o
LOAD cmake/stm32cubemx/CMakeFiles/STM32_Drivers.dir/__/__/Core/Src/system_stm32f1xx.c.obj
LOAD cmake/stm32cubemx/CMakeFiles/STM32_Drivers.dir/__/__/Drivers/STM32F1xx_HAL_Driver/Src/stm32f1xx_hal_gpio_ex.c.obj
LOAD cmake/stm32cubemx/CMakeFiles/STM32_Drivers.dir/__/__/Drivers/STM32F1xx_HAL_Driver/Src/stm32f1xx_hal_can.c.obj
LOAD cmake/stm32cubemx/CMakeFiles/STM32_Drivers.dir/__/__/Drivers/STM32F1xx_HAL_Driver/Src/stm32f1xx_hal.c.obj
LOAD cmake/stm32cubemx/CMakeFiles/STM32_Drivers.dir/__/__/Drivers/STM32F1xx_HAL_Driver/Src/stm32f1xx_hal_rcc.c.obj
LOAD cmake/stm32cubemx/CMakeFiles/STM32_Drivers.dir/__/__/Drivers/STM32F1xx_HAL_Driver/Src/stm32f1xx_hal_rcc_ex.c.obj
LOAD cmake/stm32cubemx/CMakeFiles/STM32_Drivers.dir/__/__/Drivers/STM32F1xx_HAL_Driver/Src/stm32f1xx_hal_gpio.c.obj
LOAD cmake/stm32cubemx/CMakeFiles/STM32_Drivers.dir/__/__/Drivers/STM32F1xx_HAL_Driver/Src/stm32f1xx_hal_dma.c.obj
LOAD cmake/stm32cubemx/CMakeFiles/STM32_Drivers.dir/__/__/Drivers/STM32F1xx_HAL_Driver/Src/stm32f1xx_hal_cortex.c.obj
LOAD cmake/stm32cubemx/CMakeFiles/STM32_Drivers.dir/__/__/Drivers/STM32F1xx_HAL_Driver/Src/stm32f1xx_hal_pwr.c.obj
LOAD cmake/stm32cubemx/CMakeFiles/STM32_Drivers.dir/__/__/Drivers/STM32F1xx_HAL_Driver/Src/stm32f1xx_hal_flash.c.obj
LOAD cmake/stm32cubemx/CMakeFiles/STM32_Drivers.dir/__/__/Drivers/STM32F1xx_HAL_Driver/Src/stm32f1xx_hal_flash_ex.c.obj
LOAD cmake/stm32cubemx/CMakeFiles/STM32_Drivers.dir/__/__/Drivers/STM32F1xx_HAL_Driver/Src/stm32f1xx_hal_exti.c.obj
LOAD cmake/stm32cubemx/CMakeFiles/STM32_Drivers.dir/__/__/Drivers/STM32F1xx_HAL_Driver/Src/stm32f1xx_hal_tim.c.obj
LOAD cmake/stm32cubemx/CMakeFiles/STM32_Drivers.dir/__/__/Drivers/STM32F1xx_HAL_Driver/Src/stm32f1xx_hal_tim_ex.c.obj
LOAD cmake/stm32cubemx/CMakeFiles/STM32_Drivers.dir/__/__/Drivers/STM32F1xx_HAL_Driver/Src/stm32f1xx_hal_uart.c.obj
LOAD CMakeFiles/fu_slave1.dir/user/BSP/ws2812.c.obj
LOAD CMakeFiles/fu_slave1.dir/user/BSP/can_slave.c.obj
LOAD CMakeFiles/fu_slave1.dir/user/APP/led_ring.c.obj
LOAD CMakeFiles/fu_slave1.dir/user/APP/energy_slave.c.obj
LOAD CMakeFiles/fu_slave1.dir/Core/Src/main.c.obj
LOAD CMakeFiles/fu_slave1.dir/Core/Src/gpio.c.obj
LOAD CMakeFiles/fu_slave1.dir/Core/Src/can.c.obj
LOAD CMakeFiles/fu_slave1.dir/Core/Src/dma.c.obj
LOAD CMakeFiles/fu_slave1.dir/Core/Src/tim.c.obj
LOAD CMakeFiles/fu_slave1.dir/Core/Src/usart.c.obj
LOAD CMakeFiles/fu_slave1.dir/Core/Src/stm32f1xx_it.c.obj
LOAD CMakeFiles/fu_slave1.dir/Core/Src/stm32f1xx_hal_msp.c.obj
LOAD CMakeFiles/fu_slave1.dir/Core/Src/sysmem.c.obj
LOAD CMakeFiles/fu_slave1.dir/Core/Src/syscalls.c.obj
LOAD CMakeFiles/fu_slave1.dir/startup_stm32f103xb.s.obj
LOAD C:/PROGRA~2/ARMGNU~1/14EFD8~1.2RE/bin/../lib/gcc/arm-none-eabi/14.2.1/thumb/v7-m/nofp\libm.a
START GROUP
LOAD C:/PROGRA~2/ARMGNU~1/14EFD8~1.2RE/bin/../lib/gcc/arm-none-eabi/14.2.1/thumb/v7-m/nofp\libgcc.a
LOAD C:/PROGRA~2/ARMGNU~1/14EFD8~1.2RE/bin/../lib/gcc/arm-none-eabi/14.2.1/thumb/v7-m/nofp\libg_nano.a
LOAD C:/PROGRA~2/ARMGNU~1/14EFD8~1.2RE/bin/../lib/gcc/arm-none-eabi/14.2.1/thumb/v7-m/nofp\libc_nano.a
END GROUP
START GROUP
LOAD C:/PROGRA~2/ARMGNU~1/14EFD8~1.2RE/bin/../lib/gcc/arm-none-eabi/14.2.1/thumb/v7-m/nofp\libgcc.a
LOAD C:/PROGRA~2/ARMGNU~1/14EFD8~1.2RE/bin/../lib/gcc/arm-none-eabi/14.2.1/thumb/v7-m/nofp\libc_nano.a
END GROUP
LOAD C:/PROGRA~2/ARMGNU~1/14EFD8~1.2RE/bin/../lib/gcc/arm-none-eabi/14.2.1/thumb/v7-m/nofp/crtend.o
LOAD C:/PROGRA~2/ARMGNU~1/14EFD8~1.2RE/bin/../lib/gcc/arm-none-eabi/14.2.1/thumb/v7-m/nofp/crtn.o
                0x20005000                        _estack = (ORIGIN (RAM) + LENGTH (RAM))
                0x00000200                        _Min_Heap_Size = 0x200
                0x00000400                        _Min_Stack_Size = 0x400

.isr_vector     0x08000000      0x10c
                0x08000000                        . = ALIGN (0x4)
 *(.isr_vector)
 .isr_vector    0x08000000      0x10c CMakeFiles/fu_slave1.dir/startup_stm32f103xb.s.obj
                0x08000000                g_pfnVectors
                0x0800010c                        . = ALIGN (0x4)

.text           0x0800010c     0x56c4
                0x0800010c                        . = ALIGN (0x4)
 *(.text)
 *(.text*)
 .text.deregister_tm_clones
                0x0800010c       0x1c C:/PROGRA~2/ARMGNU~1/14EFD8~1.2RE/bin/../lib/gcc/arm-none-eabi/14.2.1/thumb/v7-m/nofp/crtbegin.o
 .text.register_tm_clones
                0x08000128       0x24 C:/PROGRA~2/ARMGNU~1/14EFD8~1.2RE/bin/../lib/gcc/arm-none-eabi/14.2.1/thumb/v7-m/nofp/crtbegin.o
 .text.__do_global_dtors_aux
                0x0800014c       0x28 C:/PROGRA~2/ARMGNU~1/14EFD8~1.2RE/bin/../lib/gcc/arm-none-eabi/14.2.1/thumb/v7-m/nofp/crtbegin.o
 .text.frame_dummy
                0x08000174       0x24 C:/PROGRA~2/ARMGNU~1/14EFD8~1.2RE/bin/../lib/gcc/arm-none-eabi/14.2.1/thumb/v7-m/nofp/crtbegin.o
 .text.SystemInit
                0x08000198        0xc cmake/stm32cubemx/CMakeFiles/STM32_Drivers.dir/__/__/Core/Src/system_stm32f1xx.c.obj
                0x08000198                SystemInit
 .text.HAL_CAN_Init
                0x080001a4      0x1f6 cmake/stm32cubemx/CMakeFiles/STM32_Drivers.dir/__/__/Drivers/STM32F1xx_HAL_Driver/Src/stm32f1xx_hal_can.c.obj
                0x080001a4                HAL_CAN_Init
 .text.HAL_CAN_ConfigFilter
                0x0800039a      0x192 cmake/stm32cubemx/CMakeFiles/STM32_Drivers.dir/__/__/Drivers/STM32F1xx_HAL_Driver/Src/stm32f1xx_hal_can.c.obj
                0x0800039a                HAL_CAN_ConfigFilter
 .text.HAL_CAN_Start
                0x0800052c       0x88 cmake/stm32cubemx/CMakeFiles/STM32_Drivers.dir/__/__/Drivers/STM32F1xx_HAL_Driver/Src/stm32f1xx_hal_can.c.obj
                0x0800052c                HAL_CAN_Start
 .text.HAL_CAN_AddTxMessage
                0x080005b4      0x19e cmake/stm32cubemx/CMakeFiles/STM32_Drivers.dir/__/__/Drivers/STM32F1xx_HAL_Driver/Src/stm32f1xx_hal_can.c.obj
                0x080005b4                HAL_CAN_AddTxMessage
 .text.HAL_CAN_GetRxMessage
                0x08000752      0x242 cmake/stm32cubemx/CMakeFiles/STM32_Drivers.dir/__/__/Drivers/STM32F1xx_HAL_Driver/Src/stm32f1xx_hal_can.c.obj
                0x08000752                HAL_CAN_GetRxMessage
 .text.HAL_CAN_GetRxFifoFillLevel
                0x08000994       0x4e cmake/stm32cubemx/CMakeFiles/STM32_Drivers.dir/__/__/Drivers/STM32F1xx_HAL_Driver/Src/stm32f1xx_hal_can.c.obj
                0x08000994                HAL_CAN_GetRxFifoFillLevel
 .text.HAL_CAN_ActivateNotification
                0x080009e2       0x4a cmake/stm32cubemx/CMakeFiles/STM32_Drivers.dir/__/__/Drivers/STM32F1xx_HAL_Driver/Src/stm32f1xx_hal_can.c.obj
                0x080009e2                HAL_CAN_ActivateNotification
 .text.HAL_CAN_IRQHandler
                0x08000a2c      0x36e cmake/stm32cubemx/CMakeFiles/STM32_Drivers.dir/__/__/Drivers/STM32F1xx_HAL_Driver/Src/stm32f1xx_hal_can.c.obj
                0x08000a2c                HAL_CAN_IRQHandler
 .text.HAL_CAN_TxMailbox0CompleteCallback
                0x08000d9a       0x12 cmake/stm32cubemx/CMakeFiles/STM32_Drivers.dir/__/__/Drivers/STM32F1xx_HAL_Driver/Src/stm32f1xx_hal_can.c.obj
                0x08000d9a                HAL_CAN_TxMailbox0CompleteCallback
 .text.HAL_CAN_TxMailbox1CompleteCallback
                0x08000dac       0x12 cmake/stm32cubemx/CMakeFiles/STM32_Drivers.dir/__/__/Drivers/STM32F1xx_HAL_Driver/Src/stm32f1xx_hal_can.c.obj
                0x08000dac                HAL_CAN_TxMailbox1CompleteCallback
 .text.HAL_CAN_TxMailbox2CompleteCallback
                0x08000dbe       0x12 cmake/stm32cubemx/CMakeFiles/STM32_Drivers.dir/__/__/Drivers/STM32F1xx_HAL_Driver/Src/stm32f1xx_hal_can.c.obj
                0x08000dbe                HAL_CAN_TxMailbox2CompleteCallback
 .text.HAL_CAN_TxMailbox0AbortCallback
                0x08000dd0       0x12 cmake/stm32cubemx/CMakeFiles/STM32_Drivers.dir/__/__/Drivers/STM32F1xx_HAL_Driver/Src/stm32f1xx_hal_can.c.obj
                0x08000dd0                HAL_CAN_TxMailbox0AbortCallback
 .text.HAL_CAN_TxMailbox1AbortCallback
                0x08000de2       0x12 cmake/stm32cubemx/CMakeFiles/STM32_Drivers.dir/__/__/Drivers/STM32F1xx_HAL_Driver/Src/stm32f1xx_hal_can.c.obj
                0x08000de2                HAL_CAN_TxMailbox1AbortCallback
 .text.HAL_CAN_TxMailbox2AbortCallback
                0x08000df4       0x12 cmake/stm32cubemx/CMakeFiles/STM32_Drivers.dir/__/__/Drivers/STM32F1xx_HAL_Driver/Src/stm32f1xx_hal_can.c.obj
                0x08000df4                HAL_CAN_TxMailbox2AbortCallback
 .text.HAL_CAN_RxFifo0FullCallback
                0x08000e06       0x12 cmake/stm32cubemx/CMakeFiles/STM32_Drivers.dir/__/__/Drivers/STM32F1xx_HAL_Driver/Src/stm32f1xx_hal_can.c.obj
                0x08000e06                HAL_CAN_RxFifo0FullCallback
 .text.HAL_CAN_RxFifo1MsgPendingCallback
                0x08000e18       0x12 cmake/stm32cubemx/CMakeFiles/STM32_Drivers.dir/__/__/Drivers/STM32F1xx_HAL_Driver/Src/stm32f1xx_hal_can.c.obj
                0x08000e18                HAL_CAN_RxFifo1MsgPendingCallback
 .text.HAL_CAN_RxFifo1FullCallback
                0x08000e2a       0x12 cmake/stm32cubemx/CMakeFiles/STM32_Drivers.dir/__/__/Drivers/STM32F1xx_HAL_Driver/Src/stm32f1xx_hal_can.c.obj
                0x08000e2a                HAL_CAN_RxFifo1FullCallback
 .text.HAL_CAN_SleepCallback
                0x08000e3c       0x12 cmake/stm32cubemx/CMakeFiles/STM32_Drivers.dir/__/__/Drivers/STM32F1xx_HAL_Driver/Src/stm32f1xx_hal_can.c.obj
                0x08000e3c                HAL_CAN_SleepCallback
 .text.HAL_CAN_WakeUpFromRxMsgCallback
                0x08000e4e       0x12 cmake/stm32cubemx/CMakeFiles/STM32_Drivers.dir/__/__/Drivers/STM32F1xx_HAL_Driver/Src/stm32f1xx_hal_can.c.obj
                0x08000e4e                HAL_CAN_WakeUpFromRxMsgCallback
 .text.HAL_CAN_ErrorCallback
                0x08000e60       0x12 cmake/stm32cubemx/CMakeFiles/STM32_Drivers.dir/__/__/Drivers/STM32F1xx_HAL_Driver/Src/stm32f1xx_hal_can.c.obj
                0x08000e60                HAL_CAN_ErrorCallback
 *fill*         0x08000e72        0x2 
 .text.HAL_Init
                0x08000e74       0x2c cmake/stm32cubemx/CMakeFiles/STM32_Drivers.dir/__/__/Drivers/STM32F1xx_HAL_Driver/Src/stm32f1xx_hal.c.obj
                0x08000e74                HAL_Init
 .text.HAL_InitTick
                0x08000ea0       0x60 cmake/stm32cubemx/CMakeFiles/STM32_Drivers.dir/__/__/Drivers/STM32F1xx_HAL_Driver/Src/stm32f1xx_hal.c.obj
                0x08000ea0                HAL_InitTick
 .text.HAL_IncTick
                0x08000f00       0x24 cmake/stm32cubemx/CMakeFiles/STM32_Drivers.dir/__/__/Drivers/STM32F1xx_HAL_Driver/Src/stm32f1xx_hal.c.obj
                0x08000f00                HAL_IncTick
 .text.HAL_GetTick
                0x08000f24       0x14 cmake/stm32cubemx/CMakeFiles/STM32_Drivers.dir/__/__/Drivers/STM32F1xx_HAL_Driver/Src/stm32f1xx_hal.c.obj
                0x08000f24                HAL_GetTick
 .text.HAL_Delay
                0x08000f38       0x48 cmake/stm32cubemx/CMakeFiles/STM32_Drivers.dir/__/__/Drivers/STM32F1xx_HAL_Driver/Src/stm32f1xx_hal.c.obj
                0x08000f38                HAL_Delay
 .text.HAL_RCC_OscConfig
                0x08000f80      0x504 cmake/stm32cubemx/CMakeFiles/STM32_Drivers.dir/__/__/Drivers/STM32F1xx_HAL_Driver/Src/stm32f1xx_hal_rcc.c.obj
                0x08000f80                HAL_RCC_OscConfig
 .text.HAL_RCC_ClockConfig
                0x08001484      0x1d4 cmake/stm32cubemx/CMakeFiles/STM32_Drivers.dir/__/__/Drivers/STM32F1xx_HAL_Driver/Src/stm32f1xx_hal_rcc.c.obj
                0x08001484                HAL_RCC_ClockConfig
 .text.HAL_RCC_GetSysClockFreq
                0x08001658       0xa8 cmake/stm32cubemx/CMakeFiles/STM32_Drivers.dir/__/__/Drivers/STM32F1xx_HAL_Driver/Src/stm32f1xx_hal_rcc.c.obj
                0x08001658                HAL_RCC_GetSysClockFreq
 .text.HAL_RCC_GetHCLKFreq
                0x08001700       0x14 cmake/stm32cubemx/CMakeFiles/STM32_Drivers.dir/__/__/Drivers/STM32F1xx_HAL_Driver/Src/stm32f1xx_hal_rcc.c.obj
                0x08001700                HAL_RCC_GetHCLKFreq
 .text.HAL_RCC_GetPCLK1Freq
                0x08001714       0x28 cmake/stm32cubemx/CMakeFiles/STM32_Drivers.dir/__/__/Drivers/STM32F1xx_HAL_Driver/Src/stm32f1xx_hal_rcc.c.obj
                0x08001714                HAL_RCC_GetPCLK1Freq
 .text.HAL_RCC_GetPCLK2Freq
                0x0800173c       0x28 cmake/stm32cubemx/CMakeFiles/STM32_Drivers.dir/__/__/Drivers/STM32F1xx_HAL_Driver/Src/stm32f1xx_hal_rcc.c.obj
                0x0800173c                HAL_RCC_GetPCLK2Freq
 .text.RCC_Delay
                0x08001764       0x3c cmake/stm32cubemx/CMakeFiles/STM32_Drivers.dir/__/__/Drivers/STM32F1xx_HAL_Driver/Src/stm32f1xx_hal_rcc.c.obj
 .text.HAL_GPIO_Init
                0x080017a0      0x308 cmake/stm32cubemx/CMakeFiles/STM32_Drivers.dir/__/__/Drivers/STM32F1xx_HAL_Driver/Src/stm32f1xx_hal_gpio.c.obj
                0x080017a0                HAL_GPIO_Init
 .text.HAL_GPIO_ReadPin
                0x08001aa8       0x2e cmake/stm32cubemx/CMakeFiles/STM32_Drivers.dir/__/__/Drivers/STM32F1xx_HAL_Driver/Src/stm32f1xx_hal_gpio.c.obj
                0x08001aa8                HAL_GPIO_ReadPin
 *fill*         0x08001ad6        0x2 
 .text.HAL_DMA_Init
                0x08001ad8       0xb4 cmake/stm32cubemx/CMakeFiles/STM32_Drivers.dir/__/__/Drivers/STM32F1xx_HAL_Driver/Src/stm32f1xx_hal_dma.c.obj
                0x08001ad8                HAL_DMA_Init
 .text.HAL_DMA_Start_IT
                0x08001b8c       0xc0 cmake/stm32cubemx/CMakeFiles/STM32_Drivers.dir/__/__/Drivers/STM32F1xx_HAL_Driver/Src/stm32f1xx_hal_dma.c.obj
                0x08001b8c                HAL_DMA_Start_IT
 .text.HAL_DMA_Abort
                0x08001c4c       0x76 cmake/stm32cubemx/CMakeFiles/STM32_Drivers.dir/__/__/Drivers/STM32F1xx_HAL_Driver/Src/stm32f1xx_hal_dma.c.obj
                0x08001c4c                HAL_DMA_Abort
 *fill*         0x08001cc2        0x2 
 .text.HAL_DMA_Abort_IT
                0x08001cc4       0xf0 cmake/stm32cubemx/CMakeFiles/STM32_Drivers.dir/__/__/Drivers/STM32F1xx_HAL_Driver/Src/stm32f1xx_hal_dma.c.obj
                0x08001cc4                HAL_DMA_Abort_IT
 .text.HAL_DMA_IRQHandler
                0x08001db4      0x20c cmake/stm32cubemx/CMakeFiles/STM32_Drivers.dir/__/__/Drivers/STM32F1xx_HAL_Driver/Src/stm32f1xx_hal_dma.c.obj
                0x08001db4                HAL_DMA_IRQHandler
 .text.DMA_SetConfig
                0x08001fc0       0x5a cmake/stm32cubemx/CMakeFiles/STM32_Drivers.dir/__/__/Drivers/STM32F1xx_HAL_Driver/Src/stm32f1xx_hal_dma.c.obj
 *fill*         0x0800201a        0x2 
 .text.__NVIC_SetPriorityGrouping
                0x0800201c       0x48 cmake/stm32cubemx/CMakeFiles/STM32_Drivers.dir/__/__/Drivers/STM32F1xx_HAL_Driver/Src/stm32f1xx_hal_cortex.c.obj
 .text.__NVIC_GetPriorityGrouping
                0x08002064       0x1c cmake/stm32cubemx/CMakeFiles/STM32_Drivers.dir/__/__/Drivers/STM32F1xx_HAL_Driver/Src/stm32f1xx_hal_cortex.c.obj
 .text.__NVIC_EnableIRQ
                0x08002080       0x38 cmake/stm32cubemx/CMakeFiles/STM32_Drivers.dir/__/__/Drivers/STM32F1xx_HAL_Driver/Src/stm32f1xx_hal_cortex.c.obj
 .text.__NVIC_SetPriority
                0x080020b8       0x54 cmake/stm32cubemx/CMakeFiles/STM32_Drivers.dir/__/__/Drivers/STM32F1xx_HAL_Driver/Src/stm32f1xx_hal_cortex.c.obj
 .text.NVIC_EncodePriority
                0x0800210c       0x64 cmake/stm32cubemx/CMakeFiles/STM32_Drivers.dir/__/__/Drivers/STM32F1xx_HAL_Driver/Src/stm32f1xx_hal_cortex.c.obj
 .text.SysTick_Config
                0x08002170       0x44 cmake/stm32cubemx/CMakeFiles/STM32_Drivers.dir/__/__/Drivers/STM32F1xx_HAL_Driver/Src/stm32f1xx_hal_cortex.c.obj
 .text.HAL_NVIC_SetPriorityGrouping
                0x080021b4       0x16 cmake/stm32cubemx/CMakeFiles/STM32_Drivers.dir/__/__/Drivers/STM32F1xx_HAL_Driver/Src/stm32f1xx_hal_cortex.c.obj
                0x080021b4                HAL_NVIC_SetPriorityGrouping
 .text.HAL_NVIC_SetPriority
                0x080021ca       0x38 cmake/stm32cubemx/CMakeFiles/STM32_Drivers.dir/__/__/Drivers/STM32F1xx_HAL_Driver/Src/stm32f1xx_hal_cortex.c.obj
                0x080021ca                HAL_NVIC_SetPriority
 .text.HAL_NVIC_EnableIRQ
                0x08002202       0x1c cmake/stm32cubemx/CMakeFiles/STM32_Drivers.dir/__/__/Drivers/STM32F1xx_HAL_Driver/Src/stm32f1xx_hal_cortex.c.obj
                0x08002202                HAL_NVIC_EnableIRQ
 .text.HAL_SYSTICK_Config
                0x0800221e       0x18 cmake/stm32cubemx/CMakeFiles/STM32_Drivers.dir/__/__/Drivers/STM32F1xx_HAL_Driver/Src/stm32f1xx_hal_cortex.c.obj
                0x0800221e                HAL_SYSTICK_Config
 .text.HAL_TIM_Base_Init
                0x08002236       0x9e cmake/stm32cubemx/CMakeFiles/STM32_Drivers.dir/__/__/Drivers/STM32F1xx_HAL_Driver/Src/stm32f1xx_hal_tim.c.obj
                0x08002236                HAL_TIM_Base_Init
 .text.HAL_TIM_Base_Start_IT
                0x080022d4       0xa4 cmake/stm32cubemx/CMakeFiles/STM32_Drivers.dir/__/__/Drivers/STM32F1xx_HAL_Driver/Src/stm32f1xx_hal_tim.c.obj
                0x080022d4                HAL_TIM_Base_Start_IT
 .text.HAL_TIM_PWM_Init
                0x08002378       0x9e cmake/stm32cubemx/CMakeFiles/STM32_Drivers.dir/__/__/Drivers/STM32F1xx_HAL_Driver/Src/stm32f1xx_hal_tim.c.obj
                0x08002378                HAL_TIM_PWM_Init
 *fill*         0x08002416        0x2 
 .text.HAL_TIM_PWM_Start_DMA
                0x08002418      0x344 cmake/stm32cubemx/CMakeFiles/STM32_Drivers.dir/__/__/Drivers/STM32F1xx_HAL_Driver/Src/stm32f1xx_hal_tim.c.obj
                0x08002418                HAL_TIM_PWM_Start_DMA
 .text.HAL_TIM_PWM_Stop_DMA
                0x0800275c      0x18c cmake/stm32cubemx/CMakeFiles/STM32_Drivers.dir/__/__/Drivers/STM32F1xx_HAL_Driver/Src/stm32f1xx_hal_tim.c.obj
                0x0800275c                HAL_TIM_PWM_Stop_DMA
 .text.HAL_TIM_IRQHandler
                0x080028e8      0x1e0 cmake/stm32cubemx/CMakeFiles/STM32_Drivers.dir/__/__/Drivers/STM32F1xx_HAL_Driver/Src/stm32f1xx_hal_tim.c.obj
                0x080028e8                HAL_TIM_IRQHandler
 .text.HAL_TIM_PWM_ConfigChannel
                0x08002ac8      0x184 cmake/stm32cubemx/CMakeFiles/STM32_Drivers.dir/__/__/Drivers/STM32F1xx_HAL_Driver/Src/stm32f1xx_hal_tim.c.obj
                0x08002ac8                HAL_TIM_PWM_ConfigChannel
 .text.HAL_TIM_ConfigClockSource
                0x08002c4c      0x18e cmake/stm32cubemx/CMakeFiles/STM32_Drivers.dir/__/__/Drivers/STM32F1xx_HAL_Driver/Src/stm32f1xx_hal_tim.c.obj
                0x08002c4c                HAL_TIM_ConfigClockSource
 .text.HAL_TIM_OC_DelayElapsedCallback
                0x08002dda       0x12 cmake/stm32cubemx/CMakeFiles/STM32_Drivers.dir/__/__/Drivers/STM32F1xx_HAL_Driver/Src/stm32f1xx_hal_tim.c.obj
                0x08002dda                HAL_TIM_OC_DelayElapsedCallback
 .text.HAL_TIM_IC_CaptureCallback
                0x08002dec       0x12 cmake/stm32cubemx/CMakeFiles/STM32_Drivers.dir/__/__/Drivers/STM32F1xx_HAL_Driver/Src/stm32f1xx_hal_tim.c.obj
                0x08002dec                HAL_TIM_IC_CaptureCallback
 .text.HAL_TIM_PWM_PulseFinishedHalfCpltCallback
                0x08002dfe       0x12 cmake/stm32cubemx/CMakeFiles/STM32_Drivers.dir/__/__/Drivers/STM32F1xx_HAL_Driver/Src/stm32f1xx_hal_tim.c.obj
                0x08002dfe                HAL_TIM_PWM_PulseFinishedHalfCpltCallback
 .text.HAL_TIM_TriggerCallback
                0x08002e10       0x12 cmake/stm32cubemx/CMakeFiles/STM32_Drivers.dir/__/__/Drivers/STM32F1xx_HAL_Driver/Src/stm32f1xx_hal_tim.c.obj
                0x08002e10                HAL_TIM_TriggerCallback
 .text.HAL_TIM_ErrorCallback
                0x08002e22       0x12 cmake/stm32cubemx/CMakeFiles/STM32_Drivers.dir/__/__/Drivers/STM32F1xx_HAL_Driver/Src/stm32f1xx_hal_tim.c.obj
                0x08002e22                HAL_TIM_ErrorCallback
 .text.TIM_DMAError
                0x08002e34       0x92 cmake/stm32cubemx/CMakeFiles/STM32_Drivers.dir/__/__/Drivers/STM32F1xx_HAL_Driver/Src/stm32f1xx_hal_tim.c.obj
                0x08002e34                TIM_DMAError
 .text.TIM_DMADelayPulseCplt
                0x08002ec6       0xa8 cmake/stm32cubemx/CMakeFiles/STM32_Drivers.dir/__/__/Drivers/STM32F1xx_HAL_Driver/Src/stm32f1xx_hal_tim.c.obj
 .text.TIM_DMADelayPulseHalfCplt
                0x08002f6e       0x68 cmake/stm32cubemx/CMakeFiles/STM32_Drivers.dir/__/__/Drivers/STM32F1xx_HAL_Driver/Src/stm32f1xx_hal_tim.c.obj
                0x08002f6e                TIM_DMADelayPulseHalfCplt
 *fill*         0x08002fd6        0x2 
 .text.TIM_Base_SetConfig
                0x08002fd8       0xdc cmake/stm32cubemx/CMakeFiles/STM32_Drivers.dir/__/__/Drivers/STM32F1xx_HAL_Driver/Src/stm32f1xx_hal_tim.c.obj
                0x08002fd8                TIM_Base_SetConfig
 .text.TIM_OC1_SetConfig
                0x080030b4       0xcc cmake/stm32cubemx/CMakeFiles/STM32_Drivers.dir/__/__/Drivers/STM32F1xx_HAL_Driver/Src/stm32f1xx_hal_tim.c.obj
 .text.TIM_OC2_SetConfig
                0x08003180       0xd4 cmake/stm32cubemx/CMakeFiles/STM32_Drivers.dir/__/__/Drivers/STM32F1xx_HAL_Driver/Src/stm32f1xx_hal_tim.c.obj
                0x08003180                TIM_OC2_SetConfig
 .text.TIM_OC3_SetConfig
                0x08003254       0xd4 cmake/stm32cubemx/CMakeFiles/STM32_Drivers.dir/__/__/Drivers/STM32F1xx_HAL_Driver/Src/stm32f1xx_hal_tim.c.obj
 .text.TIM_OC4_SetConfig
                0x08003328       0x9c cmake/stm32cubemx/CMakeFiles/STM32_Drivers.dir/__/__/Drivers/STM32F1xx_HAL_Driver/Src/stm32f1xx_hal_tim.c.obj
 .text.TIM_TI1_ConfigInputStage
                0x080033c4       0x5c cmake/stm32cubemx/CMakeFiles/STM32_Drivers.dir/__/__/Drivers/STM32F1xx_HAL_Driver/Src/stm32f1xx_hal_tim.c.obj
 .text.TIM_TI2_ConfigInputStage
                0x08003420       0x5e cmake/stm32cubemx/CMakeFiles/STM32_Drivers.dir/__/__/Drivers/STM32F1xx_HAL_Driver/Src/stm32f1xx_hal_tim.c.obj
 .text.TIM_ITRx_SetConfig
                0x0800347e       0x34 cmake/stm32cubemx/CMakeFiles/STM32_Drivers.dir/__/__/Drivers/STM32F1xx_HAL_Driver/Src/stm32f1xx_hal_tim.c.obj
 .text.TIM_ETR_SetConfig
                0x080034b2       0x3e cmake/stm32cubemx/CMakeFiles/STM32_Drivers.dir/__/__/Drivers/STM32F1xx_HAL_Driver/Src/stm32f1xx_hal_tim.c.obj
                0x080034b2                TIM_ETR_SetConfig
 .text.TIM_CCxChannelCmd
                0x080034f0       0x48 cmake/stm32cubemx/CMakeFiles/STM32_Drivers.dir/__/__/Drivers/STM32F1xx_HAL_Driver/Src/stm32f1xx_hal_tim.c.obj
                0x080034f0                TIM_CCxChannelCmd
 .text.HAL_TIMEx_MasterConfigSynchronization
                0x08003538       0xbc cmake/stm32cubemx/CMakeFiles/STM32_Drivers.dir/__/__/Drivers/STM32F1xx_HAL_Driver/Src/stm32f1xx_hal_tim_ex.c.obj
                0x08003538                HAL_TIMEx_MasterConfigSynchronization
 .text.HAL_TIMEx_CommutCallback
                0x080035f4       0x12 cmake/stm32cubemx/CMakeFiles/STM32_Drivers.dir/__/__/Drivers/STM32F1xx_HAL_Driver/Src/stm32f1xx_hal_tim_ex.c.obj
                0x080035f4                HAL_TIMEx_CommutCallback
 .text.HAL_TIMEx_BreakCallback
                0x08003606       0x12 cmake/stm32cubemx/CMakeFiles/STM32_Drivers.dir/__/__/Drivers/STM32F1xx_HAL_Driver/Src/stm32f1xx_hal_tim_ex.c.obj
                0x08003606                HAL_TIMEx_BreakCallback
 .text.HAL_UART_Init
                0x08003618       0xa0 cmake/stm32cubemx/CMakeFiles/STM32_Drivers.dir/__/__/Drivers/STM32F1xx_HAL_Driver/Src/stm32f1xx_hal_uart.c.obj
                0x08003618                HAL_UART_Init
 .text.HAL_UART_IRQHandler
                0x080036b8      0x524 cmake/stm32cubemx/CMakeFiles/STM32_Drivers.dir/__/__/Drivers/STM32F1xx_HAL_Driver/Src/stm32f1xx_hal_uart.c.obj
                0x080036b8                HAL_UART_IRQHandler
 .text.HAL_UART_TxCpltCallback
                0x08003bdc       0x12 cmake/stm32cubemx/CMakeFiles/STM32_Drivers.dir/__/__/Drivers/STM32F1xx_HAL_Driver/Src/stm32f1xx_hal_uart.c.obj
                0x08003bdc                HAL_UART_TxCpltCallback
 .text.HAL_UART_RxCpltCallback
                0x08003bee       0x12 cmake/stm32cubemx/CMakeFiles/STM32_Drivers.dir/__/__/Drivers/STM32F1xx_HAL_Driver/Src/stm32f1xx_hal_uart.c.obj
                0x08003bee                HAL_UART_RxCpltCallback
 .text.HAL_UART_ErrorCallback
                0x08003c00       0x12 cmake/stm32cubemx/CMakeFiles/STM32_Drivers.dir/__/__/Drivers/STM32F1xx_HAL_Driver/Src/stm32f1xx_hal_uart.c.obj
                0x08003c00                HAL_UART_ErrorCallback
 .text.HAL_UARTEx_RxEventCallback
                0x08003c12       0x16 cmake/stm32cubemx/CMakeFiles/STM32_Drivers.dir/__/__/Drivers/STM32F1xx_HAL_Driver/Src/stm32f1xx_hal_uart.c.obj
                0x08003c12                HAL_UARTEx_RxEventCallback
 .text.UART_EndRxTransfer
                0x08003c28       0xc4 cmake/stm32cubemx/CMakeFiles/STM32_Drivers.dir/__/__/Drivers/STM32F1xx_HAL_Driver/Src/stm32f1xx_hal_uart.c.obj
 .text.UART_DMAAbortOnError
                0x08003cec       0x28 cmake/stm32cubemx/CMakeFiles/STM32_Drivers.dir/__/__/Drivers/STM32F1xx_HAL_Driver/Src/stm32f1xx_hal_uart.c.obj
 .text.UART_Transmit_IT
                0x08003d14       0x9e cmake/stm32cubemx/CMakeFiles/STM32_Drivers.dir/__/__/Drivers/STM32F1xx_HAL_Driver/Src/stm32f1xx_hal_uart.c.obj
 .text.UART_EndTransmit_IT
                0x08003db2       0x30 cmake/stm32cubemx/CMakeFiles/STM32_Drivers.dir/__/__/Drivers/STM32F1xx_HAL_Driver/Src/stm32f1xx_hal_uart.c.obj
 .text.UART_Receive_IT
                0x08003de2      0x17c cmake/stm32cubemx/CMakeFiles/STM32_Drivers.dir/__/__/Drivers/STM32F1xx_HAL_Driver/Src/stm32f1xx_hal_uart.c.obj
 *fill*         0x08003f5e        0x2 
 .text.UART_SetConfig
                0x08003f60      0x11c cmake/stm32cubemx/CMakeFiles/STM32_Drivers.dir/__/__/Drivers/STM32F1xx_HAL_Driver/Src/stm32f1xx_hal_uart.c.obj
 .text.WS2812_FillBuffer
                0x0800407c       0xd0 CMakeFiles/fu_slave1.dir/user/BSP/ws2812.c.obj
 .text.WS2812_Init
                0x0800414c       0x28 CMakeFiles/fu_slave1.dir/user/BSP/ws2812.c.obj
                0x0800414c                WS2812_Init
 .text.WS2812_SetPixel
                0x08004174       0x6c CMakeFiles/fu_slave1.dir/user/BSP/ws2812.c.obj
                0x08004174                WS2812_SetPixel
 .text.WS2812_SetAll
                0x080041e0       0x3c CMakeFiles/fu_slave1.dir/user/BSP/ws2812.c.obj
                0x080041e0                WS2812_SetAll
 .text.WS2812_SendAll
                0x0800421c       0xd8 CMakeFiles/fu_slave1.dir/user/BSP/ws2812.c.obj
                0x0800421c                WS2812_SendAll
 .text.HAL_TIM_PWM_PulseFinishedCallback
                0x080042f4       0xc4 CMakeFiles/fu_slave1.dir/user/BSP/ws2812.c.obj
                0x080042f4                HAL_TIM_PWM_PulseFinishedCallback
 .text.CanSlave_Init
                0x080043b8       0xc4 CMakeFiles/fu_slave1.dir/user/BSP/can_slave.c.obj
                0x080043b8                CanSlave_Init
 .text.CanSlave_IsActive
                0x0800447c       0x18 CMakeFiles/fu_slave1.dir/user/BSP/can_slave.c.obj
                0x0800447c                CanSlave_IsActive
 .text.CanSlave_GetMode
                0x08004494       0x18 CMakeFiles/fu_slave1.dir/user/BSP/can_slave.c.obj
                0x08004494                CanSlave_GetMode
 .text.CanSlave_GetLastControlCommand
                0x080044ac       0x18 CMakeFiles/fu_slave1.dir/user/BSP/can_slave.c.obj
                0x080044ac                CanSlave_GetLastControlCommand
 .text.CanSlave_GetControlCommandCount
                0x080044c4       0x14 CMakeFiles/fu_slave1.dir/user/BSP/can_slave.c.obj
                0x080044c4                CanSlave_GetControlCommandCount
 .text.CanSlave_SendHitFeedback
                0x080044d8       0x98 CMakeFiles/fu_slave1.dir/user/BSP/can_slave.c.obj
                0x080044d8                CanSlave_SendHitFeedback
 .text.HAL_CAN_RxFifo0MsgPendingCallback
                0x08004570      0x100 CMakeFiles/fu_slave1.dir/user/BSP/can_slave.c.obj
                0x08004570                HAL_CAN_RxFifo0MsgPendingCallback
 .text.LedRing_SetRange
                0x08004670       0x60 CMakeFiles/fu_slave1.dir/user/APP/led_ring.c.obj
 .text.LedRing_KeepDin5On
                0x080046d0       0x20 CMakeFiles/fu_slave1.dir/user/APP/led_ring.c.obj
 .text.LedRing_DrawSelectedPattern
                0x080046f0       0x38 CMakeFiles/fu_slave1.dir/user/APP/led_ring.c.obj
 .text.LedRing_DrawFlow
                0x08004728       0xc4 CMakeFiles/fu_slave1.dir/user/APP/led_ring.c.obj
 .text.LedRing_Init
                0x080047ec       0x10 CMakeFiles/fu_slave1.dir/user/APP/led_ring.c.obj
                0x080047ec                LedRing_Init
 .text.LedRing_ShowIdle
                0x080047fc       0x1a CMakeFiles/fu_slave1.dir/user/APP/led_ring.c.obj
                0x080047fc                LedRing_ShowIdle
 .text.LedRing_ShowOff
                0x08004816       0x16 CMakeFiles/fu_slave1.dir/user/APP/led_ring.c.obj
                0x08004816                LedRing_ShowOff
 .text.LedRing_ShowActive
                0x0800482c       0x30 CMakeFiles/fu_slave1.dir/user/APP/led_ring.c.obj
                0x0800482c                LedRing_ShowActive
 .text.LedRing_ShowHit
                0x0800485c       0x80 CMakeFiles/fu_slave1.dir/user/APP/led_ring.c.obj
                0x0800485c                LedRing_ShowHit
 .text.EnergySlave_ReadRawKey
                0x080048dc       0x50 CMakeFiles/fu_slave1.dir/user/APP/energy_slave.c.obj
 .text.EnergySlave_Init
                0x0800492c       0x54 CMakeFiles/fu_slave1.dir/user/APP/energy_slave.c.obj
                0x0800492c                EnergySlave_Init
 .text.EnergySlave_Update
                0x08004980      0x1b8 CMakeFiles/fu_slave1.dir/user/APP/energy_slave.c.obj
                0x08004980                EnergySlave_Update
 .text.EnergySlave_1msTick
                0x08004b38       0x6c CMakeFiles/fu_slave1.dir/user/APP/energy_slave.c.obj
                0x08004b38                EnergySlave_1msTick
 .text.main     0x08004ba4       0x44 CMakeFiles/fu_slave1.dir/Core/Src/main.c.obj
                0x08004ba4                main
 .text.SystemClock_Config
                0x08004be8       0x8a CMakeFiles/fu_slave1.dir/Core/Src/main.c.obj
                0x08004be8                SystemClock_Config
 *fill*         0x08004c72        0x2 
 .text.HAL_TIM_PeriodElapsedCallback
                0x08004c74       0x24 CMakeFiles/fu_slave1.dir/Core/Src/main.c.obj
                0x08004c74                HAL_TIM_PeriodElapsedCallback
 .text.Error_Handler
                0x08004c98        0xc CMakeFiles/fu_slave1.dir/Core/Src/main.c.obj
                0x08004c98                Error_Handler
 .text.MX_GPIO_Init
                0x08004ca4       0xa4 CMakeFiles/fu_slave1.dir/Core/Src/gpio.c.obj
                0x08004ca4                MX_GPIO_Init
 .text.MX_CAN_Init
                0x08004d48       0x6c CMakeFiles/fu_slave1.dir/Core/Src/can.c.obj
                0x08004d48                MX_CAN_Init
 .text.HAL_CAN_MspInit
                0x08004db4       0xa8 CMakeFiles/fu_slave1.dir/Core/Src/can.c.obj
                0x08004db4                HAL_CAN_MspInit
 .text.MX_DMA_Init
                0x08004e5c       0x7c CMakeFiles/fu_slave1.dir/Core/Src/dma.c.obj
                0x08004e5c                MX_DMA_Init
 .text.MX_TIM2_Init
                0x08004ed8      0x12c CMakeFiles/fu_slave1.dir/Core/Src/tim.c.obj
                0x08004ed8                MX_TIM2_Init
 .text.MX_TIM3_Init
                0x08005004       0xc8 CMakeFiles/fu_slave1.dir/Core/Src/tim.c.obj
                0x08005004                MX_TIM3_Init
 .text.MX_TIM4_Init
                0x080050cc       0x9c CMakeFiles/fu_slave1.dir/Core/Src/tim.c.obj
                0x080050cc                MX_TIM4_Init
 .text.HAL_TIM_Base_MspInit
                0x08005168      0x184 CMakeFiles/fu_slave1.dir/Core/Src/tim.c.obj
                0x08005168                HAL_TIM_Base_MspInit
 .text.HAL_TIM_PWM_MspInit
                0x080052ec       0xf8 CMakeFiles/fu_slave1.dir/Core/Src/tim.c.obj
                0x080052ec                HAL_TIM_PWM_MspInit
 .text.HAL_TIM_MspPostInit
                0x080053e4       0xd4 CMakeFiles/fu_slave1.dir/Core/Src/tim.c.obj
                0x080053e4                HAL_TIM_MspPostInit
 .text.MX_USART1_UART_Init
                0x080054b8       0x58 CMakeFiles/fu_slave1.dir/Core/Src/usart.c.obj
                0x080054b8                MX_USART1_UART_Init
 .text.HAL_UART_MspInit
                0x08005510       0xa8 CMakeFiles/fu_slave1.dir/Core/Src/usart.c.obj
                0x08005510                HAL_UART_MspInit
 .text.NMI_Handler
                0x080055b8        0x8 CMakeFiles/fu_slave1.dir/Core/Src/stm32f1xx_it.c.obj
                0x080055b8                NMI_Handler
 .text.HardFault_Handler
                0x080055c0        0x8 CMakeFiles/fu_slave1.dir/Core/Src/stm32f1xx_it.c.obj
                0x080055c0                HardFault_Handler
 .text.MemManage_Handler
                0x080055c8        0x8 CMakeFiles/fu_slave1.dir/Core/Src/stm32f1xx_it.c.obj
                0x080055c8                MemManage_Handler
 .text.BusFault_Handler
                0x080055d0        0x8 CMakeFiles/fu_slave1.dir/Core/Src/stm32f1xx_it.c.obj
                0x080055d0                BusFault_Handler
 .text.UsageFault_Handler
                0x080055d8        0x8 CMakeFiles/fu_slave1.dir/Core/Src/stm32f1xx_it.c.obj
                0x080055d8                UsageFault_Handler
 .text.SVC_Handler
                0x080055e0        0xc CMakeFiles/fu_slave1.dir/Core/Src/stm32f1xx_it.c.obj
                0x080055e0                SVC_Handler
 .text.DebugMon_Handler
                0x080055ec        0xc CMakeFiles/fu_slave1.dir/Core/Src/stm32f1xx_it.c.obj
                0x080055ec                DebugMon_Handler
 .text.PendSV_Handler
                0x080055f8        0xc CMakeFiles/fu_slave1.dir/Core/Src/stm32f1xx_it.c.obj
                0x080055f8                PendSV_Handler
 .text.SysTick_Handler
                0x08005604        0xc CMakeFiles/fu_slave1.dir/Core/Src/stm32f1xx_it.c.obj
                0x08005604                SysTick_Handler
 .text.DMA1_Channel1_IRQHandler
                0x08005610       0x14 CMakeFiles/fu_slave1.dir/Core/Src/stm32f1xx_it.c.obj
                0x08005610                DMA1_Channel1_IRQHandler
 .text.DMA1_Channel2_IRQHandler
                0x08005624       0x14 CMakeFiles/fu_slave1.dir/Core/Src/stm32f1xx_it.c.obj
                0x08005624                DMA1_Channel2_IRQHandler
 .text.DMA1_Channel5_IRQHandler
                0x08005638       0x14 CMakeFiles/fu_slave1.dir/Core/Src/stm32f1xx_it.c.obj
                0x08005638                DMA1_Channel5_IRQHandler
 .text.DMA1_Channel6_IRQHandler
                0x0800564c       0x14 CMakeFiles/fu_slave1.dir/Core/Src/stm32f1xx_it.c.obj
                0x0800564c                DMA1_Channel6_IRQHandler
 .text.DMA1_Channel7_IRQHandler
                0x08005660       0x14 CMakeFiles/fu_slave1.dir/Core/Src/stm32f1xx_it.c.obj
                0x08005660                DMA1_Channel7_IRQHandler
 .text.USB_LP_CAN1_RX0_IRQHandler
                0x08005674       0x14 CMakeFiles/fu_slave1.dir/Core/Src/stm32f1xx_it.c.obj
                0x08005674                USB_LP_CAN1_RX0_IRQHandler
 .text.TIM4_IRQHandler
                0x08005688       0x14 CMakeFiles/fu_slave1.dir/Core/Src/stm32f1xx_it.c.obj
                0x08005688                TIM4_IRQHandler
 .text.USART1_IRQHandler
                0x0800569c       0x14 CMakeFiles/fu_slave1.dir/Core/Src/stm32f1xx_it.c.obj
                0x0800569c                USART1_IRQHandler
 .text.HAL_MspInit
                0x080056b0       0x64 CMakeFiles/fu_slave1.dir/Core/Src/stm32f1xx_hal_msp.c.obj
                0x080056b0                HAL_MspInit
 .text.Reset_Handler
                0x08005714       0x48 CMakeFiles/fu_slave1.dir/startup_stm32f103xb.s.obj
                0x08005714                Reset_Handler
 .text.Default_Handler
                0x0800575c        0x2 CMakeFiles/fu_slave1.dir/startup_stm32f103xb.s.obj
                0x0800575c                RTC_Alarm_IRQHandler
                0x0800575c                EXTI2_IRQHandler
                0x0800575c                TIM1_CC_IRQHandler
                0x0800575c                PVD_IRQHandler
                0x0800575c                EXTI3_IRQHandler
                0x0800575c                EXTI0_IRQHandler
                0x0800575c                I2C2_EV_IRQHandler
                0x0800575c                ADC1_2_IRQHandler
                0x0800575c                SPI1_IRQHandler
                0x0800575c                TAMPER_IRQHandler
                0x0800575c                DMA1_Channel4_IRQHandler
                0x0800575c                USART3_IRQHandler
                0x0800575c                RTC_IRQHandler
                0x0800575c                CAN1_RX1_IRQHandler
                0x0800575c                I2C1_EV_IRQHandler
                0x0800575c                TIM3_IRQHandler
                0x0800575c                RCC_IRQHandler
                0x0800575c                TIM1_TRG_COM_IRQHandler
                0x0800575c                Default_Handler
                0x0800575c                EXTI15_10_IRQHandler
                0x0800575c                EXTI9_5_IRQHandler
                0x0800575c                SPI2_IRQHandler
                0x0800575c                EXTI4_IRQHandler
                0x0800575c                USB_HP_CAN1_TX_IRQHandler
                0x0800575c                DMA1_Channel3_IRQHandler
                0x0800575c                TIM1_UP_IRQHandler
                0x0800575c                WWDG_IRQHandler
                0x0800575c                TIM2_IRQHandler
                0x0800575c                TIM1_BRK_IRQHandler
                0x0800575c                EXTI1_IRQHandler
                0x0800575c                USART2_IRQHandler
                0x0800575c                I2C2_ER_IRQHandler
                0x0800575c                CAN1_SCE_IRQHandler
                0x0800575c                FLASH_IRQHandler
                0x0800575c                I2C1_ER_IRQHandler
                0x0800575c                USBWakeUp_IRQHandler
 .text.memset   0x0800575e       0x10 C:/PROGRA~2/ARMGNU~1/14EFD8~1.2RE/bin/../lib/gcc/arm-none-eabi/14.2.1/thumb/v7-m/nofp\libg_nano.a(libc_a-memset.o)
                0x0800575e                memset
 *fill*         0x0800576e        0x2 
 .text.__libc_init_array
                0x08005770       0x48 C:/PROGRA~2/ARMGNU~1/14EFD8~1.2RE/bin/../lib/gcc/arm-none-eabi/14.2.1/thumb/v7-m/nofp\libg_nano.a(libc_a-init.o)
                0x08005770                __libc_init_array
 *(.glue_7)
 .glue_7        0x080057b8        0x0 linker stubs
 *(.glue_7t)
 .glue_7t       0x080057b8        0x0 linker stubs
 *(.eh_frame)
 .eh_frame      0x080057b8        0x0 C:/PROGRA~2/ARMGNU~1/14EFD8~1.2RE/bin/../lib/gcc/arm-none-eabi/14.2.1/thumb/v7-m/nofp/crtbegin.o
 *(.init)
 .init          0x080057b8        0x4 C:/PROGRA~2/ARMGNU~1/14EFD8~1.2RE/bin/../lib/gcc/arm-none-eabi/14.2.1/thumb/v7-m/nofp/crti.o
                0x080057b8                _init
 .init          0x080057bc        0x8 C:/PROGRA~2/ARMGNU~1/14EFD8~1.2RE/bin/../lib/gcc/arm-none-eabi/14.2.1/thumb/v7-m/nofp/crtn.o
 *(.fini)
 .fini          0x080057c4        0x4 C:/PROGRA~2/ARMGNU~1/14EFD8~1.2RE/bin/../lib/gcc/arm-none-eabi/14.2.1/thumb/v7-m/nofp/crti.o
                0x080057c4                _fini
 .fini          0x080057c8        0x8 C:/PROGRA~2/ARMGNU~1/14EFD8~1.2RE/bin/../lib/gcc/arm-none-eabi/14.2.1/thumb/v7-m/nofp/crtn.o
                0x080057d0                        . = ALIGN (0x4)
                0x080057d0                        _etext = .

.vfp11_veneer   0x080057d0        0x0
 .vfp11_veneer  0x080057d0        0x0 linker stubs

.v4_bx          0x080057d0        0x0
 .v4_bx         0x080057d0        0x0 linker stubs

.iplt           0x080057d0        0x0
 .iplt          0x080057d0        0x0 C:/PROGRA~2/ARMGNU~1/14EFD8~1.2RE/bin/../lib/gcc/arm-none-eabi/14.2.1/thumb/v7-m/nofp/crtbegin.o

.rodata         0x080057d0      0x1c4
                0x080057d0                        . = ALIGN (0x4)
 *(.rodata)
 *(.rodata*)
 .rodata.AHBPrescTable
                0x080057d0       0x10 cmake/stm32cubemx/CMakeFiles/STM32_Drivers.dir/__/__/Core/Src/system_stm32f1xx.c.obj
                0x080057d0                AHBPrescTable
 .rodata.APBPrescTable
                0x080057e0        0x8 cmake/stm32cubemx/CMakeFiles/STM32_Drivers.dir/__/__/Core/Src/system_stm32f1xx.c.obj
                0x080057e0                APBPrescTable
 .rodata.aPLLMULFactorTable.1
                0x080057e8       0x10 cmake/stm32cubemx/CMakeFiles/STM32_Drivers.dir/__/__/Drivers/STM32F1xx_HAL_Driver/Src/stm32f1xx_hal_rcc.c.obj
 .rodata.aPredivFactorTable.0
                0x080057f8        0x2 cmake/stm32cubemx/CMakeFiles/STM32_Drivers.dir/__/__/Drivers/STM32F1xx_HAL_Driver/Src/stm32f1xx_hal_rcc.c.obj
 *fill*         0x080057fa        0x2 
 .rodata.kSelectedPatternLeds
                0x080057fc      0x108 CMakeFiles/fu_slave1.dir/user/APP/led_ring.c.obj
 .rodata.kArrowGroupZoneStarts
                0x08005904        0xe CMakeFiles/fu_slave1.dir/user/APP/led_ring.c.obj
 *fill*         0x08005912        0x2 
 .rodata.kArrowGroupLocalStarts
                0x08005914        0xe CMakeFiles/fu_slave1.dir/user/APP/led_ring.c.obj
 *fill*         0x08005922        0x2 
 .rodata.kHitStart
                0x08005924       0x12 CMakeFiles/fu_slave1.dir/user/APP/led_ring.c.obj
 *fill*         0x08005936        0x2 
 .rodata.kHitEnd
                0x08005938       0x12 CMakeFiles/fu_slave1.dir/user/APP/led_ring.c.obj
 *fill*         0x0800594a        0x2 
 .rodata.kHitButtons
                0x0800594c       0x48 CMakeFiles/fu_slave1.dir/user/APP/energy_slave.c.obj
                0x08005994                        . = ALIGN (0x4)

.ARM.extab      0x08005994        0x0
                0x08005994                        . = ALIGN (0x4)
 *(.ARM.extab* .gnu.linkonce.armextab.*)
                0x08005994                        . = ALIGN (0x4)

.ARM            0x08005994        0x0
                0x08005994                        . = ALIGN (0x4)
                0x08005994                        __exidx_start = .
 *(.ARM.exidx*)
                0x08005994                        __exidx_end = .
                0x08005994                        . = ALIGN (0x4)

.preinit_array  0x08005994        0x0
                0x08005994                        . = ALIGN (0x4)
                0x08005994                        PROVIDE (__preinit_array_start = .)
 *(.preinit_array*)
                0x08005994                        PROVIDE (__preinit_array_end = .)
                0x08005994                        . = ALIGN (0x4)

.init_array     0x08005994        0x4
                0x08005994                        . = ALIGN (0x4)
                0x08005994                        PROVIDE (__init_array_start = .)
 *(SORT_BY_NAME(.init_array.*))
 *(.init_array*)
 .init_array    0x08005994        0x4 C:/PROGRA~2/ARMGNU~1/14EFD8~1.2RE/bin/../lib/gcc/arm-none-eabi/14.2.1/thumb/v7-m/nofp/crtbegin.o
                0x08005998                        PROVIDE (__init_array_end = .)
                0x08005998                        . = ALIGN (0x4)

.fini_array     0x08005998        0x4
                0x08005998                        . = ALIGN (0x4)
                [!provide]                        PROVIDE (__fini_array_start = .)
 *(SORT_BY_NAME(.fini_array.*))
 *(.fini_array*)
 .fini_array    0x08005998        0x4 C:/PROGRA~2/ARMGNU~1/14EFD8~1.2RE/bin/../lib/gcc/arm-none-eabi/14.2.1/thumb/v7-m/nofp/crtbegin.o
                [!provide]                        PROVIDE (__fini_array_end = .)
                0x0800599c                        . = ALIGN (0x4)
                0x0800599c                        _sidata = LOADADDR (.data)

.rel.dyn        0x0800599c        0x0
 .rel.iplt      0x0800599c        0x0 C:/PROGRA~2/ARMGNU~1/14EFD8~1.2RE/bin/../lib/gcc/arm-none-eabi/14.2.1/thumb/v7-m/nofp/crtbegin.o

.data           0x20000000       0x84 load address 0x0800599c
                0x20000000                        . = ALIGN (0x4)
                0x20000000                        _sdata = .
 *(.data)
 *(.data*)
 .data.SystemCoreClock
                0x20000000        0x4 cmake/stm32cubemx/CMakeFiles/STM32_Drivers.dir/__/__/Core/Src/system_stm32f1xx.c.obj
                0x20000000                SystemCoreClock
 .data.uwTickPrio
                0x20000004        0x4 cmake/stm32cubemx/CMakeFiles/STM32_Drivers.dir/__/__/Drivers/STM32F1xx_HAL_Driver/Src/stm32f1xx_hal.c.obj
                0x20000004                uwTickPrio
 .data.uwTickFreq
                0x20000008        0x1 cmake/stm32cubemx/CMakeFiles/STM32_Drivers.dir/__/__/Drivers/STM32F1xx_HAL_Driver/Src/stm32f1xx_hal.c.obj
                0x20000008                uwTickFreq
 *fill*         0x20000009        0x3 
 .data.strips   0x2000000c       0x48 CMakeFiles/fu_slave1.dir/user/BSP/ws2812.c.obj
 .data.g_can_slave_debug
                0x20000054       0x20 CMakeFiles/fu_slave1.dir/user/BSP/can_slave.c.obj
                0x20000054                g_can_slave_debug
 .data.g_energy_slave_debug
                0x20000074       0x10 CMakeFiles/fu_slave1.dir/user/APP/energy_slave.c.obj
                0x20000074                g_energy_slave_debug
 *(.RamFunc)
 *(.RamFunc*)
                0x20000084                        . = ALIGN (0x4)

.tm_clone_table
                0x20000084        0x0 load address 0x08005a20
 .tm_clone_table
                0x20000084        0x0 C:/PROGRA~2/ARMGNU~1/14EFD8~1.2RE/bin/../lib/gcc/arm-none-eabi/14.2.1/thumb/v7-m/nofp/crtbegin.o
 .tm_clone_table
                0x20000084        0x0 C:/PROGRA~2/ARMGNU~1/14EFD8~1.2RE/bin/../lib/gcc/arm-none-eabi/14.2.1/thumb/v7-m/nofp/crtend.o

.igot.plt       0x20000084        0x0 load address 0x08005a20
 .igot.plt      0x20000084        0x0 C:/PROGRA~2/ARMGNU~1/14EFD8~1.2RE/bin/../lib/gcc/arm-none-eabi/14.2.1/thumb/v7-m/nofp/crtbegin.o

.tdata          0x20000084        0x0 load address 0x08005a20
 *(.tdata .tdata.* .gnu.linkonce.td.*)
                0x20000084                        . = ALIGN (0x4)
                0x20000084                        _edata = .
                [!provide]                        PROVIDE (__data_end = .)
                [!provide]                        PROVIDE (__tdata_end = .)
                [!provide]                        PROVIDE (__tdata_start = ADDR (.tdata))
                [!provide]                        PROVIDE (__tdata_size = (__tdata_end - __tdata_start))
                [!provide]                        PROVIDE (__data_start = ADDR (.data))
                [!provide]                        PROVIDE (__data_size = (__data_end - __data_start))
                [!provide]                        PROVIDE (__tdata_source = LOADADDR (.tdata))
                [!provide]                        PROVIDE (__tdata_source_end = (LOADADDR (.tdata) + SIZEOF (.tdata)))
                [!provide]                        PROVIDE (__tdata_source_size = (__tdata_source_end - __tdata_source))
                [!provide]                        PROVIDE (__data_source = LOADADDR (.data))
                [!provide]                        PROVIDE (__data_source_end = __tdata_source_end)
                [!provide]                        PROVIDE (__data_source_size = (__data_source_end - __data_source))

.tbss           0x20000084        0x0 load address 0x08005a20
                0x20000084                        _sbss = .
                0x20000084                        __bss_start__ = _sbss
 *(.tbss .tbss.*)
                0x20000084                        . = ALIGN (0x4)
                [!provide]                        PROVIDE (__tbss_end = .)
                [!provide]                        PROVIDE (__tbss_start = ADDR (.tbss))
                [!provide]                        PROVIDE (__tbss_size = (__tbss_end - __tbss_start))
                [!provide]                        PROVIDE (__tbss_offset = (ADDR (.tbss) - ADDR (.tdata)))
                [!provide]                        PROVIDE (__tls_base = __tdata_start)
                [!provide]                        PROVIDE (__tls_end = __tbss_end)
                [!provide]                        PROVIDE (__tls_size = (__tls_end - __tls_base))
                [!provide]                        PROVIDE (__tls_align = MAX (ALIGNOF (.tdata), ALIGNOF (.tbss)))
                [!provide]                        PROVIDE (__tls_size_align = (((__tls_size + __tls_align) - 0x1) & ~ ((__tls_align - 0x1))))
                [!provide]                        PROVIDE (__arm32_tls_tcb_offset = MAX (0x8, __tls_align))
                [!provide]                        PROVIDE (__arm64_tls_tcb_offset = MAX (0x10, __tls_align))

.bss            0x20000084     0x41dc load address 0x08005a20
 *(.bss)
 *(.bss*)
 .bss.completed.1
                0x20000084        0x1 C:/PROGRA~2/ARMGNU~1/14EFD8~1.2RE/bin/../lib/gcc/arm-none-eabi/14.2.1/thumb/v7-m/nofp/crtbegin.o
 *fill*         0x20000085        0x3 
 .bss.object.0  0x20000088       0x18 C:/PROGRA~2/ARMGNU~1/14EFD8~1.2RE/bin/../lib/gcc/arm-none-eabi/14.2.1/thumb/v7-m/nofp/crtbegin.o
 .bss.uwTick    0x200000a0        0x4 cmake/stm32cubemx/CMakeFiles/STM32_Drivers.dir/__/__/Drivers/STM32F1xx_HAL_Driver/Src/stm32f1xx_hal.c.obj
                0x200000a0                uwTick
 .bss.LED_Data  0x200000a4      0xa23 CMakeFiles/fu_slave1.dir/user/BSP/ws2812.c.obj
                0x200000a4                LED_Data
 *fill*         0x20000ac7        0x1 
 .bss.PWM_Buffer
                0x20000ac8     0x34e4 CMakeFiles/fu_slave1.dir/user/BSP/ws2812.c.obj
                0x20000ac8                PWM_Buffer
 .bss.isSending
                0x20003fac        0x1 CMakeFiles/fu_slave1.dir/user/BSP/ws2812.c.obj
                0x20003fac                isSending
 *fill*         0x20003fad        0x3 
 .bss.s_can     0x20003fb0        0x4 CMakeFiles/fu_slave1.dir/user/BSP/can_slave.c.obj
 .bss.s_key_candidate
                0x20003fb4        0x1 CMakeFiles/fu_slave1.dir/user/APP/energy_slave.c.obj
 .bss.s_stable_key
                0x20003fb5        0x1 CMakeFiles/fu_slave1.dir/user/APP/energy_slave.c.obj
 .bss.s_key_stable_ms
                0x20003fb6        0x1 CMakeFiles/fu_slave1.dir/user/APP/energy_slave.c.obj
 .bss.s_key_lock
                0x20003fb7        0x1 CMakeFiles/fu_slave1.dir/user/APP/energy_slave.c.obj
 .bss.s_last_can_command_count
                0x20003fb8        0x4 CMakeFiles/fu_slave1.dir/user/APP/energy_slave.c.obj
 .bss.s_hit_done
                0x20003fbc        0x1 CMakeFiles/fu_slave1.dir/user/APP/energy_slave.c.obj
 *fill*         0x20003fbd        0x1 
 .bss.s_phase_offset
                0x20003fbe        0x2 CMakeFiles/fu_slave1.dir/user/APP/energy_slave.c.obj
 .bss.s_last_flow_ms
                0x20003fc0        0x4 CMakeFiles/fu_slave1.dir/user/APP/energy_slave.c.obj
 .bss.hcan      0x20003fc4       0x28 CMakeFiles/fu_slave1.dir/Core/Src/can.c.obj
                0x20003fc4                hcan
 .bss.htim2     0x20003fec       0x48 CMakeFiles/fu_slave1.dir/Core/Src/tim.c.obj
                0x20003fec                htim2
 .bss.htim3     0x20004034       0x48 CMakeFiles/fu_slave1.dir/Core/Src/tim.c.obj
                0x20004034                htim3
 .bss.htim4     0x2000407c       0x48 CMakeFiles/fu_slave1.dir/Core/Src/tim.c.obj
                0x2000407c                htim4
 .bss.hdma_tim2_ch1
                0x200040c4       0x44 CMakeFiles/fu_slave1.dir/Core/Src/tim.c.obj
                0x200040c4                hdma_tim2_ch1
 .bss.hdma_tim2_ch2_ch4
                0x20004108       0x44 CMakeFiles/fu_slave1.dir/Core/Src/tim.c.obj
                0x20004108                hdma_tim2_ch2_ch4
 .bss.hdma_tim2_ch3
                0x2000414c       0x44 CMakeFiles/fu_slave1.dir/Core/Src/tim.c.obj
                0x2000414c                hdma_tim2_ch3
 .bss.hdma_tim3_ch1_trig
                0x20004190       0x44 CMakeFiles/fu_slave1.dir/Core/Src/tim.c.obj
                0x20004190                hdma_tim3_ch1_trig
 .bss.hdma_tim3_ch3
                0x200041d4       0x44 CMakeFiles/fu_slave1.dir/Core/Src/tim.c.obj
                0x200041d4                hdma_tim3_ch3
 .bss.huart1    0x20004218       0x48 CMakeFiles/fu_slave1.dir/Core/Src/usart.c.obj
                0x20004218                huart1
 *(COMMON)
                0x20004260                        . = ALIGN (0x4)
                0x20004260                        _ebss = .
                0x20004260                        __bss_end__ = _ebss
                [!provide]                        PROVIDE (__bss_end = .)
                [!provide]                        PROVIDE (__non_tls_bss_start = ADDR (.bss))
                [!provide]                        PROVIDE (__bss_start = __tbss_start)
                [!provide]                        PROVIDE (__bss_size = (__bss_end - __bss_start))

._user_heap_stack
                0x20004260      0x600 load address 0x08005a20
                0x20004260                        . = ALIGN (0x8)
                [!provide]                        PROVIDE (end = .)
                0x20004260                        PROVIDE (_end = .)
                0x20004460                        . = (. + _Min_Heap_Size)
 *fill*         0x20004260      0x200 
                0x20004860                        . = (. + _Min_Stack_Size)
 *fill*         0x20004460      0x400 
                0x20004860                        . = ALIGN (0x8)

/DISCARD/
 libc.a:*(*)
 libm.a:*(*)
 libgcc.a:*(*)
OUTPUT(fu_slave1.elf elf32-littlearm)
LOAD linker stubs

.ARM.attributes
                0x00000000       0x29
 .ARM.attributes
                0x00000000       0x1d C:/PROGRA~2/ARMGNU~1/14EFD8~1.2RE/bin/../lib/gcc/arm-none-eabi/14.2.1/thumb/v7-m/nofp/crti.o
 .ARM.attributes
                0x0000001d       0x2d C:/PROGRA~2/ARMGNU~1/14EFD8~1.2RE/bin/../lib/gcc/arm-none-eabi/14.2.1/thumb/v7-m/nofp/crtbegin.o
 .ARM.attributes
                0x0000004a       0x2d cmake/stm32cubemx/CMakeFiles/STM32_Drivers.dir/__/__/Core/Src/system_stm32f1xx.c.obj
 .ARM.attributes
                0x00000077       0x2d cmake/stm32cubemx/CMakeFiles/STM32_Drivers.dir/__/__/Drivers/STM32F1xx_HAL_Driver/Src/stm32f1xx_hal_can.c.obj
 .ARM.attributes
                0x000000a4       0x2d cmake/stm32cubemx/CMakeFiles/STM32_Drivers.dir/__/__/Drivers/STM32F1xx_HAL_Driver/Src/stm32f1xx_hal.c.obj
 .ARM.attributes
                0x000000d1       0x2d cmake/stm32cubemx/CMakeFiles/STM32_Drivers.dir/__/__/Drivers/STM32F1xx_HAL_Driver/Src/stm32f1xx_hal_rcc.c.obj
 .ARM.attributes
                0x000000fe       0x2d cmake/stm32cubemx/CMakeFiles/STM32_Drivers.dir/__/__/Drivers/STM32F1xx_HAL_Driver/Src/stm32f1xx_hal_gpio.c.obj
 .ARM.attributes
                0x0000012b       0x2d cmake/stm32cubemx/CMakeFiles/STM32_Drivers.dir/__/__/Drivers/STM32F1xx_HAL_Driver/Src/stm32f1xx_hal_dma.c.obj
 .ARM.attributes
                0x00000158       0x2d cmake/stm32cubemx/CMakeFiles/STM32_Drivers.dir/__/__/Drivers/STM32F1xx_HAL_Driver/Src/stm32f1xx_hal_cortex.c.obj
 .ARM.attributes
                0x00000185       0x2d cmake/stm32cubemx/CMakeFiles/STM32_Drivers.dir/__/__/Drivers/STM32F1xx_HAL_Driver/Src/stm32f1xx_hal_tim.c.obj
 .ARM.attributes
                0x000001b2       0x2d cmake/stm32cubemx/CMakeFiles/STM32_Drivers.dir/__/__/Drivers/STM32F1xx_HAL_Driver/Src/stm32f1xx_hal_tim_ex.c.obj
 .ARM.attributes
                0x000001df       0x2d cmake/stm32cubemx/CMakeFiles/STM32_Drivers.dir/__/__/Drivers/STM32F1xx_HAL_Driver/Src/stm32f1xx_hal_uart.c.obj
 .ARM.attributes
                0x0000020c       0x2d CMakeFiles/fu_slave1.dir/user/BSP/ws2812.c.obj
 .ARM.attributes
                0x00000239       0x2d CMakeFiles/fu_slave1.dir/user/BSP/can_slave.c.obj
 .ARM.attributes
                0x00000266       0x2d CMakeFiles/fu_slave1.dir/user/APP/led_ring.c.obj
 .ARM.attributes
                0x00000293       0x2d CMakeFiles/fu_slave1.dir/user/APP/energy_slave.c.obj
 .ARM.attributes
                0x000002c0       0x2d CMakeFiles/fu_slave1.dir/Core/Src/main.c.obj
 .ARM.attributes
                0x000002ed       0x2d CMakeFiles/fu_slave1.dir/Core/Src/gpio.c.obj
 .ARM.attributes
                0x0000031a       0x2d CMakeFiles/fu_slave1.dir/Core/Src/can.c.obj
 .ARM.attributes
                0x00000347       0x2d CMakeFiles/fu_slave1.dir/Core/Src/dma.c.obj
 .ARM.attributes
                0x00000374       0x2d CMakeFiles/fu_slave1.dir/Core/Src/tim.c.obj
 .ARM.attributes
                0x000003a1       0x2d CMakeFiles/fu_slave1.dir/Core/Src/usart.c.obj
 .ARM.attributes
                0x000003ce       0x2d CMakeFiles/fu_slave1.dir/Core/Src/stm32f1xx_it.c.obj
 .ARM.attributes
                0x000003fb       0x2d CMakeFiles/fu_slave1.dir/Core/Src/stm32f1xx_hal_msp.c.obj
 .ARM.attributes
                0x00000428       0x21 CMakeFiles/fu_slave1.dir/startup_stm32f103xb.s.obj
 .ARM.attributes
                0x00000449       0x2d C:/PROGRA~2/ARMGNU~1/14EFD8~1.2RE/bin/../lib/gcc/arm-none-eabi/14.2.1/thumb/v7-m/nofp\libg_nano.a(libc_a-memset.o)
 .ARM.attributes
                0x00000476       0x2d C:/PROGRA~2/ARMGNU~1/14EFD8~1.2RE/bin/../lib/gcc/arm-none-eabi/14.2.1/thumb/v7-m/nofp\libg_nano.a(libc_a-init.o)
 .ARM.attributes
                0x000004a3       0x2d C:/PROGRA~2/ARMGNU~1/14EFD8~1.2RE/bin/../lib/gcc/arm-none-eabi/14.2.1/thumb/v7-m/nofp/crtend.o
 .ARM.attributes
                0x000004d0       0x1d C:/PROGRA~2/ARMGNU~1/14EFD8~1.2RE/bin/../lib/gcc/arm-none-eabi/14.2.1/thumb/v7-m/nofp/crtn.o

.comment        0x00000000       0x45
 .comment       0x00000000       0x45 cmake/stm32cubemx/CMakeFiles/STM32_Drivers.dir/__/__/Core/Src/system_stm32f1xx.c.obj
                                 0x46 (size before relaxing)
 .comment       0x00000045       0x46 cmake/stm32cubemx/CMakeFiles/STM32_Drivers.dir/__/__/Drivers/STM32F1xx_HAL_Driver/Src/stm32f1xx_hal_can.c.obj
 .comment       0x00000045       0x46 cmake/stm32cubemx/CMakeFiles/STM32_Drivers.dir/__/__/Drivers/STM32F1xx_HAL_Driver/Src/stm32f1xx_hal.c.obj
 .comment       0x00000045       0x46 cmake/stm32cubemx/CMakeFiles/STM32_Drivers.dir/__/__/Drivers/STM32F1xx_HAL_Driver/Src/stm32f1xx_hal_rcc.c.obj
 .comment       0x00000045       0x46 cmake/stm32cubemx/CMakeFiles/STM32_Drivers.dir/__/__/Drivers/STM32F1xx_HAL_Driver/Src/stm32f1xx_hal_gpio.c.obj
 .comment       0x00000045       0x46 cmake/stm32cubemx/CMakeFiles/STM32_Drivers.dir/__/__/Drivers/STM32F1xx_HAL_Driver/Src/stm32f1xx_hal_dma.c.obj
 .comment       0x00000045       0x46 cmake/stm32cubemx/CMakeFiles/STM32_Drivers.dir/__/__/Drivers/STM32F1xx_HAL_Driver/Src/stm32f1xx_hal_cortex.c.obj
 .comment       0x00000045       0x46 cmake/stm32cubemx/CMakeFiles/STM32_Drivers.dir/__/__/Drivers/STM32F1xx_HAL_Driver/Src/stm32f1xx_hal_tim.c.obj
 .comment       0x00000045       0x46 cmake/stm32cubemx/CMakeFiles/STM32_Drivers.dir/__/__/Drivers/STM32F1xx_HAL_Driver/Src/stm32f1xx_hal_tim_ex.c.obj
 .comment       0x00000045       0x46 cmake/stm32cubemx/CMakeFiles/STM32_Drivers.dir/__/__/Drivers/STM32F1xx_HAL_Driver/Src/stm32f1xx_hal_uart.c.obj
 .comment       0x00000045       0x46 CMakeFiles/fu_slave1.dir/user/BSP/ws2812.c.obj
 .comment       0x00000045       0x46 CMakeFiles/fu_slave1.dir/user/BSP/can_slave.c.obj
 .comment       0x00000045       0x46 CMakeFiles/fu_slave1.dir/user/APP/led_ring.c.obj
 .comment       0x00000045       0x46 CMakeFiles/fu_slave1.dir/user/APP/energy_slave.c.obj
 .comment       0x00000045       0x46 CMakeFiles/fu_slave1.dir/Core/Src/main.c.obj
 .comment       0x00000045       0x46 CMakeFiles/fu_slave1.dir/Core/Src/gpio.c.obj
 .comment       0x00000045       0x46 CMakeFiles/fu_slave1.dir/Core/Src/can.c.obj
 .comment       0x00000045       0x46 CMakeFiles/fu_slave1.dir/Core/Src/dma.c.obj
 .comment       0x00000045       0x46 CMakeFiles/fu_slave1.dir/Core/Src/tim.c.obj
 .comment       0x00000045       0x46 CMakeFiles/fu_slave1.dir/Core/Src/usart.c.obj
 .comment       0x00000045       0x46 CMakeFiles/fu_slave1.dir/Core/Src/stm32f1xx_it.c.obj
 .comment       0x00000045       0x46 CMakeFiles/fu_slave1.dir/Core/Src/stm32f1xx_hal_msp.c.obj

.debug_info     0x00000000    0x104d4
 .debug_info    0x00000000      0x222 cmake/stm32cubemx/CMakeFiles/STM32_Drivers.dir/__/__/Core/Src/system_stm32f1xx.c.obj
 .debug_info    0x00000222      0xf13 cmake/stm32cubemx/CMakeFiles/STM32_Drivers.dir/__/__/Drivers/STM32F1xx_HAL_Driver/Src/stm32f1xx_hal_can.c.obj
 .debug_info    0x00001135      0x704 cmake/stm32cubemx/CMakeFiles/STM32_Drivers.dir/__/__/Drivers/STM32F1xx_HAL_Driver/Src/stm32f1xx_hal.c.obj
 .debug_info    0x00001839      0x7d5 cmake/stm32cubemx/CMakeFiles/STM32_Drivers.dir/__/__/Drivers/STM32F1xx_HAL_Driver/Src/stm32f1xx_hal_rcc.c.obj
 .debug_info    0x0000200e      0x5ab cmake/stm32cubemx/CMakeFiles/STM32_Drivers.dir/__/__/Drivers/STM32F1xx_HAL_Driver/Src/stm32f1xx_hal_gpio.c.obj
 .debug_info    0x000025b9      0x6d2 cmake/stm32cubemx/CMakeFiles/STM32_Drivers.dir/__/__/Drivers/STM32F1xx_HAL_Driver/Src/stm32f1xx_hal_dma.c.obj
 .debug_info    0x00002c8b      0xa87 cmake/stm32cubemx/CMakeFiles/STM32_Drivers.dir/__/__/Drivers/STM32F1xx_HAL_Driver/Src/stm32f1xx_hal_cortex.c.obj
 .debug_info    0x00003712     0x2959 cmake/stm32cubemx/CMakeFiles/STM32_Drivers.dir/__/__/Drivers/STM32F1xx_HAL_Driver/Src/stm32f1xx_hal_tim.c.obj
 .debug_info    0x0000606b     0x149b cmake/stm32cubemx/CMakeFiles/STM32_Drivers.dir/__/__/Drivers/STM32F1xx_HAL_Driver/Src/stm32f1xx_hal_tim_ex.c.obj
 .debug_info    0x00007506     0x2eed cmake/stm32cubemx/CMakeFiles/STM32_Drivers.dir/__/__/Drivers/STM32F1xx_HAL_Driver/Src/stm32f1xx_hal_uart.c.obj
 .debug_info    0x0000a3f3      0x967 CMakeFiles/fu_slave1.dir/user/BSP/ws2812.c.obj
 .debug_info    0x0000ad5a      0x955 CMakeFiles/fu_slave1.dir/user/BSP/can_slave.c.obj
 .debug_info    0x0000b6af      0x368 CMakeFiles/fu_slave1.dir/user/APP/led_ring.c.obj
 .debug_info    0x0000ba17      0xe39 CMakeFiles/fu_slave1.dir/user/APP/energy_slave.c.obj
 .debug_info    0x0000c850      0x857 CMakeFiles/fu_slave1.dir/Core/Src/main.c.obj
 .debug_info    0x0000d0a7      0x276 CMakeFiles/fu_slave1.dir/Core/Src/gpio.c.obj
 .debug_info    0x0000d31d      0x867 CMakeFiles/fu_slave1.dir/Core/Src/can.c.obj
 .debug_info    0x0000db84      0x2cf CMakeFiles/fu_slave1.dir/Core/Src/dma.c.obj
 .debug_info    0x0000de53      0xd7c CMakeFiles/fu_slave1.dir/Core/Src/tim.c.obj
 .debug_info    0x0000ebcf      0x92a CMakeFiles/fu_slave1.dir/Core/Src/usart.c.obj
 .debug_info    0x0000f4f9      0xdba CMakeFiles/fu_slave1.dir/Core/Src/stm32f1xx_it.c.obj
 .debug_info    0x000102b3      0x1f1 CMakeFiles/fu_slave1.dir/Core/Src/stm32f1xx_hal_msp.c.obj
 .debug_info    0x000104a4       0x30 CMakeFiles/fu_slave1.dir/startup_stm32f103xb.s.obj

.debug_abbrev   0x00000000     0x2d3f
 .debug_abbrev  0x00000000      0x13f cmake/stm32cubemx/CMakeFiles/STM32_Drivers.dir/__/__/Core/Src/system_stm32f1xx.c.obj
 .debug_abbrev  0x0000013f      0x21c cmake/stm32cubemx/CMakeFiles/STM32_Drivers.dir/__/__/Drivers/STM32F1xx_HAL_Driver/Src/stm32f1xx_hal_can.c.obj
 .debug_abbrev  0x0000035b      0x201 cmake/stm32cubemx/CMakeFiles/STM32_Drivers.dir/__/__/Drivers/STM32F1xx_HAL_Driver/Src/stm32f1xx_hal.c.obj
 .debug_abbrev  0x0000055c      0x2b3 cmake/stm32cubemx/CMakeFiles/STM32_Drivers.dir/__/__/Drivers/STM32F1xx_HAL_Driver/Src/stm32f1xx_hal_rcc.c.obj
 .debug_abbrev  0x0000080f      0x1ca cmake/stm32cubemx/CMakeFiles/STM32_Drivers.dir/__/__/Drivers/STM32F1xx_HAL_Driver/Src/stm32f1xx_hal_gpio.c.obj
 .debug_abbrev  0x000009d9      0x20b cmake/stm32cubemx/CMakeFiles/STM32_Drivers.dir/__/__/Drivers/STM32F1xx_HAL_Driver/Src/stm32f1xx_hal_dma.c.obj
 .debug_abbrev  0x00000be4      0x2f8 cmake/stm32cubemx/CMakeFiles/STM32_Drivers.dir/__/__/Drivers/STM32F1xx_HAL_Driver/Src/stm32f1xx_hal_cortex.c.obj
 .debug_abbrev  0x00000edc      0x277 cmake/stm32cubemx/CMakeFiles/STM32_Drivers.dir/__/__/Drivers/STM32F1xx_HAL_Driver/Src/stm32f1xx_hal_tim.c.obj
 .debug_abbrev  0x00001153      0x282 cmake/stm32cubemx/CMakeFiles/STM32_Drivers.dir/__/__/Drivers/STM32F1xx_HAL_Driver/Src/stm32f1xx_hal_tim_ex.c.obj
 .debug_abbrev  0x000013d5      0x2f8 cmake/stm32cubemx/CMakeFiles/STM32_Drivers.dir/__/__/Drivers/STM32F1xx_HAL_Driver/Src/stm32f1xx_hal_uart.c.obj
 .debug_abbrev  0x000016cd      0x26c CMakeFiles/fu_slave1.dir/user/BSP/ws2812.c.obj
 .debug_abbrev  0x00001939      0x1dd CMakeFiles/fu_slave1.dir/user/BSP/can_slave.c.obj
 .debug_abbrev  0x00001b16      0x159 CMakeFiles/fu_slave1.dir/user/APP/led_ring.c.obj
 .debug_abbrev  0x00001c6f      0x2a2 CMakeFiles/fu_slave1.dir/user/APP/energy_slave.c.obj
 .debug_abbrev  0x00001f11      0x236 CMakeFiles/fu_slave1.dir/Core/Src/main.c.obj
 .debug_abbrev  0x00002147      0x122 CMakeFiles/fu_slave1.dir/Core/Src/gpio.c.obj
 .debug_abbrev  0x00002269      0x232 CMakeFiles/fu_slave1.dir/Core/Src/can.c.obj
 .debug_abbrev  0x0000249b       0xfc CMakeFiles/fu_slave1.dir/Core/Src/dma.c.obj
 .debug_abbrev  0x00002597      0x297 CMakeFiles/fu_slave1.dir/Core/Src/tim.c.obj
 .debug_abbrev  0x0000282e      0x205 CMakeFiles/fu_slave1.dir/Core/Src/usart.c.obj
 .debug_abbrev  0x00002a33      0x20d CMakeFiles/fu_slave1.dir/Core/Src/stm32f1xx_it.c.obj
 .debug_abbrev  0x00002c40       0xdb CMakeFiles/fu_slave1.dir/Core/Src/stm32f1xx_hal_msp.c.obj
 .debug_abbrev  0x00002d1b       0x24 CMakeFiles/fu_slave1.dir/startup_stm32f103xb.s.obj

.debug_aranges  0x00000000      0xf30
 .debug_aranges
                0x00000000       0x28 cmake/stm32cubemx/CMakeFiles/STM32_Drivers.dir/__/__/Core/Src/system_stm32f1xx.c.obj
 .debug_aranges
                0x00000028      0x138 cmake/stm32cubemx/CMakeFiles/STM32_Drivers.dir/__/__/Drivers/STM32F1xx_HAL_Driver/Src/stm32f1xx_hal_can.c.obj
 .debug_aranges
                0x00000160       0xe0 cmake/stm32cubemx/CMakeFiles/STM32_Drivers.dir/__/__/Drivers/STM32F1xx_HAL_Driver/Src/stm32f1xx_hal.c.obj
 .debug_aranges
                0x00000240       0x90 cmake/stm32cubemx/CMakeFiles/STM32_Drivers.dir/__/__/Drivers/STM32F1xx_HAL_Driver/Src/stm32f1xx_hal_rcc.c.obj
 .debug_aranges
                0x000002d0       0x58 cmake/stm32cubemx/CMakeFiles/STM32_Drivers.dir/__/__/Drivers/STM32F1xx_HAL_Driver/Src/stm32f1xx_hal_gpio.c.obj
 .debug_aranges
                0x00000328       0x80 cmake/stm32cubemx/CMakeFiles/STM32_Drivers.dir/__/__/Drivers/STM32F1xx_HAL_Driver/Src/stm32f1xx_hal_dma.c.obj
 .debug_aranges
                0x000003a8      0x100 cmake/stm32cubemx/CMakeFiles/STM32_Drivers.dir/__/__/Drivers/STM32F1xx_HAL_Driver/Src/stm32f1xx_hal_cortex.c.obj
 .debug_aranges
                0x000004a8      0x3d0 cmake/stm32cubemx/CMakeFiles/STM32_Drivers.dir/__/__/Drivers/STM32F1xx_HAL_Driver/Src/stm32f1xx_hal_tim.c.obj
 .debug_aranges
                0x00000878      0x168 cmake/stm32cubemx/CMakeFiles/STM32_Drivers.dir/__/__/Drivers/STM32F1xx_HAL_Driver/Src/stm32f1xx_hal_tim_ex.c.obj
 .debug_aranges
                0x000009e0      0x208 cmake/stm32cubemx/CMakeFiles/STM32_Drivers.dir/__/__/Drivers/STM32F1xx_HAL_Driver/Src/stm32f1xx_hal_uart.c.obj
 .debug_aranges
                0x00000be8       0x48 CMakeFiles/fu_slave1.dir/user/BSP/ws2812.c.obj
 .debug_aranges
                0x00000c30       0x50 CMakeFiles/fu_slave1.dir/user/BSP/can_slave.c.obj
 .debug_aranges
                0x00000c80       0x60 CMakeFiles/fu_slave1.dir/user/APP/led_ring.c.obj
 .debug_aranges
                0x00000ce0       0x38 CMakeFiles/fu_slave1.dir/user/APP/energy_slave.c.obj
 .debug_aranges
                0x00000d18       0x38 CMakeFiles/fu_slave1.dir/Core/Src/main.c.obj
 .debug_aranges
                0x00000d50       0x20 CMakeFiles/fu_slave1.dir/Core/Src/gpio.c.obj
 .debug_aranges
                0x00000d70       0x30 CMakeFiles/fu_slave1.dir/Core/Src/can.c.obj
 .debug_aranges
                0x00000da0       0x20 CMakeFiles/fu_slave1.dir/Core/Src/dma.c.obj
 .debug_aranges
                0x00000dc0       0x58 CMakeFiles/fu_slave1.dir/Core/Src/tim.c.obj
 .debug_aranges
                0x00000e18       0x30 CMakeFiles/fu_slave1.dir/Core/Src/usart.c.obj
 .debug_aranges
                0x00000e48       0xa0 CMakeFiles/fu_slave1.dir/Core/Src/stm32f1xx_it.c.obj
 .debug_aranges
                0x00000ee8       0x20 CMakeFiles/fu_slave1.dir/Core/Src/stm32f1xx_hal_msp.c.obj
 .debug_aranges
                0x00000f08       0x28 CMakeFiles/fu_slave1.dir/startup_stm32f103xb.s.obj

.debug_rnglists
                0x00000000      0xbb7
 .debug_rnglists
                0x00000000       0x1a cmake/stm32cubemx/CMakeFiles/STM32_Drivers.dir/__/__/Core/Src/system_stm32f1xx.c.obj
 .debug_rnglists
                0x0000001a       0xed cmake/stm32cubemx/CMakeFiles/STM32_Drivers.dir/__/__/Drivers/STM32F1xx_HAL_Driver/Src/stm32f1xx_hal_can.c.obj
 .debug_rnglists
                0x00000107       0xa3 cmake/stm32cubemx/CMakeFiles/STM32_Drivers.dir/__/__/Drivers/STM32F1xx_HAL_Driver/Src/stm32f1xx_hal.c.obj
 .debug_rnglists
                0x000001aa       0x6c cmake/stm32cubemx/CMakeFiles/STM32_Drivers.dir/__/__/Drivers/STM32F1xx_HAL_Driver/Src/stm32f1xx_hal_rcc.c.obj
 .debug_rnglists
                0x00000216       0x3f cmake/stm32cubemx/CMakeFiles/STM32_Drivers.dir/__/__/Drivers/STM32F1xx_HAL_Driver/Src/stm32f1xx_hal_gpio.c.obj
 .debug_rnglists
                0x00000255       0x64 cmake/stm32cubemx/CMakeFiles/STM32_Drivers.dir/__/__/Drivers/STM32F1xx_HAL_Driver/Src/stm32f1xx_hal_dma.c.obj
 .debug_rnglists
                0x000002b9       0xbb cmake/stm32cubemx/CMakeFiles/STM32_Drivers.dir/__/__/Drivers/STM32F1xx_HAL_Driver/Src/stm32f1xx_hal_cortex.c.obj
 .debug_rnglists
                0x00000374      0x31a cmake/stm32cubemx/CMakeFiles/STM32_Drivers.dir/__/__/Drivers/STM32F1xx_HAL_Driver/Src/stm32f1xx_hal_tim.c.obj
 .debug_rnglists
                0x0000068e      0x125 cmake/stm32cubemx/CMakeFiles/STM32_Drivers.dir/__/__/Drivers/STM32F1xx_HAL_Driver/Src/stm32f1xx_hal_tim_ex.c.obj
 .debug_rnglists
                0x000007b3      0x1bc cmake/stm32cubemx/CMakeFiles/STM32_Drivers.dir/__/__/Drivers/STM32F1xx_HAL_Driver/Src/stm32f1xx_hal_uart.c.obj
 .debug_rnglists
                0x0000096f       0x34 CMakeFiles/fu_slave1.dir/user/BSP/ws2812.c.obj
 .debug_rnglists
                0x000009a3       0x3a CMakeFiles/fu_slave1.dir/user/BSP/can_slave.c.obj
 .debug_rnglists
                0x000009dd       0x45 CMakeFiles/fu_slave1.dir/user/APP/led_ring.c.obj
 .debug_rnglists
                0x00000a22       0x26 CMakeFiles/fu_slave1.dir/user/APP/energy_slave.c.obj
 .debug_rnglists
                0x00000a48       0x26 CMakeFiles/fu_slave1.dir/Core/Src/main.c.obj
 .debug_rnglists
                0x00000a6e       0x14 CMakeFiles/fu_slave1.dir/Core/Src/gpio.c.obj
 .debug_rnglists
                0x00000a82       0x20 CMakeFiles/fu_slave1.dir/Core/Src/can.c.obj
 .debug_rnglists
                0x00000aa2       0x13 CMakeFiles/fu_slave1.dir/Core/Src/dma.c.obj
 .debug_rnglists
                0x00000ab5       0x43 CMakeFiles/fu_slave1.dir/Core/Src/tim.c.obj
 .debug_rnglists
                0x00000af8       0x20 CMakeFiles/fu_slave1.dir/Core/Src/usart.c.obj
 .debug_rnglists
                0x00000b18       0x73 CMakeFiles/fu_slave1.dir/Core/Src/stm32f1xx_it.c.obj
 .debug_rnglists
                0x00000b8b       0x13 CMakeFiles/fu_slave1.dir/Core/Src/stm32f1xx_hal_msp.c.obj
 .debug_rnglists
                0x00000b9e       0x19 CMakeFiles/fu_slave1.dir/startup_stm32f103xb.s.obj

.debug_macro    0x00000000    0x1973b
 .debug_macro   0x00000000      0x1ad cmake/stm32cubemx/CMakeFiles/STM32_Drivers.dir/__/__/Core/Src/system_stm32f1xx.c.obj
 .debug_macro   0x000001ad      0xacc cmake/stm32cubemx/CMakeFiles/STM32_Drivers.dir/__/__/Core/Src/system_stm32f1xx.c.obj
 .debug_macro   0x00000c79       0x2e cmake/stm32cubemx/CMakeFiles/STM32_Drivers.dir/__/__/Core/Src/system_stm32f1xx.c.obj
 .debug_macro   0x00000ca7       0x22 cmake/stm32cubemx/CMakeFiles/STM32_Drivers.dir/__/__/Core/Src/system_stm32f1xx.c.obj
 .debug_macro   0x00000cc9       0x22 cmake/stm32cubemx/CMakeFiles/STM32_Drivers.dir/__/__/Core/Src/system_stm32f1xx.c.obj
 .debug_macro   0x00000ceb       0x8e cmake/stm32cubemx/CMakeFiles/STM32_Drivers.dir/__/__/Core/Src/system_stm32f1xx.c.obj
 .debug_macro   0x00000d79       0x51 cmake/stm32cubemx/CMakeFiles/STM32_Drivers.dir/__/__/Core/Src/system_stm32f1xx.c.obj
 .debug_macro   0x00000dca      0x103 cmake/stm32cubemx/CMakeFiles/STM32_Drivers.dir/__/__/Core/Src/system_stm32f1xx.c.obj
 .debug_macro   0x00000ecd       0x6a cmake/stm32cubemx/CMakeFiles/STM32_Drivers.dir/__/__/Core/Src/system_stm32f1xx.c.obj
 .debug_macro   0x00000f37      0x1df cmake/stm32cubemx/CMakeFiles/STM32_Drivers.dir/__/__/Core/Src/system_stm32f1xx.c.obj
 .debug_macro   0x00001116       0x1c cmake/stm32cubemx/CMakeFiles/STM32_Drivers.dir/__/__/Core/Src/system_stm32f1xx.c.obj
 .debug_macro   0x00001132       0x22 cmake/stm32cubemx/CMakeFiles/STM32_Drivers.dir/__/__/Core/Src/system_stm32f1xx.c.obj
 .debug_macro   0x00001154       0xbd cmake/stm32cubemx/CMakeFiles/STM32_Drivers.dir/__/__/Core/Src/system_stm32f1xx.c.obj
 .debug_macro   0x00001211      0xd23 cmake/stm32cubemx/CMakeFiles/STM32_Drivers.dir/__/__/Core/Src/system_stm32f1xx.c.obj
 .debug_macro   0x00001f34     0xe09e cmake/stm32cubemx/CMakeFiles/STM32_Drivers.dir/__/__/Core/Src/system_stm32f1xx.c.obj
 .debug_macro   0x0000ffd2       0x6d cmake/stm32cubemx/CMakeFiles/STM32_Drivers.dir/__/__/Core/Src/system_stm32f1xx.c.obj
 .debug_macro   0x0001003f      0x227 cmake/stm32cubemx/CMakeFiles/STM32_Drivers.dir/__/__/Core/Src/system_stm32f1xx.c.obj
 .debug_macro   0x00010266     0x34a2 cmake/stm32cubemx/CMakeFiles/STM32_Drivers.dir/__/__/Core/Src/system_stm32f1xx.c.obj
 .debug_macro   0x00013708      0x190 cmake/stm32cubemx/CMakeFiles/STM32_Drivers.dir/__/__/Core/Src/system_stm32f1xx.c.obj
 .debug_macro   0x00013898       0x5c cmake/stm32cubemx/CMakeFiles/STM32_Drivers.dir/__/__/Core/Src/system_stm32f1xx.c.obj
 .debug_macro   0x000138f4      0x5bc cmake/stm32cubemx/CMakeFiles/STM32_Drivers.dir/__/__/Core/Src/system_stm32f1xx.c.obj
 .debug_macro   0x00013eb0      0x289 cmake/stm32cubemx/CMakeFiles/STM32_Drivers.dir/__/__/Core/Src/system_stm32f1xx.c.obj
 .debug_macro   0x00014139      0x1cb cmake/stm32cubemx/CMakeFiles/STM32_Drivers.dir/__/__/Core/Src/system_stm32f1xx.c.obj
 .debug_macro   0x00014304      0x114 cmake/stm32cubemx/CMakeFiles/STM32_Drivers.dir/__/__/Core/Src/system_stm32f1xx.c.obj
 .debug_macro   0x00014418      0x1b2 cmake/stm32cubemx/CMakeFiles/STM32_Drivers.dir/__/__/Core/Src/system_stm32f1xx.c.obj
 .debug_macro   0x000145ca       0x27 cmake/stm32cubemx/CMakeFiles/STM32_Drivers.dir/__/__/Core/Src/system_stm32f1xx.c.obj
 .debug_macro   0x000145f1      0x136 cmake/stm32cubemx/CMakeFiles/STM32_Drivers.dir/__/__/Core/Src/system_stm32f1xx.c.obj
 .debug_macro   0x00014727      0x1bc cmake/stm32cubemx/CMakeFiles/STM32_Drivers.dir/__/__/Core/Src/system_stm32f1xx.c.obj
 .debug_macro   0x000148e3       0x34 cmake/stm32cubemx/CMakeFiles/STM32_Drivers.dir/__/__/Core/Src/system_stm32f1xx.c.obj
 .debug_macro   0x00014917       0x3c cmake/stm32cubemx/CMakeFiles/STM32_Drivers.dir/__/__/Core/Src/system_stm32f1xx.c.obj
 .debug_macro   0x00014953      0x408 cmake/stm32cubemx/CMakeFiles/STM32_Drivers.dir/__/__/Core/Src/system_stm32f1xx.c.obj
 .debug_macro   0x00014d5b       0x57 cmake/stm32cubemx/CMakeFiles/STM32_Drivers.dir/__/__/Core/Src/system_stm32f1xx.c.obj
 .debug_macro   0x00014db2       0x87 cmake/stm32cubemx/CMakeFiles/STM32_Drivers.dir/__/__/Core/Src/system_stm32f1xx.c.obj
 .debug_macro   0x00014e39      0x240 cmake/stm32cubemx/CMakeFiles/STM32_Drivers.dir/__/__/Core/Src/system_stm32f1xx.c.obj
 .debug_macro   0x00015079      0x140 cmake/stm32cubemx/CMakeFiles/STM32_Drivers.dir/__/__/Core/Src/system_stm32f1xx.c.obj
 .debug_macro   0x000151b9      0x8ed cmake/stm32cubemx/CMakeFiles/STM32_Drivers.dir/__/__/Core/Src/system_stm32f1xx.c.obj
 .debug_macro   0x00015aa6      0x28e cmake/stm32cubemx/CMakeFiles/STM32_Drivers.dir/__/__/Core/Src/system_stm32f1xx.c.obj
 .debug_macro   0x00015d34       0x83 cmake/stm32cubemx/CMakeFiles/STM32_Drivers.dir/__/__/Core/Src/system_stm32f1xx.c.obj
 .debug_macro   0x00015db7      0x1bc cmake/stm32cubemx/CMakeFiles/STM32_Drivers.dir/__/__/Drivers/STM32F1xx_HAL_Driver/Src/stm32f1xx_hal_can.c.obj
 .debug_macro   0x00015f73      0x1d1 cmake/stm32cubemx/CMakeFiles/STM32_Drivers.dir/__/__/Drivers/STM32F1xx_HAL_Driver/Src/stm32f1xx_hal.c.obj
 .debug_macro   0x00016144      0x1bf cmake/stm32cubemx/CMakeFiles/STM32_Drivers.dir/__/__/Drivers/STM32F1xx_HAL_Driver/Src/stm32f1xx_hal_rcc.c.obj
 .debug_macro   0x00016303      0x218 cmake/stm32cubemx/CMakeFiles/STM32_Drivers.dir/__/__/Drivers/STM32F1xx_HAL_Driver/Src/stm32f1xx_hal_gpio.c.obj
 .debug_macro   0x0001651b      0x1ad cmake/stm32cubemx/CMakeFiles/STM32_Drivers.dir/__/__/Drivers/STM32F1xx_HAL_Driver/Src/stm32f1xx_hal_dma.c.obj
 .debug_macro   0x000166c8      0x1ad cmake/stm32cubemx/CMakeFiles/STM32_Drivers.dir/__/__/Drivers/STM32F1xx_HAL_Driver/Src/stm32f1xx_hal_cortex.c.obj
 .debug_macro   0x00016875      0x1ae cmake/stm32cubemx/CMakeFiles/STM32_Drivers.dir/__/__/Drivers/STM32F1xx_HAL_Driver/Src/stm32f1xx_hal_tim.c.obj
 .debug_macro   0x00016a23      0x1ad cmake/stm32cubemx/CMakeFiles/STM32_Drivers.dir/__/__/Drivers/STM32F1xx_HAL_Driver/Src/stm32f1xx_hal_tim_ex.c.obj
 .debug_macro   0x00016bd0      0x1ae cmake/stm32cubemx/CMakeFiles/STM32_Drivers.dir/__/__/Drivers/STM32F1xx_HAL_Driver/Src/stm32f1xx_hal_uart.c.obj
 .debug_macro   0x00016d7e      0x28e CMakeFiles/fu_slave1.dir/user/BSP/ws2812.c.obj
 .debug_macro   0x0001700c      0xad2 CMakeFiles/fu_slave1.dir/user/BSP/ws2812.c.obj
 .debug_macro   0x00017ade       0x4c CMakeFiles/fu_slave1.dir/user/BSP/ws2812.c.obj
 .debug_macro   0x00017b2a       0x7b CMakeFiles/fu_slave1.dir/user/BSP/ws2812.c.obj
 .debug_macro   0x00017ba5       0x24 CMakeFiles/fu_slave1.dir/user/BSP/ws2812.c.obj
 .debug_macro   0x00017bc9       0x3c CMakeFiles/fu_slave1.dir/user/BSP/ws2812.c.obj
 .debug_macro   0x00017c05       0x34 CMakeFiles/fu_slave1.dir/user/BSP/ws2812.c.obj
 .debug_macro   0x00017c39      0x364 CMakeFiles/fu_slave1.dir/user/BSP/ws2812.c.obj
 .debug_macro   0x00017f9d       0x16 CMakeFiles/fu_slave1.dir/user/BSP/ws2812.c.obj
 .debug_macro   0x00017fb3       0x4a CMakeFiles/fu_slave1.dir/user/BSP/ws2812.c.obj
 .debug_macro   0x00017ffd       0x34 CMakeFiles/fu_slave1.dir/user/BSP/ws2812.c.obj
 .debug_macro   0x00018031       0x10 CMakeFiles/fu_slave1.dir/user/BSP/ws2812.c.obj
 .debug_macro   0x00018041       0x58 CMakeFiles/fu_slave1.dir/user/BSP/ws2812.c.obj
 .debug_macro   0x00018099      0x1e5 CMakeFiles/fu_slave1.dir/user/BSP/ws2812.c.obj
 .debug_macro   0x0001827e       0x10 CMakeFiles/fu_slave1.dir/user/BSP/ws2812.c.obj
 .debug_macro   0x0001828e       0x3c CMakeFiles/fu_slave1.dir/user/BSP/ws2812.c.obj
 .debug_macro   0x000182ca      0x1c9 CMakeFiles/fu_slave1.dir/user/BSP/can_slave.c.obj
 .debug_macro   0x00018493       0x34 CMakeFiles/fu_slave1.dir/user/BSP/can_slave.c.obj
 .debug_macro   0x000184c7       0x16 CMakeFiles/fu_slave1.dir/user/BSP/can_slave.c.obj
 .debug_macro   0x000184dd      0x226 CMakeFiles/fu_slave1.dir/user/APP/led_ring.c.obj
 .debug_macro   0x00018703      0x1fb CMakeFiles/fu_slave1.dir/user/APP/energy_slave.c.obj
 .debug_macro   0x000188fe      0x200 CMakeFiles/fu_slave1.dir/Core/Src/main.c.obj
 .debug_macro   0x00018afe      0x1c1 CMakeFiles/fu_slave1.dir/Core/Src/gpio.c.obj
 .debug_macro   0x00018cbf      0x1c1 CMakeFiles/fu_slave1.dir/Core/Src/can.c.obj
 .debug_macro   0x00018e80      0x1c1 CMakeFiles/fu_slave1.dir/Core/Src/dma.c.obj
 .debug_macro   0x00019041      0x1c1 CMakeFiles/fu_slave1.dir/Core/Src/tim.c.obj
 .debug_macro   0x00019202      0x1c1 CMakeFiles/fu_slave1.dir/Core/Src/usart.c.obj
 .debug_macro   0x000193c3      0x1c1 CMakeFiles/fu_slave1.dir/Core/Src/stm32f1xx_it.c.obj
 .debug_macro   0x00019584      0x1b7 CMakeFiles/fu_slave1.dir/Core/Src/stm32f1xx_hal_msp.c.obj

.debug_line     0x00000000    0x11b0b
 .debug_line    0x00000000      0x6c3 cmake/stm32cubemx/CMakeFiles/STM32_Drivers.dir/__/__/Core/Src/system_stm32f1xx.c.obj
 .debug_line    0x000006c3     0x10ed cmake/stm32cubemx/CMakeFiles/STM32_Drivers.dir/__/__/Drivers/STM32F1xx_HAL_Driver/Src/stm32f1xx_hal_can.c.obj
 .debug_line    0x000017b0      0x8f4 cmake/stm32cubemx/CMakeFiles/STM32_Drivers.dir/__/__/Drivers/STM32F1xx_HAL_Driver/Src/stm32f1xx_hal.c.obj
 .debug_line    0x000020a4      0xdad cmake/stm32cubemx/CMakeFiles/STM32_Drivers.dir/__/__/Drivers/STM32F1xx_HAL_Driver/Src/stm32f1xx_hal_rcc.c.obj
 .debug_line    0x00002e51      0x951 cmake/stm32cubemx/CMakeFiles/STM32_Drivers.dir/__/__/Drivers/STM32F1xx_HAL_Driver/Src/stm32f1xx_hal_gpio.c.obj
 .debug_line    0x000037a2      0xcfe cmake/stm32cubemx/CMakeFiles/STM32_Drivers.dir/__/__/Drivers/STM32F1xx_HAL_Driver/Src/stm32f1xx_hal_dma.c.obj
 .debug_line    0x000044a0      0xabe cmake/stm32cubemx/CMakeFiles/STM32_Drivers.dir/__/__/Drivers/STM32F1xx_HAL_Driver/Src/stm32f1xx_hal_cortex.c.obj
 .debug_line    0x00004f5e     0x33e2 cmake/stm32cubemx/CMakeFiles/STM32_Drivers.dir/__/__/Drivers/STM32F1xx_HAL_Driver/Src/stm32f1xx_hal_tim.c.obj
 .debug_line    0x00008340     0x17b8 cmake/stm32cubemx/CMakeFiles/STM32_Drivers.dir/__/__/Drivers/STM32F1xx_HAL_Driver/Src/stm32f1xx_hal_tim_ex.c.obj
 .debug_line    0x00009af8     0x2410 cmake/stm32cubemx/CMakeFiles/STM32_Drivers.dir/__/__/Drivers/STM32F1xx_HAL_Driver/Src/stm32f1xx_hal_uart.c.obj
 .debug_line    0x0000bf08      0x8a0 CMakeFiles/fu_slave1.dir/user/BSP/ws2812.c.obj
 .debug_line    0x0000c7a8      0x8bf CMakeFiles/fu_slave1.dir/user/BSP/can_slave.c.obj
 .debug_line    0x0000d067      0x81b CMakeFiles/fu_slave1.dir/user/APP/led_ring.c.obj
 .debug_line    0x0000d882      0x8db CMakeFiles/fu_slave1.dir/user/APP/energy_slave.c.obj
 .debug_line    0x0000e15d      0x7d1 CMakeFiles/fu_slave1.dir/Core/Src/main.c.obj
 .debug_line    0x0000e92e      0x659 CMakeFiles/fu_slave1.dir/Core/Src/gpio.c.obj
 .debug_line    0x0000ef87      0x6bf CMakeFiles/fu_slave1.dir/Core/Src/can.c.obj
 .debug_line    0x0000f646      0x648 CMakeFiles/fu_slave1.dir/Core/Src/dma.c.obj
 .debug_line    0x0000fc8e      0x952 CMakeFiles/fu_slave1.dir/Core/Src/tim.c.obj
 .debug_line    0x000105e0      0x6bb CMakeFiles/fu_slave1.dir/Core/Src/usart.c.obj
 .debug_line    0x00010c9b      0x7b3 CMakeFiles/fu_slave1.dir/Core/Src/stm32f1xx_it.c.obj
 .debug_line    0x0001144e      0x645 CMakeFiles/fu_slave1.dir/Core/Src/stm32f1xx_hal_msp.c.obj
 .debug_line    0x00011a93       0x78 CMakeFiles/fu_slave1.dir/startup_stm32f103xb.s.obj

.debug_str      0x00000000    0x8d123
 .debug_str     0x00000000    0x8d123 cmake/stm32cubemx/CMakeFiles/STM32_Drivers.dir/__/__/Core/Src/system_stm32f1xx.c.obj
                              0x8595d (size before relaxing)
 .debug_str     0x0008d123    0x86165 cmake/stm32cubemx/CMakeFiles/STM32_Drivers.dir/__/__/Drivers/STM32F1xx_HAL_Driver/Src/stm32f1xx_hal_can.c.obj
 .debug_str     0x0008d123    0x86090 cmake/stm32cubemx/CMakeFiles/STM32_Drivers.dir/__/__/Drivers/STM32F1xx_HAL_Driver/Src/stm32f1xx_hal.c.obj
 .debug_str     0x0008d123    0x85d8c cmake/stm32cubemx/CMakeFiles/STM32_Drivers.dir/__/__/Drivers/STM32F1xx_HAL_Driver/Src/stm32f1xx_hal_rcc.c.obj
 .debug_str     0x0008d123    0x85ce3 cmake/stm32cubemx/CMakeFiles/STM32_Drivers.dir/__/__/Drivers/STM32F1xx_HAL_Driver/Src/stm32f1xx_hal_gpio.c.obj
 .debug_str     0x0008d123    0x85d06 cmake/stm32cubemx/CMakeFiles/STM32_Drivers.dir/__/__/Drivers/STM32F1xx_HAL_Driver/Src/stm32f1xx_hal_dma.c.obj
 .debug_str     0x0008d123    0x85fdc cmake/stm32cubemx/CMakeFiles/STM32_Drivers.dir/__/__/Drivers/STM32F1xx_HAL_Driver/Src/stm32f1xx_hal_cortex.c.obj
 .debug_str     0x0008d123    0x86d8e cmake/stm32cubemx/CMakeFiles/STM32_Drivers.dir/__/__/Drivers/STM32F1xx_HAL_Driver/Src/stm32f1xx_hal_tim.c.obj
 .debug_str     0x0008d123    0x8659a cmake/stm32cubemx/CMakeFiles/STM32_Drivers.dir/__/__/Drivers/STM32F1xx_HAL_Driver/Src/stm32f1xx_hal_tim_ex.c.obj
 .debug_str     0x0008d123    0x863fd cmake/stm32cubemx/CMakeFiles/STM32_Drivers.dir/__/__/Drivers/STM32F1xx_HAL_Driver/Src/stm32f1xx_hal_uart.c.obj
 .debug_str     0x0008d123    0x88c36 CMakeFiles/fu_slave1.dir/user/BSP/ws2812.c.obj
 .debug_str     0x0008d123    0x86148 CMakeFiles/fu_slave1.dir/user/BSP/can_slave.c.obj
 .debug_str     0x0008d123    0x85e5d CMakeFiles/fu_slave1.dir/user/APP/led_ring.c.obj
 .debug_str     0x0008d123    0x86622 CMakeFiles/fu_slave1.dir/user/APP/energy_slave.c.obj
 .debug_str     0x0008d123    0x861c6 CMakeFiles/fu_slave1.dir/Core/Src/main.c.obj
 .debug_str     0x0008d123    0x85983 CMakeFiles/fu_slave1.dir/Core/Src/gpio.c.obj
 .debug_str     0x0008d123    0x85fb0 CMakeFiles/fu_slave1.dir/Core/Src/can.c.obj
 .debug_str     0x0008d123    0x85c1d CMakeFiles/fu_slave1.dir/Core/Src/dma.c.obj
 .debug_str     0x0008d123    0x86444 CMakeFiles/fu_slave1.dir/Core/Src/tim.c.obj
 .debug_str     0x0008d123    0x86122 CMakeFiles/fu_slave1.dir/Core/Src/usart.c.obj
 .debug_str     0x0008d123    0x86408 CMakeFiles/fu_slave1.dir/Core/Src/stm32f1xx_it.c.obj
 .debug_str     0x0008d123    0x85947 CMakeFiles/fu_slave1.dir/Core/Src/stm32f1xx_hal_msp.c.obj
 .debug_str     0x0008d123       0xc5 CMakeFiles/fu_slave1.dir/startup_stm32f103xb.s.obj

.debug_frame    0x00000000     0x3d2c
 .debug_frame   0x00000000       0x58 cmake/stm32cubemx/CMakeFiles/STM32_Drivers.dir/__/__/Core/Src/system_stm32f1xx.c.obj
 .debug_frame   0x00000058      0x5a0 cmake/stm32cubemx/CMakeFiles/STM32_Drivers.dir/__/__/Drivers/STM32F1xx_HAL_Driver/Src/stm32f1xx_hal_can.c.obj
 .debug_frame   0x000005f8      0x334 cmake/stm32cubemx/CMakeFiles/STM32_Drivers.dir/__/__/Drivers/STM32F1xx_HAL_Driver/Src/stm32f1xx_hal.c.obj
 .debug_frame   0x0000092c      0x218 cmake/stm32cubemx/CMakeFiles/STM32_Drivers.dir/__/__/Drivers/STM32F1xx_HAL_Driver/Src/stm32f1xx_hal_rcc.c.obj
 .debug_frame   0x00000b44      0x14c cmake/stm32cubemx/CMakeFiles/STM32_Drivers.dir/__/__/Drivers/STM32F1xx_HAL_Driver/Src/stm32f1xx_hal_gpio.c.obj
 .debug_frame   0x00000c90      0x208 cmake/stm32cubemx/CMakeFiles/STM32_Drivers.dir/__/__/Drivers/STM32F1xx_HAL_Driver/Src/stm32f1xx_hal_dma.c.obj
 .debug_frame   0x00000e98      0x428 cmake/stm32cubemx/CMakeFiles/STM32_Drivers.dir/__/__/Drivers/STM32F1xx_HAL_Driver/Src/stm32f1xx_hal_cortex.c.obj
 .debug_frame   0x000012c0     0x11b8 cmake/stm32cubemx/CMakeFiles/STM32_Drivers.dir/__/__/Drivers/STM32F1xx_HAL_Driver/Src/stm32f1xx_hal_tim.c.obj
 .debug_frame   0x00002478      0x638 cmake/stm32cubemx/CMakeFiles/STM32_Drivers.dir/__/__/Drivers/STM32F1xx_HAL_Driver/Src/stm32f1xx_hal_tim_ex.c.obj
 .debug_frame   0x00002ab0      0x944 cmake/stm32cubemx/CMakeFiles/STM32_Drivers.dir/__/__/Drivers/STM32F1xx_HAL_Driver/Src/stm32f1xx_hal_uart.c.obj
 .debug_frame   0x000033f4       0xe8 CMakeFiles/fu_slave1.dir/user/BSP/ws2812.c.obj
 .debug_frame   0x000034dc       0xfc CMakeFiles/fu_slave1.dir/user/BSP/can_slave.c.obj
 .debug_frame   0x000035d8      0x140 CMakeFiles/fu_slave1.dir/user/APP/led_ring.c.obj
 .debug_frame   0x00003718       0xa0 CMakeFiles/fu_slave1.dir/user/APP/energy_slave.c.obj
 .debug_frame   0x000037b8       0x8c CMakeFiles/fu_slave1.dir/Core/Src/main.c.obj
 .debug_frame   0x00003844       0x34 CMakeFiles/fu_slave1.dir/Core/Src/gpio.c.obj
 .debug_frame   0x00003878       0x74 CMakeFiles/fu_slave1.dir/Core/Src/can.c.obj
 .debug_frame   0x000038ec       0x34 CMakeFiles/fu_slave1.dir/Core/Src/dma.c.obj
 .debug_frame   0x00003920      0x130 CMakeFiles/fu_slave1.dir/Core/Src/tim.c.obj
 .debug_frame   0x00003a50       0x74 CMakeFiles/fu_slave1.dir/Core/Src/usart.c.obj
 .debug_frame   0x00003ac4      0x1e4 CMakeFiles/fu_slave1.dir/Core/Src/stm32f1xx_it.c.obj
 .debug_frame   0x00003ca8       0x38 CMakeFiles/fu_slave1.dir/Core/Src/stm32f1xx_hal_msp.c.obj
 .debug_frame   0x00003ce0       0x20 C:/PROGRA~2/ARMGNU~1/14EFD8~1.2RE/bin/../lib/gcc/arm-none-eabi/14.2.1/thumb/v7-m/nofp\libg_nano.a(libc_a-memset.o)
 .debug_frame   0x00003d00       0x2c C:/PROGRA~2/ARMGNU~1/14EFD8~1.2RE/bin/../lib/gcc/arm-none-eabi/14.2.1/thumb/v7-m/nofp\libg_nano.a(libc_a-init.o)

.debug_line_str
                0x00000000       0xa9
 .debug_line_str
                0x00000000       0xa9 CMakeFiles/fu_slave1.dir/startup_stm32f103xb.s.obj
